I0121 15:03:22.836174 140165176223552 async_checkpointer.py:452] [process=0] Started async saving checkpoint to /autodl-fs/data/fundiff/burgers/diffusion/FAE_use_pde_True/ckpt/57150.
I0121 15:03:22.862942 140038549534272 atomicity.py:137] Creating tmp directory /autodl-fs/data/fundiff/burgers/diffusion/FAE_use_pde_True/ckpt/57150.orbax-checkpoint-tmp
I0121 15:03:22.980461 140036511090240 atomicity.py:137] Creating tmp directory /autodl-fs/data/fundiff/burgers/diffusion/FAE_use_pde_True/ckpt/57150.orbax-checkpoint-tmp/default.orbax-checkpoint-tmp
I0121 15:03:23.010706 140165176223552 jax_array_handlers.py:357] Scheduling D2H of 774 prioritized jax.Array.
I0121 15:03:23.012047 140165176223552 replica_slices.py:424] Transferring arrays to host memory with options: use_replica_parallel=True, min_slice_bytes_for_replica_parallel=None, max_replicas_for_replica_parallel=None, enable_pinned_host_transfer=True
I0121 15:03:23.649120 140165176223552 base_pytree_checkpoint_handler.py:151] [process=0][thread=MainThread] Initiated "orbax.checkpoint._src.serialization.jax_array_handlers.ArrayHandler".serialize. Time taken: 0.641365s
I0121 15:03:23.667288 140165176223552 base_pytree_checkpoint_handler.py:128] [process=0] /jax/checkpoint/write/blocking_gbytes_per_sec: 104.421 MiB/s (total gbytes: 85.5 MiB) (time elapsed: 819 milliseconds) (per-host)
I0121 15:03:23.683684 140165176223552 base_pytree_checkpoint_handler.py:730] [process=0][thread=MainThread] Initiated Pytree async_save. Time taken: 0.835583s (batch_requests_ready=0.101300s, total_serialization_initiated=0.711395s, others=0.022888s)
I0121 15:03:23.690194 140165176223552 composite_checkpoint_handler.py:715] [process=0][thread=MainThread] Initiated CompositeCheckpointHandler.async_save. Time taken: 0.849825s (all_items=0.000035s, per_item={'default': '0.00003457'}, temp_paths=0.849790)
I0121 15:03:23.759439 140042257290816 async_checkpointer.py:79] [process=0][thread=async_save] Background save thread started.
I0121 15:03:23.759875 140165176223552 async_checkpointer.py:561] Finished blocking save. Time taken: 0.924662s. Continuing background save to /autodl-fs/data/fundiff/burgers/diffusion/FAE_use_pde_True/ckpt/57150.
I0121 15:03:23.764194 140165176223552 checkpoint_manager.py:1566] [process=0][thread=MainThread][step=57150] Starting CheckpointManager Save Finalize thread=save_finalize
I0121 15:03:23.765398 140041879799360 async_checkpointer.py:265] [process=0][thread=save_finalize] Waiting for background save thread=async_save.
I0121 15:03:23.767144 140165176223552 standard_logger.py:34] {'step': Array(57150, dtype=int32), 'event_type': 'save', 'directory': '/autodl-fs/data/fundiff/burgers/diffusion/FAE_use_pde_True/ckpt', 'reached_preemption': False, 'preemption_received_at': None, 'synchronous': False, 'wait_for_prev_start_time': 1768979002.8325636, 'wait_for_prev_duration_secs': 0.0005967617034912109, 'time_between_consecutive_saves_sec': 344.3811709880829, 'checkpointer_blocking_start_time': 1768979002.8351536, 'checkpointer_blocking_duration_secs': 0.9286229610443115, 'get_old_steps_start_time': 1768979003.7638464, 'get_old_steps_duration_secs': 0.0001957416534423828, 'checkpoint_manager_blocking_start_time': 1768979002.8316255, 'checkpoint_manager_blocking_duration_secs': 0.9345626831054688}
I0121 15:03:23.778874 140043725809216 array_metadata_store.py:203] [process=0][thread=array_type_handler] Wrote 774 array_metadata.ArrayMetadata to /autodl-fs/data/fundiff/burgers/diffusion/FAE_use_pde_True/ckpt/57150.orbax-checkpoint-tmp/default.orbax-checkpoint-tmp/array_metadatas/process_0
I0121 15:03:25.512063 140042274076224 base_pytree_checkpoint_handler.py:1224] [process=0][thread=write_metadata_after_commits] Commit + Array metadata written. Time taken: 1.833878s (commit=1.691594s, array_metadata_write=0.142283s)
I0121 15:03:25.516320 140042257290816 base_pytree_checkpoint_handler.py:128] [process=0] /jax/checkpoint/write/gbytes_per_sec: 32.057 MiB/s (total gbytes: 85.5 MiB) (time elapsed: 2 seconds) (per-host)
I0121 15:03:25.516827 140042257290816 async_checkpointer.py:90] [process=0][thread=async_save] 3 Handler Commit operations completed. Time taken: 1.753872s.
I0121 15:03:25.531890 140042257290816 array_metadata_store.py:367] [process=0][thread=async_save] Skipped cross-host ArrayMetadata validation because only one process is found: process_index=0.
I0121 15:03:25.600000 140042257290816 base_pytree_checkpoint_handler.py:1348] [process=0][thread=async_save] Pytree save finalize (merge_ocdbt + ArrayMetadata validation) completed. Time taken: 0.079499s. use_zarr3=False, enable_post_merge_validation=True, directory=/autodl-fs/data/fundiff/burgers/diffusion/FAE_use_pde_True/ckpt/57150.orbax-checkpoint-tmp/default.orbax-checkpoint-tmp
I0121 15:03:25.602214 140042257290816 atomicity.py:480] Renaming /autodl-fs/data/fundiff/burgers/diffusion/FAE_use_pde_True/ckpt/57150.orbax-checkpoint-tmp/default.orbax-checkpoint-tmp to /autodl-fs/data/fundiff/burgers/diffusion/FAE_use_pde_True/ckpt/57150.orbax-checkpoint-tmp/default
I0121 15:03:25.608029 140042257290816 atomicity.py:480] Renaming /autodl-fs/data/fundiff/burgers/diffusion/FAE_use_pde_True/ckpt/57150.orbax-checkpoint-tmp to /autodl-fs/data/fundiff/burgers/diffusion/FAE_use_pde_True/ckpt/57150
I0121 15:03:25.648469 140042257290816 atomicity.py:790] [process=0][thread=async_save] Finished saving checkpoint (finalized tmp dir) to `/autodl-fs/data/fundiff/burgers/diffusion/FAE_use_pde_True/ckpt/57150`.
I0121 15:03:25.650315 140042257290816 async_checkpointer.py:420] Finished async_save (blocking + background). Time taken: 2.815116s. directory=/autodl-fs/data/fundiff/burgers/diffusion/FAE_use_pde_True/ckpt/57150
I0121 15:03:25.650837 140042257290816 async_checkpointer.py:144] [process=0][thread=async_save] Background save thread done. Time taken: 1.887873s.
I0121 15:03:25.651645 140041879799360 async_checkpointer.py:273] [process=0][thread=save_finalize] Done with waiting for background save thread=async_save.
I0121 15:03:25.652142 140041879799360 async_checkpointer.py:283] [process=0][thread=save_finalize] No errors found in background save thread=async_save.
I0121 15:03:25.710481 140041879799360 deleter.py:273] Deleted step 56250.
I0121 15:03:25.710842 140041879799360 checkpoint_manager.py:2133] [process=0][thread=save_finalize][step=57150] CheckpointManager Save Finalize is syncing with other hosts...
I0121 15:03:25.711169 140041879799360 checkpoint_manager.py:2142] [process=0][thread=save_finalize][step=57150] CheckpointManager Save Finalize is done on all hosts.
step: 57600,  loss data: 6.189e-04, loss res: 5.657e-04, time: 1.733e+02
step: 58050,  loss data: 1.563e-03, loss res: 4.980e-03, time: 1.729e+02
I0121 15:09:10.010682 140165176223552 checkpoint_manager.py:2013] [process=0][thread=MainThread][wait_until_finished] No Save Finalize thread to wait for. Returning.
I0121 15:09:10.013478 140165176223552 checkpoint_manager.py:1518] [process=0] Saving checkpoint at step 58050
I0121 15:09:10.015584 140165176223552 async_checkpointer.py:452] [process=0] Started async saving checkpoint to /autodl-fs/data/fundiff/burgers/diffusion/FAE_use_pde_True/ckpt/58050.
I0121 15:09:10.042953 140040512443968 atomicity.py:137] Creating tmp directory /autodl-fs/data/fundiff/burgers/diffusion/FAE_use_pde_True/ckpt/58050.orbax-checkpoint-tmp
I0121 15:09:10.141383 140040017536576 atomicity.py:137] Creating tmp directory /autodl-fs/data/fundiff/burgers/diffusion/FAE_use_pde_True/ckpt/58050.orbax-checkpoint-tmp/default.orbax-checkpoint-tmp
I0121 15:09:10.182206 140165176223552 jax_array_handlers.py:357] Scheduling D2H of 774 prioritized jax.Array.
I0121 15:09:10.183105 140165176223552 replica_slices.py:424] Transferring arrays to host memory with options: use_replica_parallel=True, min_slice_bytes_for_replica_parallel=None, max_replicas_for_replica_parallel=None, enable_pinned_host_transfer=True
I0121 15:09:10.764985 140165176223552 base_pytree_checkpoint_handler.py:151] [process=0][thread=MainThread] Initiated "orbax.checkpoint._src.serialization.jax_array_handlers.ArrayHandler".serialize. Time taken: 0.585405s
I0121 15:09:10.819658 140165176223552 base_pytree_checkpoint_handler.py:128] [process=0] /jax/checkpoint/write/blocking_gbytes_per_sec: 108.269 MiB/s (total gbytes: 85.5 MiB) (time elapsed: 789 milliseconds) (per-host)
I0121 15:09:10.866218 140165176223552 base_pytree_checkpoint_handler.py:730] [process=0][thread=MainThread] Initiated Pytree async_save. Time taken: 0.836754s (batch_requests_ready=0.096433s, total_serialization_initiated=0.667079s, others=0.073243s)
I0121 15:09:10.868585 140165176223552 composite_checkpoint_handler.py:715] [process=0][thread=MainThread] Initiated CompositeCheckpointHandler.async_save. Time taken: 0.848780s (all_items=0.000091s, per_item={'default': '0.00009084'}, temp_paths=0.848689)
I0121 15:09:10.876451 140042139842112 async_checkpointer.py:79] [process=0][thread=async_save] Background save thread started.
I0121 15:09:10.877482 140165176223552 async_checkpointer.py:561] Finished blocking save. Time taken: 0.863413s. Continuing background save to /autodl-fs/data/fundiff/burgers/diffusion/FAE_use_pde_True/ckpt/58050.
I0121 15:09:10.879584 140165176223552 checkpoint_manager.py:1566] [process=0][thread=MainThread][step=58050] Starting CheckpointManager Save Finalize thread=save_finalize
I0121 15:09:10.881601 140042173412928 async_checkpointer.py:265] [process=0][thread=save_finalize] Waiting for background save thread=async_save.
I0121 15:09:10.884181 140165176223552 standard_logger.py:34] {'step': Array(58050, dtype=int32), 'event_type': 'save', 'directory': '/autodl-fs/data/fundiff/burgers/diffusion/FAE_use_pde_True/ckpt', 'reached_preemption': False, 'preemption_received_at': None, 'synchronous': False, 'wait_for_prev_start_time': 1768979350.0104256, 'wait_for_prev_duration_secs': 0.0010390281677246094, 'time_between_consecutive_saves_sec': 344.2990460395813, 'checkpointer_blocking_start_time': 1768979350.0139892, 'checkpointer_blocking_duration_secs': 0.8650815486907959, 'get_old_steps_start_time': 1768979350.8791487, 'get_old_steps_duration_secs': 0.00029158592224121094, 'checkpoint_manager_blocking_start_time': 1768979350.00867, 'checkpoint_manager_blocking_duration_secs': 0.8738629817962646}
I0121 15:09:10.893418 140043725809216 array_metadata_store.py:203] [process=0][thread=array_type_handler] Wrote 774 array_metadata.ArrayMetadata to /autodl-fs/data/fundiff/burgers/diffusion/FAE_use_pde_True/ckpt/58050.orbax-checkpoint-tmp/default.orbax-checkpoint-tmp/array_metadatas/process_0
I0121 15:09:12.475944 140042274076224 base_pytree_checkpoint_handler.py:1224] [process=0][thread=write_metadata_after_commits] Commit + Array metadata written. Time taken: 1.676815s (commit=1.533272s, array_metadata_write=0.143543s)
I0121 15:09:12.480068 140042139842112 base_pytree_checkpoint_handler.py:128] [process=0] /jax/checkpoint/write/gbytes_per_sec: 34.903 MiB/s (total gbytes: 85.5 MiB) (time elapsed: 2 seconds) (per-host)
I0121 15:09:12.480588 140042139842112 async_checkpointer.py:90] [process=0][thread=async_save] 3 Handler Commit operations completed. Time taken: 1.602832s.
I0121 15:09:12.498363 140042139842112 array_metadata_store.py:367] [process=0][thread=async_save] Skipped cross-host ArrayMetadata validation because only one process is found: process_index=0.
I0121 15:09:12.580605 140042139842112 base_pytree_checkpoint_handler.py:1348] [process=0][thread=async_save] Pytree save finalize (merge_ocdbt + ArrayMetadata validation) completed. Time taken: 0.096991s. use_zarr3=False, enable_post_merge_validation=True, directory=/autodl-fs/data/fundiff/burgers/diffusion/FAE_use_pde_True/ckpt/58050.orbax-checkpoint-tmp/default.orbax-checkpoint-tmp
I0121 15:09:12.583257 140042139842112 atomicity.py:480] Renaming /autodl-fs/data/fundiff/burgers/diffusion/FAE_use_pde_True/ckpt/58050.orbax-checkpoint-tmp/default.orbax-checkpoint-tmp to /autodl-fs/data/fundiff/burgers/diffusion/FAE_use_pde_True/ckpt/58050.orbax-checkpoint-tmp/default
I0121 15:09:12.588169 140042139842112 atomicity.py:480] Renaming /autodl-fs/data/fundiff/burgers/diffusion/FAE_use_pde_True/ckpt/58050.orbax-checkpoint-tmp to /autodl-fs/data/fundiff/burgers/diffusion/FAE_use_pde_True/ckpt/58050
I0121 15:09:12.602192 140042139842112 atomicity.py:790] [process=0][thread=async_save] Finished saving checkpoint (finalized tmp dir) to `/autodl-fs/data/fundiff/burgers/diffusion/FAE_use_pde_True/ckpt/58050`.
I0121 15:09:12.604245 140042139842112 async_checkpointer.py:420] Finished async_save (blocking + background). Time taken: 2.590183s. directory=/autodl-fs/data/fundiff/burgers/diffusion/FAE_use_pde_True/ckpt/58050
I0121 15:09:12.605114 140042139842112 async_checkpointer.py:144] [process=0][thread=async_save] Background save thread done. Time taken: 1.727350s.
I0121 15:09:12.607006 140042173412928 async_checkpointer.py:273] [process=0][thread=save_finalize] Done with waiting for background save thread=async_save.
I0121 15:09:12.607629 140042173412928 async_checkpointer.py:283] [process=0][thread=save_finalize] No errors found in background save thread=async_save.
I0121 15:09:12.650483 140042173412928 deleter.py:273] Deleted step 57150.
I0121 15:09:12.651043 140042173412928 checkpoint_manager.py:2133] [process=0][thread=save_finalize][step=58050] CheckpointManager Save Finalize is syncing with other hosts...
I0121 15:09:12.651784 140042173412928 checkpoint_manager.py:2142] [process=0][thread=save_finalize][step=58050] CheckpointManager Save Finalize is done on all hosts.
step: 58500,  loss data: 6.505e-04, loss res: 9.530e-04, time: 1.734e+02
Epoch 130, getting batches from DataLoader...
step: 58950,  loss data: 9.525e-04, loss res: 8.031e-04, time: 1.732e+02
I0121 15:14:57.494786 140165176223552 checkpoint_manager.py:2013] [process=0][thread=MainThread][wait_until_finished] No Save Finalize thread to wait for. Returning.
I0121 15:14:57.496872 140165176223552 checkpoint_manager.py:1518] [process=0] Saving checkpoint at step 58950
I0121 15:14:57.498391 140165176223552 async_checkpointer.py:452] [process=0] Started async saving checkpoint to /autodl-fs/data/fundiff/burgers/diffusion/FAE_use_pde_True/ckpt/58950.
I0121 15:14:57.524116 140039975573056 atomicity.py:137] Creating tmp directory /autodl-fs/data/fundiff/burgers/diffusion/FAE_use_pde_True/ckpt/58950.orbax-checkpoint-tmp
I0121 15:14:57.633871 140040529229376 atomicity.py:137] Creating tmp directory /autodl-fs/data/fundiff/burgers/diffusion/FAE_use_pde_True/ckpt/58950.orbax-checkpoint-tmp/default.orbax-checkpoint-tmp
I0121 15:14:57.672344 140165176223552 jax_array_handlers.py:357] Scheduling D2H of 774 prioritized jax.Array.
I0121 15:14:57.672966 140165176223552 replica_slices.py:424] Transferring arrays to host memory with options: use_replica_parallel=True, min_slice_bytes_for_replica_parallel=None, max_replicas_for_replica_parallel=None, enable_pinned_host_transfer=True
I0121 15:14:58.218884 140165176223552 base_pytree_checkpoint_handler.py:151] [process=0][thread=MainThread] Initiated "orbax.checkpoint._src.serialization.jax_array_handlers.ArrayHandler".serialize. Time taken: 0.549129s
I0121 15:14:58.247554 140165176223552 base_pytree_checkpoint_handler.py:128] [process=0] /jax/checkpoint/write/blocking_gbytes_per_sec: 116.459 MiB/s (total gbytes: 85.5 MiB) (time elapsed: 734 milliseconds) (per-host)
I0121 15:14:58.253314 140165176223552 base_pytree_checkpoint_handler.py:730] [process=0][thread=MainThread] Initiated Pytree async_save. Time taken: 0.740298s (batch_requests_ready=0.104296s, total_serialization_initiated=0.602997s, others=0.033004s)
I0121 15:14:58.314738 140165176223552 composite_checkpoint_handler.py:715] [process=0][thread=MainThread] Initiated CompositeCheckpointHandler.async_save. Time taken: 0.809150s (all_items=0.000037s, per_item={'default': '0.00003695'}, temp_paths=0.809113)
I0121 15:14:58.319016 140042139842112 async_checkpointer.py:79] [process=0][thread=async_save] Background save thread started.
I0121 15:14:58.319811 140165176223552 async_checkpointer.py:561] Finished blocking save. Time taken: 0.822422s. Continuing background save to /autodl-fs/data/fundiff/burgers/diffusion/FAE_use_pde_True/ckpt/58950.
I0121 15:14:58.321803 140165176223552 checkpoint_manager.py:1566] [process=0][thread=MainThread][step=58950] Starting CheckpointManager Save Finalize thread=save_finalize
I0121 15:14:58.323091 140042257290816 async_checkpointer.py:265] [process=0][thread=save_finalize] Waiting for background save thread=async_save.
I0121 15:14:58.326611 140165176223552 standard_logger.py:34] {'step': Array(58950, dtype=int32), 'event_type': 'save', 'directory': '/autodl-fs/data/fundiff/burgers/diffusion/FAE_use_pde_True/ckpt', 'reached_preemption': False, 'preemption_received_at': None, 'synchronous': False, 'wait_for_prev_start_time': 1768979697.494664, 'wait_for_prev_duration_secs': 0.0006036758422851562, 'time_between_consecutive_saves_sec': 344.84234380722046, 'checkpointer_blocking_start_time': 1768979697.4973326, 'checkpointer_blocking_duration_secs': 0.8240542411804199, 'get_old_steps_start_time': 1768979698.3214543, 'get_old_steps_duration_secs': 0.0002014636993408203, 'checkpoint_manager_blocking_start_time': 1768979697.493591, 'checkpoint_manager_blocking_duration_secs': 0.8313753604888916}
I0121 15:15:00.319805 140043725809216 array_metadata_store.py:203] [process=0][thread=array_type_handler] Wrote 774 array_metadata.ArrayMetadata to /autodl-fs/data/fundiff/burgers/diffusion/FAE_use_pde_True/ckpt/58950.orbax-checkpoint-tmp/default.orbax-checkpoint-tmp/array_metadatas/process_0
I0121 15:15:13.605132 140042274076224 base_pytree_checkpoint_handler.py:1224] [process=0][thread=write_metadata_after_commits] Commit + Array metadata written. Time taken: 15.373761s (commit=15.081588s, array_metadata_write=0.292172s)
I0121 15:15:13.609492 140042139842112 base_pytree_checkpoint_handler.py:128] [process=0] /jax/checkpoint/write/gbytes_per_sec: 5.314 MiB/s (total gbytes: 85.5 MiB) (time elapsed: 16 seconds) (per-host)
I0121 15:15:13.609997 140042139842112 async_checkpointer.py:90] [process=0][thread=async_save] 3 Handler Commit operations completed. Time taken: 15.289617s.
I0121 15:15:13.634697 140042139842112 array_metadata_store.py:367] [process=0][thread=async_save] Skipped cross-host ArrayMetadata validation because only one process is found: process_index=0.
I0121 15:15:15.159280 140042139842112 base_pytree_checkpoint_handler.py:1348] [process=0][thread=async_save] Pytree save finalize (merge_ocdbt + ArrayMetadata validation) completed. Time taken: 1.542219s. use_zarr3=False, enable_post_merge_validation=True, directory=/autodl-fs/data/fundiff/burgers/diffusion/FAE_use_pde_True/ckpt/58950.orbax-checkpoint-tmp/default.orbax-checkpoint-tmp
I0121 15:15:15.161951 140042139842112 atomicity.py:480] Renaming /autodl-fs/data/fundiff/burgers/diffusion/FAE_use_pde_True/ckpt/58950.orbax-checkpoint-tmp/default.orbax-checkpoint-tmp to /autodl-fs/data/fundiff/burgers/diffusion/FAE_use_pde_True/ckpt/58950.orbax-checkpoint-tmp/default
I0121 15:15:15.169099 140042139842112 atomicity.py:480] Renaming /autodl-fs/data/fundiff/burgers/diffusion/FAE_use_pde_True/ckpt/58950.orbax-checkpoint-tmp to /autodl-fs/data/fundiff/burgers/diffusion/FAE_use_pde_True/ckpt/58950
I0121 15:15:16.259677 140042139842112 atomicity.py:790] [process=0][thread=async_save] Finished saving checkpoint (finalized tmp dir) to `/autodl-fs/data/fundiff/burgers/diffusion/FAE_use_pde_True/ckpt/58950`.
I0121 15:15:16.261740 140042139842112 async_checkpointer.py:420] Finished async_save (blocking + background). Time taken: 18.764360s. directory=/autodl-fs/data/fundiff/burgers/diffusion/FAE_use_pde_True/ckpt/58950
I0121 15:15:16.262351 140042139842112 async_checkpointer.py:144] [process=0][thread=async_save] Background save thread done. Time taken: 17.941962s.
I0121 15:15:16.263314 140042257290816 async_checkpointer.py:273] [process=0][thread=save_finalize] Done with waiting for background save thread=async_save.
I0121 15:15:16.263790 140042257290816 async_checkpointer.py:283] [process=0][thread=save_finalize] No errors found in background save thread=async_save.
I0121 15:15:16.327793 140042257290816 deleter.py:273] Deleted step 58050.
I0121 15:15:16.328337 140042257290816 checkpoint_manager.py:2133] [process=0][thread=save_finalize][step=58950] CheckpointManager Save Finalize is syncing with other hosts...
I0121 15:15:16.328924 140042257290816 checkpoint_manager.py:2142] [process=0][thread=save_finalize][step=58950] CheckpointManager Save Finalize is done on all hosts.
step: 59400,  loss data: 9.173e-04, loss res: 8.075e-04, time: 1.720e+02
step: 59850,  loss data: 6.065e-04, loss res: 5.066e-04, time: 1.729e+02
I0121 15:20:43.244622 140165176223552 checkpoint_manager.py:2013] [process=0][thread=MainThread][wait_until_finished] No Save Finalize thread to wait for. Returning.
I0121 15:20:43.246744 140165176223552 checkpoint_manager.py:1518] [process=0] Saving checkpoint at step 59850
I0121 15:20:43.248218 140165176223552 async_checkpointer.py:452] [process=0] Started async saving checkpoint to /autodl-fs/data/fundiff/burgers/diffusion/FAE_use_pde_True/ckpt/59850.
I0121 15:20:43.290132 140039992358464 atomicity.py:137] Creating tmp directory /autodl-fs/data/fundiff/burgers/diffusion/FAE_use_pde_True/ckpt/59850.orbax-checkpoint-tmp
I0121 15:20:43.371593 140041871406656 atomicity.py:137] Creating tmp directory /autodl-fs/data/fundiff/burgers/diffusion/FAE_use_pde_True/ckpt/59850.orbax-checkpoint-tmp/default.orbax-checkpoint-tmp
I0121 15:20:43.412773 140165176223552 jax_array_handlers.py:357] Scheduling D2H of 774 prioritized jax.Array.
I0121 15:20:43.414488 140165176223552 replica_slices.py:424] Transferring arrays to host memory with options: use_replica_parallel=True, min_slice_bytes_for_replica_parallel=None, max_replicas_for_replica_parallel=None, enable_pinned_host_transfer=True
I0121 15:20:44.125817 140165176223552 base_pytree_checkpoint_handler.py:151] [process=0][thread=MainThread] Initiated "orbax.checkpoint._src.serialization.jax_array_handlers.ArrayHandler".serialize. Time taken: 0.715543s
I0121 15:20:44.128165 140165176223552 base_pytree_checkpoint_handler.py:128] [process=0] /jax/checkpoint/write/blocking_gbytes_per_sec: 98.535 MiB/s (total gbytes: 85.5 MiB) (time elapsed: 868 milliseconds) (per-host)
I0121 15:20:44.129825 140165176223552 base_pytree_checkpoint_handler.py:730] [process=0][thread=MainThread] Initiated Pytree async_save. Time taken: 0.869797s (batch_requests_ready=0.096157s, total_serialization_initiated=0.770905s, others=0.002735s)
I0121 15:20:44.146384 140165176223552 composite_checkpoint_handler.py:715] [process=0][thread=MainThread] Initiated CompositeCheckpointHandler.async_save. Time taken: 0.894158s (all_items=0.000036s, per_item={'default': '0.00003624'}, temp_paths=0.894122)
I0121 15:20:44.230897 140041879799360 async_checkpointer.py:79] [process=0][thread=async_save] Background save thread started.
I0121 15:20:44.231849 140165176223552 async_checkpointer.py:561] Finished blocking save. Time taken: 0.984583s. Continuing background save to /autodl-fs/data/fundiff/burgers/diffusion/FAE_use_pde_True/ckpt/59850.
I0121 15:20:44.238077 140165176223552 checkpoint_manager.py:1566] [process=0][thread=MainThread][step=59850] Starting CheckpointManager Save Finalize thread=save_finalize
I0121 15:20:44.239119 140040546014784 async_checkpointer.py:265] [process=0][thread=save_finalize] Waiting for background save thread=async_save.
I0121 15:20:44.241867 140165176223552 standard_logger.py:34] {'step': Array(59850, dtype=int32), 'event_type': 'save', 'directory': '/autodl-fs/data/fundiff/burgers/diffusion/FAE_use_pde_True/ckpt', 'reached_preemption': False, 'preemption_received_at': None, 'synchronous': False, 'wait_for_prev_start_time': 1768980043.2445157, 'wait_for_prev_duration_secs': 0.0006124973297119141, 'time_between_consecutive_saves_sec': 326.9150900840759, 'checkpointer_blocking_start_time': 1768980043.2472095, 'checkpointer_blocking_duration_secs': 0.9904675483703613, 'get_old_steps_start_time': 1768980044.2377436, 'get_old_steps_duration_secs': 0.00019407272338867188, 'checkpoint_manager_blocking_start_time': 1768980043.2435749, 'checkpoint_manager_blocking_duration_secs': 0.9970364570617676}
I0121 15:20:44.255620 140043725809216 array_metadata_store.py:203] [process=0][thread=array_type_handler] Wrote 774 array_metadata.ArrayMetadata to /autodl-fs/data/fundiff/burgers/diffusion/FAE_use_pde_True/ckpt/59850.orbax-checkpoint-tmp/default.orbax-checkpoint-tmp/array_metadatas/process_0
I0121 15:20:45.857042 140042274076224 base_pytree_checkpoint_handler.py:1224] [process=0][thread=write_metadata_after_commits] Commit + Array metadata written. Time taken: 1.728458s (commit=1.527678s, array_metadata_write=0.200781s)
I0121 15:20:45.860107 140041879799360 base_pytree_checkpoint_handler.py:128] [process=0] /jax/checkpoint/write/gbytes_per_sec: 32.896 MiB/s (total gbytes: 85.5 MiB) (time elapsed: 2 seconds) (per-host)
I0121 15:20:45.860505 140041879799360 async_checkpointer.py:90] [process=0][thread=async_save] 3 Handler Commit operations completed. Time taken: 1.627556s.
I0121 15:20:45.874416 140041879799360 array_metadata_store.py:367] [process=0][thread=async_save] Skipped cross-host ArrayMetadata validation because only one process is found: process_index=0.
I0121 15:20:46.094676 140041879799360 base_pytree_checkpoint_handler.py:1348] [process=0][thread=async_save] Pytree save finalize (merge_ocdbt + ArrayMetadata validation) completed. Time taken: 0.230915s. use_zarr3=False, enable_post_merge_validation=True, directory=/autodl-fs/data/fundiff/burgers/diffusion/FAE_use_pde_True/ckpt/59850.orbax-checkpoint-tmp/default.orbax-checkpoint-tmp
I0121 15:20:46.096886 140041879799360 atomicity.py:480] Renaming /autodl-fs/data/fundiff/burgers/diffusion/FAE_use_pde_True/ckpt/59850.orbax-checkpoint-tmp/default.orbax-checkpoint-tmp to /autodl-fs/data/fundiff/burgers/diffusion/FAE_use_pde_True/ckpt/59850.orbax-checkpoint-tmp/default
I0121 15:20:46.101506 140041879799360 atomicity.py:480] Renaming /autodl-fs/data/fundiff/burgers/diffusion/FAE_use_pde_True/ckpt/59850.orbax-checkpoint-tmp to /autodl-fs/data/fundiff/burgers/diffusion/FAE_use_pde_True/ckpt/59850
I0121 15:20:46.163202 140045092648512 checkpoint.py:188] Wrote Metadata={'item_handlers': {'default': 'orbax.checkpoint._src.handlers.standard_checkpoint_handler.StandardCheckpointHandler'}, 'metrics': {}, 'performance_metrics': {}, 'init_timestamp_nsecs': 1768980043339044564, 'commit_timestamp_nsecs': 1768980046103205980, 'custom_metadata': {}}, json={"item_handlers": {"default": "orbax.checkpoint._src.handlers.standard_checkpoint_handler.StandardCheckpointHandler"}, "metrics": {}, "performance_metrics": {}, "init_timestamp_nsecs": 1768980043339044564, "commit_timestamp_nsecs": 1768980046103205980, "custom_metadata": {}} to /autodl-fs/data/fundiff/burgers/diffusion/FAE_use_pde_True/ckpt/59850.orbax-checkpoint-tmp/_CHECKPOINT_METADATA
I0121 15:20:46.167394 140041879799360 atomicity.py:790] [process=0][thread=async_save] Finished saving checkpoint (finalized tmp dir) to `/autodl-fs/data/fundiff/burgers/diffusion/FAE_use_pde_True/ckpt/59850`.
I0121 15:20:46.169248 140041879799360 async_checkpointer.py:420] Finished async_save (blocking + background). Time taken: 2.921992s. directory=/autodl-fs/data/fundiff/burgers/diffusion/FAE_use_pde_True/ckpt/59850
I0121 15:20:46.169786 140041879799360 async_checkpointer.py:144] [process=0][thread=async_save] Background save thread done. Time taken: 1.936829s.
I0121 15:20:46.170519 140040546014784 async_checkpointer.py:273] [process=0][thread=save_finalize] Done with waiting for background save thread=async_save.
I0121 15:20:46.171227 140040546014784 async_checkpointer.py:283] [process=0][thread=save_finalize] No errors found in background save thread=async_save.
I0121 15:20:46.206912 140040546014784 deleter.py:273] Deleted step 58950.
I0121 15:20:46.207269 140040546014784 checkpoint_manager.py:2133] [process=0][thread=save_finalize][step=59850] CheckpointManager Save Finalize is syncing with other hosts...
I0121 15:20:46.207591 140040546014784 checkpoint_manager.py:2142] [process=0][thread=save_finalize][step=59850] CheckpointManager Save Finalize is done on all hosts.
step: 60300,  loss data: 7.993e-04, loss res: 7.121e-04, time: 1.733e+02
step: 60750,  loss data: 7.279e-04, loss res: 1.374e-03, time: 1.730e+02
I0121 15:26:30.614984 140165176223552 checkpoint_manager.py:2013] [process=0][thread=MainThread][wait_until_finished] No Save Finalize thread to wait for. Returning.
I0121 15:26:30.617122 140165176223552 checkpoint_manager.py:1518] [process=0] Saving checkpoint at step 60750
I0121 15:26:30.618562 140165176223552 async_checkpointer.py:452] [process=0] Started async saving checkpoint to /autodl-fs/data/fundiff/burgers/diffusion/FAE_use_pde_True/ckpt/60750.
I0121 15:26:30.658822 140039036048960 atomicity.py:137] Creating tmp directory /autodl-fs/data/fundiff/burgers/diffusion/FAE_use_pde_True/ckpt/60750.orbax-checkpoint-tmp
I0121 15:26:30.780047 140165176223552 jax_array_handlers.py:357] Scheduling D2H of 774 prioritized jax.Array.
I0121 15:26:30.780272 140042156627520 atomicity.py:137] Creating tmp directory /autodl-fs/data/fundiff/burgers/diffusion/FAE_use_pde_True/ckpt/60750.orbax-checkpoint-tmp/default.orbax-checkpoint-tmp
I0121 15:26:30.780874 140165176223552 replica_slices.py:424] Transferring arrays to host memory with options: use_replica_parallel=True, min_slice_bytes_for_replica_parallel=None, max_replicas_for_replica_parallel=None, enable_pinned_host_transfer=True
I0121 15:26:31.399958 140165176223552 base_pytree_checkpoint_handler.py:151] [process=0][thread=MainThread] Initiated "orbax.checkpoint._src.serialization.jax_array_handlers.ArrayHandler".serialize. Time taken: 0.622747s
I0121 15:26:31.424640 140165176223552 base_pytree_checkpoint_handler.py:128] [process=0] /jax/checkpoint/write/blocking_gbytes_per_sec: 107.401 MiB/s (total gbytes: 85.5 MiB) (time elapsed: 796 milliseconds) (per-host)
I0121 15:26:31.447119 140165176223552 base_pytree_checkpoint_handler.py:730] [process=0][thread=MainThread] Initiated Pytree async_save. Time taken: 0.818948s (batch_requests_ready=0.097889s, total_serialization_initiated=0.681084s, others=0.039975s)
I0121 15:26:31.498203 140165176223552 composite_checkpoint_handler.py:715] [process=0][thread=MainThread] Initiated CompositeCheckpointHandler.async_save. Time taken: 0.876801s (all_items=0.000034s, per_item={'default': '0.00003433'}, temp_paths=0.876767)
I0121 15:26:31.508337 140042257290816 async_checkpointer.py:79] [process=0][thread=async_save] Background save thread started.
I0121 15:26:31.508633 140165176223552 async_checkpointer.py:561] Finished blocking save. Time taken: 0.891024s. Continuing background save to /autodl-fs/data/fundiff/burgers/diffusion/FAE_use_pde_True/ckpt/60750.
I0121 15:26:31.511538 140165176223552 checkpoint_manager.py:1566] [process=0][thread=MainThread][step=60750] Starting CheckpointManager Save Finalize thread=save_finalize
I0121 15:26:31.513881 140041871406656 async_checkpointer.py:265] [process=0][thread=save_finalize] Waiting for background save thread=async_save.
I0121 15:26:31.516707 140165176223552 standard_logger.py:34] {'step': Array(60750, dtype=int32), 'event_type': 'save', 'directory': '/autodl-fs/data/fundiff/burgers/diffusion/FAE_use_pde_True/ckpt', 'reached_preemption': False, 'preemption_received_at': None, 'synchronous': False, 'wait_for_prev_start_time': 1768980390.6148658, 'wait_for_prev_duration_secs': 0.0005941390991210938, 'time_between_consecutive_saves_sec': 344.4070670604706, 'checkpointer_blocking_start_time': 1768980390.6175513, 'checkpointer_blocking_duration_secs': 0.893563985824585, 'get_old_steps_start_time': 1768980391.5111876, 'get_old_steps_duration_secs': 0.00019288063049316406, 'checkpoint_manager_blocking_start_time': 1768980390.6139708, 'checkpoint_manager_blocking_duration_secs': 0.9008626937866211}
I0121 15:26:31.530189 140043725809216 array_metadata_store.py:203] [process=0][thread=array_type_handler] Wrote 774 array_metadata.ArrayMetadata to /autodl-fs/data/fundiff/burgers/diffusion/FAE_use_pde_True/ckpt/60750.orbax-checkpoint-tmp/default.orbax-checkpoint-tmp/array_metadatas/process_0
I0121 15:26:35.068179 140042274076224 base_pytree_checkpoint_handler.py:1224] [process=0][thread=write_metadata_after_commits] Commit + Array metadata written. Time taken: 3.637671s (commit=3.491025s, array_metadata_write=0.146647s)
I0121 15:26:35.072154 140042257290816 base_pytree_checkpoint_handler.py:128] [process=0] /jax/checkpoint/write/gbytes_per_sec: 19.247 MiB/s (total gbytes: 85.5 MiB) (time elapsed: 4 seconds) (per-host)
I0121 15:26:35.072655 140042257290816 async_checkpointer.py:90] [process=0][thread=async_save] 3 Handler Commit operations completed. Time taken: 3.563418s.
I0121 15:26:35.084172 140042257290816 array_metadata_store.py:367] [process=0][thread=async_save] Skipped cross-host ArrayMetadata validation because only one process is found: process_index=0.
I0121 15:26:35.135869 140042257290816 base_pytree_checkpoint_handler.py:1348] [process=0][thread=async_save] Pytree save finalize (merge_ocdbt + ArrayMetadata validation) completed. Time taken: 0.060598s. use_zarr3=False, enable_post_merge_validation=True, directory=/autodl-fs/data/fundiff/burgers/diffusion/FAE_use_pde_True/ckpt/60750.orbax-checkpoint-tmp/default.orbax-checkpoint-tmp
I0121 15:26:35.137960 140042257290816 atomicity.py:480] Renaming /autodl-fs/data/fundiff/burgers/diffusion/FAE_use_pde_True/ckpt/60750.orbax-checkpoint-tmp/default.orbax-checkpoint-tmp to /autodl-fs/data/fundiff/burgers/diffusion/FAE_use_pde_True/ckpt/60750.orbax-checkpoint-tmp/default
I0121 15:26:35.141389 140042257290816 atomicity.py:480] Renaming /autodl-fs/data/fundiff/burgers/diffusion/FAE_use_pde_True/ckpt/60750.orbax-checkpoint-tmp to /autodl-fs/data/fundiff/burgers/diffusion/FAE_use_pde_True/ckpt/60750
I0121 15:26:35.220789 140042257290816 atomicity.py:790] [process=0][thread=async_save] Finished saving checkpoint (finalized tmp dir) to `/autodl-fs/data/fundiff/burgers/diffusion/FAE_use_pde_True/ckpt/60750`.
I0121 15:26:35.222378 140042257290816 async_checkpointer.py:420] Finished async_save (blocking + background). Time taken: 4.604787s. directory=/autodl-fs/data/fundiff/burgers/diffusion/FAE_use_pde_True/ckpt/60750
I0121 15:26:35.222846 140042257290816 async_checkpointer.py:144] [process=0][thread=async_save] Background save thread done. Time taken: 3.713603s.
I0121 15:26:35.223613 140041871406656 async_checkpointer.py:273] [process=0][thread=save_finalize] Done with waiting for background save thread=async_save.
I0121 15:26:35.224049 140041871406656 async_checkpointer.py:283] [process=0][thread=save_finalize] No errors found in background save thread=async_save.
I0121 15:26:35.263161 140041871406656 deleter.py:273] Deleted step 59850.
I0121 15:26:35.263760 140041871406656 checkpoint_manager.py:2133] [process=0][thread=save_finalize][step=60750] CheckpointManager Save Finalize is syncing with other hosts...
I0121 15:26:35.264418 140041871406656 checkpoint_manager.py:2142] [process=0][thread=save_finalize][step=60750] CheckpointManager Save Finalize is done on all hosts.
step: 61200,  loss data: 7.348e-04, loss res: 5.955e-04, time: 1.725e+02
step: 61650,  loss data: 7.849e-04, loss res: 1.722e-03, time: 1.719e+02
I0121 15:32:15.895800 140165176223552 checkpoint_manager.py:2013] [process=0][thread=MainThread][wait_until_finished] No Save Finalize thread to wait for. Returning.
I0121 15:32:15.898774 140165176223552 checkpoint_manager.py:1518] [process=0] Saving checkpoint at step 61650
I0121 15:32:15.900836 140165176223552 async_checkpointer.py:452] [process=0] Started async saving checkpoint to /autodl-fs/data/fundiff/burgers/diffusion/FAE_use_pde_True/ckpt/61650.
I0121 15:32:15.917227 140040009143872 atomicity.py:137] Creating tmp directory /autodl-fs/data/fundiff/burgers/diffusion/FAE_use_pde_True/ckpt/61650.orbax-checkpoint-tmp
I0121 15:32:16.033586 140038532748864 atomicity.py:137] Creating tmp directory /autodl-fs/data/fundiff/burgers/diffusion/FAE_use_pde_True/ckpt/61650.orbax-checkpoint-tmp/default.orbax-checkpoint-tmp
I0121 15:32:16.071735 140165176223552 jax_array_handlers.py:357] Scheduling D2H of 774 prioritized jax.Array.
I0121 15:32:16.072562 140165176223552 replica_slices.py:424] Transferring arrays to host memory with options: use_replica_parallel=True, min_slice_bytes_for_replica_parallel=None, max_replicas_for_replica_parallel=None, enable_pinned_host_transfer=True
I0121 15:32:16.661015 140165176223552 base_pytree_checkpoint_handler.py:151] [process=0][thread=MainThread] Initiated "orbax.checkpoint._src.serialization.jax_array_handlers.ArrayHandler".serialize. Time taken: 0.592973s
I0121 15:32:16.673258 140165176223552 base_pytree_checkpoint_handler.py:128] [process=0] /jax/checkpoint/write/blocking_gbytes_per_sec: 112.664 MiB/s (total gbytes: 85.5 MiB) (time elapsed: 759 milliseconds) (per-host)
I0121 15:32:16.684967 140165176223552 base_pytree_checkpoint_handler.py:730] [process=0][thread=MainThread] Initiated Pytree async_save. Time taken: 0.771076s (batch_requests_ready=0.099075s, total_serialization_initiated=0.653952s, others=0.018049s)
I0121 15:32:16.702316 140165176223552 composite_checkpoint_handler.py:715] [process=0][thread=MainThread] Initiated CompositeCheckpointHandler.async_save. Time taken: 0.797357s (all_items=0.000091s, per_item={'default': '0.00009131'}, temp_paths=0.797266)
I0121 15:32:16.760434 140042139842112 async_checkpointer.py:79] [process=0][thread=async_save] Background save thread started.
I0121 15:32:16.761569 140165176223552 async_checkpointer.py:561] Finished blocking save. Time taken: 0.862219s. Continuing background save to /autodl-fs/data/fundiff/burgers/diffusion/FAE_use_pde_True/ckpt/61650.
I0121 15:32:16.768527 140165176223552 checkpoint_manager.py:1566] [process=0][thread=MainThread][step=61650] Starting CheckpointManager Save Finalize thread=save_finalize
I0121 15:32:16.769673 140042131449408 async_checkpointer.py:265] [process=0][thread=save_finalize] Waiting for background save thread=async_save.
I0121 15:32:16.772961 140165176223552 standard_logger.py:34] {'step': Array(61650, dtype=int32), 'event_type': 'save', 'directory': '/autodl-fs/data/fundiff/burgers/diffusion/FAE_use_pde_True/ckpt', 'reached_preemption': False, 'preemption_received_at': None, 'synchronous': False, 'wait_for_prev_start_time': 1768980735.895542, 'wait_for_prev_duration_secs': 0.001066446304321289, 'time_between_consecutive_saves_sec': 340.6306221485138, 'checkpointer_blocking_start_time': 1768980735.8992653, 'checkpointer_blocking_duration_secs': 0.8687608242034912, 'get_old_steps_start_time': 1768980736.7680964, 'get_old_steps_duration_secs': 0.00028061866760253906, 'checkpoint_manager_blocking_start_time': 1768980735.8938947, 'checkpoint_manager_blocking_duration_secs': 0.8775310516357422}
I0121 15:32:16.813645 140043725809216 array_metadata_store.py:203] [process=0][thread=array_type_handler] Wrote 774 array_metadata.ArrayMetadata to /autodl-fs/data/fundiff/burgers/diffusion/FAE_use_pde_True/ckpt/61650.orbax-checkpoint-tmp/default.orbax-checkpoint-tmp/array_metadatas/process_0
I0121 15:32:19.804873 140042274076224 base_pytree_checkpoint_handler.py:1224] [process=0][thread=write_metadata_after_commits] Commit + Array metadata written. Time taken: 3.125803s (commit=2.987245s, array_metadata_write=0.138558s)
I0121 15:32:19.808207 140042139842112 base_pytree_checkpoint_handler.py:128] [process=0] /jax/checkpoint/write/gbytes_per_sec: 21.963 MiB/s (total gbytes: 85.5 MiB) (time elapsed: 3 seconds) (per-host)
I0121 15:32:19.808586 140042139842112 async_checkpointer.py:90] [process=0][thread=async_save] 3 Handler Commit operations completed. Time taken: 3.046823s.
I0121 15:32:19.822585 140042139842112 array_metadata_store.py:367] [process=0][thread=async_save] Skipped cross-host ArrayMetadata validation because only one process is found: process_index=0.
I0121 15:32:19.935051 140042139842112 base_pytree_checkpoint_handler.py:1348] [process=0][thread=async_save] Pytree save finalize (merge_ocdbt + ArrayMetadata validation) completed. Time taken: 0.123487s. use_zarr3=False, enable_post_merge_validation=True, directory=/autodl-fs/data/fundiff/burgers/diffusion/FAE_use_pde_True/ckpt/61650.orbax-checkpoint-tmp/default.orbax-checkpoint-tmp
I0121 15:32:19.937184 140042139842112 atomicity.py:480] Renaming /autodl-fs/data/fundiff/burgers/diffusion/FAE_use_pde_True/ckpt/61650.orbax-checkpoint-tmp/default.orbax-checkpoint-tmp to /autodl-fs/data/fundiff/burgers/diffusion/FAE_use_pde_True/ckpt/61650.orbax-checkpoint-tmp/default
I0121 15:32:19.941941 140042139842112 atomicity.py:480] Renaming /autodl-fs/data/fundiff/burgers/diffusion/FAE_use_pde_True/ckpt/61650.orbax-checkpoint-tmp to /autodl-fs/data/fundiff/burgers/diffusion/FAE_use_pde_True/ckpt/61650
I0121 15:32:19.966955 140042139842112 atomicity.py:790] [process=0][thread=async_save] Finished saving checkpoint (finalized tmp dir) to `/autodl-fs/data/fundiff/burgers/diffusion/FAE_use_pde_True/ckpt/61650`.
I0121 15:32:19.968282 140042139842112 async_checkpointer.py:420] Finished async_save (blocking + background). Time taken: 4.068961s. directory=/autodl-fs/data/fundiff/burgers/diffusion/FAE_use_pde_True/ckpt/61650
I0121 15:32:19.968574 140042139842112 async_checkpointer.py:144] [process=0][thread=async_save] Background save thread done. Time taken: 3.206813s.
I0121 15:32:19.969067 140042131449408 async_checkpointer.py:273] [process=0][thread=save_finalize] Done with waiting for background save thread=async_save.
I0121 15:32:19.969634 140042131449408 async_checkpointer.py:283] [process=0][thread=save_finalize] No errors found in background save thread=async_save.
I0121 15:32:20.022295 140042131449408 deleter.py:273] Deleted step 60750.
I0121 15:32:20.022894 140042131449408 checkpoint_manager.py:2133] [process=0][thread=save_finalize][step=61650] CheckpointManager Save Finalize is syncing with other hosts...
I0121 15:32:20.023818 140042131449408 checkpoint_manager.py:2142] [process=0][thread=save_finalize][step=61650] CheckpointManager Save Finalize is done on all hosts.
step: 62100,  loss data: 6.166e-04, loss res: 1.406e-03, time: 1.737e+02
step: 62550,  loss data: 1.301e-03, loss res: 3.748e-03, time: 1.733e+02
I0121 15:38:03.843227 140165176223552 checkpoint_manager.py:2013] [process=0][thread=MainThread][wait_until_finished] No Save Finalize thread to wait for. Returning.
I0121 15:38:03.845301 140165176223552 checkpoint_manager.py:1518] [process=0] Saving checkpoint at step 62550
I0121 15:38:03.851740 140165176223552 async_checkpointer.py:452] [process=0] Started async saving checkpoint to /autodl-fs/data/fundiff/burgers/diffusion/FAE_use_pde_True/ckpt/62550.
I0121 15:38:03.878293 140040025929280 atomicity.py:137] Creating tmp directory /autodl-fs/data/fundiff/burgers/diffusion/FAE_use_pde_True/ckpt/62550.orbax-checkpoint-tmp
I0121 15:38:03.981600 140042165020224 atomicity.py:137] Creating tmp directory /autodl-fs/data/fundiff/burgers/diffusion/FAE_use_pde_True/ckpt/62550.orbax-checkpoint-tmp/default.orbax-checkpoint-tmp
I0121 15:38:04.022222 140165176223552 jax_array_handlers.py:357] Scheduling D2H of 774 prioritized jax.Array.
I0121 15:38:04.023758 140165176223552 replica_slices.py:424] Transferring arrays to host memory with options: use_replica_parallel=True, min_slice_bytes_for_replica_parallel=None, max_replicas_for_replica_parallel=None, enable_pinned_host_transfer=True
I0121 15:38:04.576774 140165176223552 base_pytree_checkpoint_handler.py:151] [process=0][thread=MainThread] Initiated "orbax.checkpoint._src.serialization.jax_array_handlers.ArrayHandler".serialize. Time taken: 0.557159s
I0121 15:38:04.594125 140165176223552 base_pytree_checkpoint_handler.py:128] [process=0] /jax/checkpoint/write/blocking_gbytes_per_sec: 117.148 MiB/s (total gbytes: 85.5 MiB) (time elapsed: 730 milliseconds) (per-host)
I0121 15:38:04.610637 140165176223552 base_pytree_checkpoint_handler.py:730] [process=0][thread=MainThread] Initiated Pytree async_save. Time taken: 0.746747s (batch_requests_ready=0.101891s, total_serialization_initiated=0.617069s, others=0.027787s)
I0121 15:38:04.652005 140165176223552 composite_checkpoint_handler.py:715] [process=0][thread=MainThread] Initiated CompositeCheckpointHandler.async_save. Time taken: 0.795966s (all_items=0.000035s, per_item={'default': '0.00003529'}, temp_paths=0.795930)
I0121 15:38:04.680014 140042139842112 async_checkpointer.py:79] [process=0][thread=async_save] Background save thread started.
I0121 15:38:04.680344 140165176223552 async_checkpointer.py:561] Finished blocking save. Time taken: 0.834524s. Continuing background save to /autodl-fs/data/fundiff/burgers/diffusion/FAE_use_pde_True/ckpt/62550.
I0121 15:38:04.683143 140165176223552 checkpoint_manager.py:1566] [process=0][thread=MainThread][step=62550] Starting CheckpointManager Save Finalize thread=save_finalize
I0121 15:38:04.687527 140042257290816 async_checkpointer.py:265] [process=0][thread=save_finalize] Waiting for background save thread=async_save.
I0121 15:38:04.690266 140165176223552 standard_logger.py:34] {'step': Array(62550, dtype=int32), 'event_type': 'save', 'directory': '/autodl-fs/data/fundiff/burgers/diffusion/FAE_use_pde_True/ckpt', 'reached_preemption': False, 'preemption_received_at': None, 'synchronous': False, 'wait_for_prev_start_time': 1768981083.8431122, 'wait_for_prev_duration_secs': 0.0006172657012939453, 'time_between_consecutive_saves_sec': 343.81886982917786, 'checkpointer_blocking_start_time': 1768981083.8457546, 'checkpointer_blocking_duration_secs': 0.8369498252868652, 'get_old_steps_start_time': 1768981084.682786, 'get_old_steps_duration_secs': 0.00020122528076171875, 'checkpoint_manager_blocking_start_time': 1768981083.842055, 'checkpoint_manager_blocking_duration_secs': 0.8469407558441162}
I0121 15:38:05.297285 140043725809216 array_metadata_store.py:203] [process=0][thread=array_type_handler] Wrote 774 array_metadata.ArrayMetadata to /autodl-fs/data/fundiff/burgers/diffusion/FAE_use_pde_True/ckpt/62550.orbax-checkpoint-tmp/default.orbax-checkpoint-tmp/array_metadatas/process_0
I0121 15:38:15.566865 140042274076224 base_pytree_checkpoint_handler.py:1224] [process=0][thread=write_metadata_after_commits] Commit + Array metadata written. Time taken: 10.972031s (commit=9.776865s, array_metadata_write=1.195166s)
I0121 15:38:15.570518 140042139842112 base_pytree_checkpoint_handler.py:128] [process=0] /jax/checkpoint/write/gbytes_per_sec: 7.306 MiB/s (total gbytes: 85.5 MiB) (time elapsed: 11 seconds) (per-host)
I0121 15:38:15.571148 140042139842112 async_checkpointer.py:90] [process=0][thread=async_save] 3 Handler Commit operations completed. Time taken: 10.889972s.
I0121 15:38:15.593179 140042139842112 array_metadata_store.py:367] [process=0][thread=async_save] Skipped cross-host ArrayMetadata validation because only one process is found: process_index=0.
I0121 15:38:18.475371 140042139842112 base_pytree_checkpoint_handler.py:1348] [process=0][thread=async_save] Pytree save finalize (merge_ocdbt + ArrayMetadata validation) completed. Time taken: 2.895444s. use_zarr3=False, enable_post_merge_validation=True, directory=/autodl-fs/data/fundiff/burgers/diffusion/FAE_use_pde_True/ckpt/62550.orbax-checkpoint-tmp/default.orbax-checkpoint-tmp
I0121 15:38:18.478133 140042139842112 atomicity.py:480] Renaming /autodl-fs/data/fundiff/burgers/diffusion/FAE_use_pde_True/ckpt/62550.orbax-checkpoint-tmp/default.orbax-checkpoint-tmp to /autodl-fs/data/fundiff/burgers/diffusion/FAE_use_pde_True/ckpt/62550.orbax-checkpoint-tmp/default
I0121 15:38:18.485200 140042139842112 atomicity.py:480] Renaming /autodl-fs/data/fundiff/burgers/diffusion/FAE_use_pde_True/ckpt/62550.orbax-checkpoint-tmp to /autodl-fs/data/fundiff/burgers/diffusion/FAE_use_pde_True/ckpt/62550
I0121 15:38:18.514348 140042139842112 atomicity.py:790] [process=0][thread=async_save] Finished saving checkpoint (finalized tmp dir) to `/autodl-fs/data/fundiff/burgers/diffusion/FAE_use_pde_True/ckpt/62550`.
I0121 15:38:18.515958 140042139842112 async_checkpointer.py:420] Finished async_save (blocking + background). Time taken: 14.670161s. directory=/autodl-fs/data/fundiff/burgers/diffusion/FAE_use_pde_True/ckpt/62550
I0121 15:38:18.516441 140042139842112 async_checkpointer.py:144] [process=0][thread=async_save] Background save thread done. Time taken: 13.835274s.
I0121 15:38:18.517407 140042257290816 async_checkpointer.py:273] [process=0][thread=save_finalize] Done with waiting for background save thread=async_save.
I0121 15:38:18.518078 140042257290816 async_checkpointer.py:283] [process=0][thread=save_finalize] No errors found in background save thread=async_save.
I0121 15:38:18.574712 140042257290816 deleter.py:273] Deleted step 61650.
I0121 15:38:18.575335 140042257290816 checkpoint_manager.py:2133] [process=0][thread=save_finalize][step=62550] CheckpointManager Save Finalize is syncing with other hosts...
I0121 15:38:18.576097 140042257290816 checkpoint_manager.py:2142] [process=0][thread=save_finalize][step=62550] CheckpointManager Save Finalize is done on all hosts.
step: 63000,  loss data: 5.675e-04, loss res: 1.061e-03, time: 1.731e+02
Epoch 140, getting batches from DataLoader...
step: 63450,  loss data: 9.144e-04, loss res: 8.680e-04, time: 1.732e+02
I0121 15:43:51.089853 140165176223552 checkpoint_manager.py:2013] [process=0][thread=MainThread][wait_until_finished] No Save Finalize thread to wait for. Returning.
I0121 15:43:51.092476 140165176223552 checkpoint_manager.py:1518] [process=0] Saving checkpoint at step 63450
