I0121 12:16:08.611495 140042148234816 base_pytree_checkpoint_handler.py:1348] [process=0][thread=async_save] Pytree save finalize (merge_ocdbt + ArrayMetadata validation) completed. Time taken: 0.073599s. use_zarr3=False, enable_post_merge_validation=True, directory=/autodl-fs/data/fundiff/burgers/diffusion/FAE_use_pde_True/ckpt/31050.orbax-checkpoint-tmp/default.orbax-checkpoint-tmp
I0121 12:16:08.613583 140042148234816 atomicity.py:480] Renaming /autodl-fs/data/fundiff/burgers/diffusion/FAE_use_pde_True/ckpt/31050.orbax-checkpoint-tmp/default.orbax-checkpoint-tmp to /autodl-fs/data/fundiff/burgers/diffusion/FAE_use_pde_True/ckpt/31050.orbax-checkpoint-tmp/default
I0121 12:16:08.618182 140042148234816 atomicity.py:480] Renaming /autodl-fs/data/fundiff/burgers/diffusion/FAE_use_pde_True/ckpt/31050.orbax-checkpoint-tmp to /autodl-fs/data/fundiff/burgers/diffusion/FAE_use_pde_True/ckpt/31050
I0121 12:16:08.837328 140042148234816 atomicity.py:790] [process=0][thread=async_save] Finished saving checkpoint (finalized tmp dir) to `/autodl-fs/data/fundiff/burgers/diffusion/FAE_use_pde_True/ckpt/31050`.
I0121 12:16:08.839078 140042148234816 async_checkpointer.py:420] Finished async_save (blocking + background). Time taken: 13.138559s. directory=/autodl-fs/data/fundiff/burgers/diffusion/FAE_use_pde_True/ckpt/31050
I0121 12:16:08.839572 140042148234816 async_checkpointer.py:144] [process=0][thread=async_save] Background save thread done. Time taken: 12.306568s.
I0121 12:16:08.840395 140042257290816 async_checkpointer.py:273] [process=0][thread=save_finalize] Done with waiting for background save thread=async_save.
I0121 12:16:08.841096 140042257290816 async_checkpointer.py:283] [process=0][thread=save_finalize] No errors found in background save thread=async_save.
I0121 12:16:08.896569 140042257290816 deleter.py:273] Deleted step 30150.
I0121 12:16:08.897156 140042257290816 checkpoint_manager.py:2133] [process=0][thread=save_finalize][step=31050] CheckpointManager Save Finalize is syncing with other hosts...
I0121 12:16:08.897768 140042257290816 checkpoint_manager.py:2142] [process=0][thread=save_finalize][step=31050] CheckpointManager Save Finalize is done on all hosts.
step: 31500,  loss data: 1.012e-03, loss res: 1.411e-03, time: 1.723e+02
Epoch 70, getting batches from DataLoader...
step: 31950,  loss data: 7.422e-04, loss res: 1.347e-03, time: 1.725e+02
I0121 12:21:41.312758 140165176223552 checkpoint_manager.py:2013] [process=0][thread=MainThread][wait_until_finished] No Save Finalize thread to wait for. Returning.
I0121 12:21:41.315007 140165176223552 checkpoint_manager.py:1518] [process=0] Saving checkpoint at step 31950
I0121 12:21:41.316608 140165176223552 async_checkpointer.py:452] [process=0] Started async saving checkpoint to /autodl-fs/data/fundiff/burgers/diffusion/FAE_use_pde_True/ckpt/31950.
I0121 12:21:41.343424 140043767756352 atomicity.py:137] Creating tmp directory /autodl-fs/data/fundiff/burgers/diffusion/FAE_use_pde_True/ckpt/31950.orbax-checkpoint-tmp
I0121 12:21:41.446825 140038515963456 atomicity.py:137] Creating tmp directory /autodl-fs/data/fundiff/burgers/diffusion/FAE_use_pde_True/ckpt/31950.orbax-checkpoint-tmp/default.orbax-checkpoint-tmp
I0121 12:21:41.482298 140165176223552 jax_array_handlers.py:357] Scheduling D2H of 774 prioritized jax.Array.
I0121 12:21:41.483826 140165176223552 replica_slices.py:424] Transferring arrays to host memory with options: use_replica_parallel=True, min_slice_bytes_for_replica_parallel=None, max_replicas_for_replica_parallel=None, enable_pinned_host_transfer=True
I0121 12:21:42.087118 140165176223552 base_pytree_checkpoint_handler.py:151] [process=0][thread=MainThread] Initiated "orbax.checkpoint._src.serialization.jax_array_handlers.ArrayHandler".serialize. Time taken: 0.607443s
I0121 12:21:42.105380 140165176223552 base_pytree_checkpoint_handler.py:128] [process=0] /jax/checkpoint/write/blocking_gbytes_per_sec: 110.012 MiB/s (total gbytes: 85.5 MiB) (time elapsed: 777 milliseconds) (per-host)
I0121 12:21:42.111386 140165176223552 base_pytree_checkpoint_handler.py:730] [process=0][thread=MainThread] Initiated Pytree async_save. Time taken: 0.783589s (batch_requests_ready=0.098361s, total_serialization_initiated=0.672992s, others=0.012236s)
I0121 12:21:42.112461 140165176223552 composite_checkpoint_handler.py:715] [process=0][thread=MainThread] Initiated CompositeCheckpointHandler.async_save. Time taken: 0.791454s (all_items=0.000034s, per_item={'default': '0.00003433'}, temp_paths=0.791420)
I0121 12:21:42.141005 140042173412928 async_checkpointer.py:79] [process=0][thread=async_save] Background save thread started.
I0121 12:21:42.180083 140165176223552 async_checkpointer.py:561] Finished blocking save. Time taken: 0.864525s. Continuing background save to /autodl-fs/data/fundiff/burgers/diffusion/FAE_use_pde_True/ckpt/31950.
I0121 12:21:42.183129 140165176223552 checkpoint_manager.py:1566] [process=0][thread=MainThread][step=31950] Starting CheckpointManager Save Finalize thread=save_finalize
I0121 12:21:42.184480 140042156627520 async_checkpointer.py:265] [process=0][thread=save_finalize] Waiting for background save thread=async_save.
I0121 12:21:42.186729 140165176223552 standard_logger.py:34] {'step': Array(31950, dtype=int32), 'event_type': 'save', 'directory': '/autodl-fs/data/fundiff/burgers/diffusion/FAE_use_pde_True/ckpt', 'reached_preemption': False, 'preemption_received_at': None, 'synchronous': False, 'wait_for_prev_start_time': 1768969301.3126316, 'wait_for_prev_duration_secs': 0.0006473064422607422, 'time_between_consecutive_saves_sec': 332.4143178462982, 'checkpointer_blocking_start_time': 1768969301.315517, 'checkpointer_blocking_duration_secs': 0.8673281669616699, 'get_old_steps_start_time': 1768969302.182899, 'get_old_steps_duration_secs': 0.00013375282287597656, 'checkpoint_manager_blocking_start_time': 1768969301.3116548, 'checkpoint_manager_blocking_duration_secs': 0.8739285469055176}
I0121 12:21:45.322184 140042274076224 array_metadata_store.py:203] [process=0][thread=array_type_handler] Wrote 774 array_metadata.ArrayMetadata to /autodl-fs/data/fundiff/burgers/diffusion/FAE_use_pde_True/ckpt/31950.orbax-checkpoint-tmp/default.orbax-checkpoint-tmp/array_metadatas/process_0
I0121 12:21:53.043229 140042265683520 base_pytree_checkpoint_handler.py:1224] [process=0][thread=write_metadata_after_commits] Commit + Array metadata written. Time taken: 10.930422s (commit=10.214497s, array_metadata_write=0.715925s)
I0121 12:21:53.050892 140042173412928 base_pytree_checkpoint_handler.py:128] [process=0] /jax/checkpoint/write/gbytes_per_sec: 7.296 MiB/s (total gbytes: 85.5 MiB) (time elapsed: 11 seconds) (per-host)
I0121 12:21:53.051561 140042173412928 async_checkpointer.py:90] [process=0][thread=async_save] 3 Handler Commit operations completed. Time taken: 10.870480s.
I0121 12:21:53.071616 140042173412928 array_metadata_store.py:367] [process=0][thread=async_save] Skipped cross-host ArrayMetadata validation because only one process is found: process_index=0.
I0121 12:21:53.958821 140042173412928 base_pytree_checkpoint_handler.py:1348] [process=0][thread=async_save] Pytree save finalize (merge_ocdbt + ArrayMetadata validation) completed. Time taken: 0.902317s. use_zarr3=False, enable_post_merge_validation=True, directory=/autodl-fs/data/fundiff/burgers/diffusion/FAE_use_pde_True/ckpt/31950.orbax-checkpoint-tmp/default.orbax-checkpoint-tmp
I0121 12:21:53.961479 140042173412928 atomicity.py:480] Renaming /autodl-fs/data/fundiff/burgers/diffusion/FAE_use_pde_True/ckpt/31950.orbax-checkpoint-tmp/default.orbax-checkpoint-tmp to /autodl-fs/data/fundiff/burgers/diffusion/FAE_use_pde_True/ckpt/31950.orbax-checkpoint-tmp/default
I0121 12:21:53.966402 140042173412928 atomicity.py:480] Renaming /autodl-fs/data/fundiff/burgers/diffusion/FAE_use_pde_True/ckpt/31950.orbax-checkpoint-tmp to /autodl-fs/data/fundiff/burgers/diffusion/FAE_use_pde_True/ckpt/31950
I0121 12:21:54.409711 140042173412928 atomicity.py:790] [process=0][thread=async_save] Finished saving checkpoint (finalized tmp dir) to `/autodl-fs/data/fundiff/burgers/diffusion/FAE_use_pde_True/ckpt/31950`.
I0121 12:21:54.411669 140042173412928 async_checkpointer.py:420] Finished async_save (blocking + background). Time taken: 13.096105s. directory=/autodl-fs/data/fundiff/burgers/diffusion/FAE_use_pde_True/ckpt/31950
I0121 12:21:54.412206 140042173412928 async_checkpointer.py:144] [process=0][thread=async_save] Background save thread done. Time taken: 12.231129s.
I0121 12:21:54.412923 140042156627520 async_checkpointer.py:273] [process=0][thread=save_finalize] Done with waiting for background save thread=async_save.
I0121 12:21:54.413462 140042156627520 async_checkpointer.py:283] [process=0][thread=save_finalize] No errors found in background save thread=async_save.
I0121 12:21:54.468872 140042156627520 deleter.py:273] Deleted step 31050.
I0121 12:21:54.469227 140042156627520 checkpoint_manager.py:2133] [process=0][thread=save_finalize][step=31950] CheckpointManager Save Finalize is syncing with other hosts...
I0121 12:21:54.469544 140042156627520 checkpoint_manager.py:2142] [process=0][thread=save_finalize][step=31950] CheckpointManager Save Finalize is done on all hosts.
step: 32400,  loss data: 1.674e-03, loss res: 5.982e-03, time: 1.711e+02
step: 32850,  loss data: 7.282e-04, loss res: 1.213e-03, time: 1.713e+02
I0121 12:27:24.550949 140165176223552 checkpoint_manager.py:2013] [process=0][thread=MainThread][wait_until_finished] No Save Finalize thread to wait for. Returning.
I0121 12:27:24.553253 140165176223552 checkpoint_manager.py:1518] [process=0] Saving checkpoint at step 32850
I0121 12:27:24.554867 140165176223552 async_checkpointer.py:452] [process=0] Started async saving checkpoint to /autodl-fs/data/fundiff/burgers/diffusion/FAE_use_pde_True/ckpt/32850.
I0121 12:27:24.581859 140038541141568 atomicity.py:137] Creating tmp directory /autodl-fs/data/fundiff/burgers/diffusion/FAE_use_pde_True/ckpt/32850.orbax-checkpoint-tmp
I0121 12:27:24.704053 140039078012480 atomicity.py:137] Creating tmp directory /autodl-fs/data/fundiff/burgers/diffusion/FAE_use_pde_True/ckpt/32850.orbax-checkpoint-tmp/default.orbax-checkpoint-tmp
I0121 12:27:24.726816 140165176223552 jax_array_handlers.py:357] Scheduling D2H of 774 prioritized jax.Array.
I0121 12:27:24.727535 140165176223552 replica_slices.py:424] Transferring arrays to host memory with options: use_replica_parallel=True, min_slice_bytes_for_replica_parallel=None, max_replicas_for_replica_parallel=None, enable_pinned_host_transfer=True
I0121 12:27:25.300639 140165176223552 base_pytree_checkpoint_handler.py:151] [process=0][thread=MainThread] Initiated "orbax.checkpoint._src.serialization.jax_array_handlers.ArrayHandler".serialize. Time taken: 0.576659s
I0121 12:27:25.339117 140165176223552 base_pytree_checkpoint_handler.py:128] [process=0] /jax/checkpoint/write/blocking_gbytes_per_sec: 110.883 MiB/s (total gbytes: 85.5 MiB) (time elapsed: 771 milliseconds) (per-host)
I0121 12:27:25.380346 140165176223552 base_pytree_checkpoint_handler.py:730] [process=0][thread=MainThread] Initiated Pytree async_save. Time taken: 0.812682s (batch_requests_ready=0.098731s, total_serialization_initiated=0.666414s, others=0.047537s)
I0121 12:27:25.400827 140165176223552 composite_checkpoint_handler.py:715] [process=0][thread=MainThread] Initiated CompositeCheckpointHandler.async_save. Time taken: 0.841551s (all_items=0.000050s, per_item={'default': '0.00004983'}, temp_paths=0.841501)
I0121 12:27:25.405685 140042156627520 async_checkpointer.py:79] [process=0][thread=async_save] Background save thread started.
I0121 12:27:25.406171 140165176223552 async_checkpointer.py:561] Finished blocking save. Time taken: 0.852401s. Continuing background save to /autodl-fs/data/fundiff/burgers/diffusion/FAE_use_pde_True/ckpt/32850.
I0121 12:27:25.408830 140165176223552 checkpoint_manager.py:1566] [process=0][thread=MainThread][step=32850] Starting CheckpointManager Save Finalize thread=save_finalize
I0121 12:27:25.412959 140042139842112 async_checkpointer.py:265] [process=0][thread=save_finalize] Waiting for background save thread=async_save.
I0121 12:27:25.415388 140165176223552 standard_logger.py:34] {'step': Array(32850, dtype=int32), 'event_type': 'save', 'directory': '/autodl-fs/data/fundiff/burgers/diffusion/FAE_use_pde_True/ckpt', 'reached_preemption': False, 'preemption_received_at': None, 'synchronous': False, 'wait_for_prev_start_time': 1768969644.5507822, 'wait_for_prev_duration_secs': 0.0007534027099609375, 'time_between_consecutive_saves_sec': 330.08101773262024, 'checkpointer_blocking_start_time': 1768969644.553698, 'checkpointer_blocking_duration_secs': 0.8546721935272217, 'get_old_steps_start_time': 1768969645.4084556, 'get_old_steps_duration_secs': 0.0002231597900390625, 'checkpoint_manager_blocking_start_time': 1768969644.5496984, 'checkpoint_manager_blocking_duration_secs': 0.8644649982452393}
I0121 12:27:25.977698 140042274076224 array_metadata_store.py:203] [process=0][thread=array_type_handler] Wrote 774 array_metadata.ArrayMetadata to /autodl-fs/data/fundiff/burgers/diffusion/FAE_use_pde_True/ckpt/32850.orbax-checkpoint-tmp/default.orbax-checkpoint-tmp/array_metadatas/process_0
I0121 12:27:30.893527 140042265683520 base_pytree_checkpoint_handler.py:1224] [process=0][thread=write_metadata_after_commits] Commit + Array metadata written. Time taken: 5.548299s (commit=4.716129s, array_metadata_write=0.832170s)
I0121 12:27:30.898272 140042156627520 base_pytree_checkpoint_handler.py:128] [process=0] /jax/checkpoint/write/gbytes_per_sec: 13.511 MiB/s (total gbytes: 85.5 MiB) (time elapsed: 6 seconds) (per-host)
I0121 12:27:30.898684 140042156627520 async_checkpointer.py:90] [process=0][thread=async_save] 3 Handler Commit operations completed. Time taken: 5.491642s.
I0121 12:27:30.918825 140042156627520 array_metadata_store.py:367] [process=0][thread=async_save] Skipped cross-host ArrayMetadata validation because only one process is found: process_index=0.
I0121 12:27:31.055557 140042156627520 base_pytree_checkpoint_handler.py:1348] [process=0][thread=async_save] Pytree save finalize (merge_ocdbt + ArrayMetadata validation) completed. Time taken: 0.149356s. use_zarr3=False, enable_post_merge_validation=True, directory=/autodl-fs/data/fundiff/burgers/diffusion/FAE_use_pde_True/ckpt/32850.orbax-checkpoint-tmp/default.orbax-checkpoint-tmp
I0121 12:27:31.057980 140042156627520 atomicity.py:480] Renaming /autodl-fs/data/fundiff/burgers/diffusion/FAE_use_pde_True/ckpt/32850.orbax-checkpoint-tmp/default.orbax-checkpoint-tmp to /autodl-fs/data/fundiff/burgers/diffusion/FAE_use_pde_True/ckpt/32850.orbax-checkpoint-tmp/default
I0121 12:27:31.062870 140042156627520 atomicity.py:480] Renaming /autodl-fs/data/fundiff/burgers/diffusion/FAE_use_pde_True/ckpt/32850.orbax-checkpoint-tmp to /autodl-fs/data/fundiff/burgers/diffusion/FAE_use_pde_True/ckpt/32850
I0121 12:27:39.787349 140042156627520 atomicity.py:790] [process=0][thread=async_save] Finished saving checkpoint (finalized tmp dir) to `/autodl-fs/data/fundiff/burgers/diffusion/FAE_use_pde_True/ckpt/32850`.
I0121 12:27:39.789793 140042156627520 async_checkpointer.py:420] Finished async_save (blocking + background). Time taken: 15.236042s. directory=/autodl-fs/data/fundiff/burgers/diffusion/FAE_use_pde_True/ckpt/32850
I0121 12:27:39.790361 140042156627520 async_checkpointer.py:144] [process=0][thread=async_save] Background save thread done. Time taken: 14.383310s.
I0121 12:27:39.791090 140042139842112 async_checkpointer.py:273] [process=0][thread=save_finalize] Done with waiting for background save thread=async_save.
I0121 12:27:39.791854 140042139842112 async_checkpointer.py:283] [process=0][thread=save_finalize] No errors found in background save thread=async_save.
I0121 12:27:39.843556 140042139842112 deleter.py:273] Deleted step 31950.
I0121 12:27:39.844361 140042139842112 checkpoint_manager.py:2133] [process=0][thread=save_finalize][step=32850] CheckpointManager Save Finalize is syncing with other hosts...
I0121 12:27:39.845379 140042139842112 checkpoint_manager.py:2142] [process=0][thread=save_finalize][step=32850] CheckpointManager Save Finalize is done on all hosts.
step: 33300,  loss data: 2.518e-03, loss res: 3.180e-03, time: 1.733e+02
step: 33750,  loss data: 2.109e-03, loss res: 5.079e-03, time: 1.725e+02
I0121 12:33:11.159582 140165176223552 checkpoint_manager.py:2013] [process=0][thread=MainThread][wait_until_finished] No Save Finalize thread to wait for. Returning.
I0121 12:33:11.161958 140165176223552 checkpoint_manager.py:1518] [process=0] Saving checkpoint at step 33750
I0121 12:33:11.163573 140165176223552 async_checkpointer.py:452] [process=0] Started async saving checkpoint to /autodl-fs/data/fundiff/burgers/diffusion/FAE_use_pde_True/ckpt/33750.
I0121 12:33:11.190384 140040512443968 atomicity.py:137] Creating tmp directory /autodl-fs/data/fundiff/burgers/diffusion/FAE_use_pde_True/ckpt/33750.orbax-checkpoint-tmp
I0121 12:33:11.293895 140042148234816 atomicity.py:137] Creating tmp directory /autodl-fs/data/fundiff/burgers/diffusion/FAE_use_pde_True/ckpt/33750.orbax-checkpoint-tmp/default.orbax-checkpoint-tmp
I0121 12:33:11.333323 140165176223552 jax_array_handlers.py:357] Scheduling D2H of 774 prioritized jax.Array.
I0121 12:33:11.334838 140165176223552 replica_slices.py:424] Transferring arrays to host memory with options: use_replica_parallel=True, min_slice_bytes_for_replica_parallel=None, max_replicas_for_replica_parallel=None, enable_pinned_host_transfer=True
I0121 12:33:11.933870 140165176223552 base_pytree_checkpoint_handler.py:151] [process=0][thread=MainThread] Initiated "orbax.checkpoint._src.serialization.jax_array_handlers.ArrayHandler".serialize. Time taken: 0.603218s
I0121 12:33:11.947240 140165176223552 base_pytree_checkpoint_handler.py:128] [process=0] /jax/checkpoint/write/blocking_gbytes_per_sec: 110.911 MiB/s (total gbytes: 85.5 MiB) (time elapsed: 771 milliseconds) (per-host)
I0121 12:33:11.969350 140165176223552 base_pytree_checkpoint_handler.py:730] [process=0][thread=MainThread] Initiated Pytree async_save. Time taken: 0.793389s (batch_requests_ready=0.096926s, total_serialization_initiated=0.667530s, others=0.028933s)
I0121 12:33:12.032758 140165176223552 composite_checkpoint_handler.py:715] [process=0][thread=MainThread] Initiated CompositeCheckpointHandler.async_save. Time taken: 0.865151s (all_items=0.000037s, per_item={'default': '0.00003672'}, temp_paths=0.865114)
I0121 12:33:12.037828 140042131449408 async_checkpointer.py:79] [process=0][thread=async_save] Background save thread started.
I0121 12:33:12.038141 140165176223552 async_checkpointer.py:561] Finished blocking save. Time taken: 0.875582s. Continuing background save to /autodl-fs/data/fundiff/burgers/diffusion/FAE_use_pde_True/ckpt/33750.
I0121 12:33:12.042588 140165176223552 checkpoint_manager.py:1566] [process=0][thread=MainThread][step=33750] Starting CheckpointManager Save Finalize thread=save_finalize
I0121 12:33:12.043772 140042173412928 async_checkpointer.py:265] [process=0][thread=save_finalize] Waiting for background save thread=async_save.
I0121 12:33:12.047336 140165176223552 standard_logger.py:34] {'step': Array(33750, dtype=int32), 'event_type': 'save', 'directory': '/autodl-fs/data/fundiff/burgers/diffusion/FAE_use_pde_True/ckpt', 'reached_preemption': False, 'preemption_received_at': None, 'synchronous': False, 'wait_for_prev_start_time': 1768969991.159463, 'wait_for_prev_duration_secs': 0.0006709098815917969, 'time_between_consecutive_saves_sec': 331.3133671283722, 'checkpointer_blocking_start_time': 1768969991.1624987, 'checkpointer_blocking_duration_secs': 0.8796632289886475, 'get_old_steps_start_time': 1768969992.042236, 'get_old_steps_duration_secs': 0.00021266937255859375, 'checkpoint_manager_blocking_start_time': 1768969991.1583953, 'checkpoint_manager_blocking_duration_secs': 0.8873915672302246}
I0121 12:33:12.123833 140043725809216 array_metadata_store.py:203] [process=0][thread=array_type_handler] Wrote 774 array_metadata.ArrayMetadata to /autodl-fs/data/fundiff/burgers/diffusion/FAE_use_pde_True/ckpt/33750.orbax-checkpoint-tmp/default.orbax-checkpoint-tmp/array_metadatas/process_0
I0121 12:33:13.982226 140042274076224 base_pytree_checkpoint_handler.py:1224] [process=0][thread=write_metadata_after_commits] Commit + Array metadata written. Time taken: 2.029278s (commit=1.900281s, array_metadata_write=0.128997s)
I0121 12:33:13.985716 140042131449408 base_pytree_checkpoint_handler.py:128] [process=0] /jax/checkpoint/write/gbytes_per_sec: 30.442 MiB/s (total gbytes: 85.5 MiB) (time elapsed: 2 seconds) (per-host)
I0121 12:33:13.986224 140042131449408 async_checkpointer.py:90] [process=0][thread=async_save] 3 Handler Commit operations completed. Time taken: 1.947359s.
I0121 12:33:13.997348 140042131449408 array_metadata_store.py:367] [process=0][thread=async_save] Skipped cross-host ArrayMetadata validation because only one process is found: process_index=0.
I0121 12:33:14.064809 140042131449408 base_pytree_checkpoint_handler.py:1348] [process=0][thread=async_save] Pytree save finalize (merge_ocdbt + ArrayMetadata validation) completed. Time taken: 0.075589s. use_zarr3=False, enable_post_merge_validation=True, directory=/autodl-fs/data/fundiff/burgers/diffusion/FAE_use_pde_True/ckpt/33750.orbax-checkpoint-tmp/default.orbax-checkpoint-tmp
I0121 12:33:14.066984 140042131449408 atomicity.py:480] Renaming /autodl-fs/data/fundiff/burgers/diffusion/FAE_use_pde_True/ckpt/33750.orbax-checkpoint-tmp/default.orbax-checkpoint-tmp to /autodl-fs/data/fundiff/burgers/diffusion/FAE_use_pde_True/ckpt/33750.orbax-checkpoint-tmp/default
I0121 12:33:14.071733 140042131449408 atomicity.py:480] Renaming /autodl-fs/data/fundiff/burgers/diffusion/FAE_use_pde_True/ckpt/33750.orbax-checkpoint-tmp to /autodl-fs/data/fundiff/burgers/diffusion/FAE_use_pde_True/ckpt/33750
I0121 12:33:14.108865 140042131449408 atomicity.py:790] [process=0][thread=async_save] Finished saving checkpoint (finalized tmp dir) to `/autodl-fs/data/fundiff/burgers/diffusion/FAE_use_pde_True/ckpt/33750`.
I0121 12:33:14.110535 140042131449408 async_checkpointer.py:420] Finished async_save (blocking + background). Time taken: 2.947990s. directory=/autodl-fs/data/fundiff/burgers/diffusion/FAE_use_pde_True/ckpt/33750
I0121 12:33:14.111027 140042131449408 async_checkpointer.py:144] [process=0][thread=async_save] Background save thread done. Time taken: 2.072155s.
I0121 12:33:14.111932 140042173412928 async_checkpointer.py:273] [process=0][thread=save_finalize] Done with waiting for background save thread=async_save.
I0121 12:33:14.112359 140042173412928 async_checkpointer.py:283] [process=0][thread=save_finalize] No errors found in background save thread=async_save.
I0121 12:33:14.164743 140042173412928 deleter.py:273] Deleted step 32850.
I0121 12:33:14.165113 140042173412928 checkpoint_manager.py:2133] [process=0][thread=save_finalize][step=33750] CheckpointManager Save Finalize is syncing with other hosts...
I0121 12:33:14.165436 140042173412928 checkpoint_manager.py:2142] [process=0][thread=save_finalize][step=33750] CheckpointManager Save Finalize is done on all hosts.
step: 34200,  loss data: 8.879e-04, loss res: 3.722e-03, time: 1.716e+02
step: 34650,  loss data: 1.711e-03, loss res: 4.979e-03, time: 1.714e+02
I0121 12:38:55.122477 140165176223552 checkpoint_manager.py:2013] [process=0][thread=MainThread][wait_until_finished] No Save Finalize thread to wait for. Returning.
I0121 12:38:55.125005 140165176223552 checkpoint_manager.py:1518] [process=0] Saving checkpoint at step 34650
I0121 12:38:55.126635 140165176223552 async_checkpointer.py:452] [process=0] Started async saving checkpoint to /autodl-fs/data/fundiff/burgers/diffusion/FAE_use_pde_True/ckpt/34650.
I0121 12:38:55.157845 140040546014784 atomicity.py:137] Creating tmp directory /autodl-fs/data/fundiff/burgers/diffusion/FAE_use_pde_True/ckpt/34650.orbax-checkpoint-tmp
I0121 12:38:55.255430 140038532748864 atomicity.py:137] Creating tmp directory /autodl-fs/data/fundiff/burgers/diffusion/FAE_use_pde_True/ckpt/34650.orbax-checkpoint-tmp/default.orbax-checkpoint-tmp
I0121 12:38:55.292036 140165176223552 jax_array_handlers.py:357] Scheduling D2H of 774 prioritized jax.Array.
I0121 12:38:55.293438 140165176223552 replica_slices.py:424] Transferring arrays to host memory with options: use_replica_parallel=True, min_slice_bytes_for_replica_parallel=None, max_replicas_for_replica_parallel=None, enable_pinned_host_transfer=True
I0121 12:38:55.868413 140165176223552 base_pytree_checkpoint_handler.py:151] [process=0][thread=MainThread] Initiated "orbax.checkpoint._src.serialization.jax_array_handlers.ArrayHandler".serialize. Time taken: 0.579057s
I0121 12:38:55.876108 140165176223552 base_pytree_checkpoint_handler.py:128] [process=0] /jax/checkpoint/write/blocking_gbytes_per_sec: 115.943 MiB/s (total gbytes: 85.5 MiB) (time elapsed: 737 milliseconds) (per-host)
I0121 12:38:55.887461 140165176223552 base_pytree_checkpoint_handler.py:730] [process=0][thread=MainThread] Initiated Pytree async_save. Time taken: 0.749146s (batch_requests_ready=0.096651s, total_serialization_initiated=0.634991s, others=0.017504s)
I0121 12:38:55.893828 140165176223552 composite_checkpoint_handler.py:715] [process=0][thread=MainThread] Initiated CompositeCheckpointHandler.async_save. Time taken: 0.763586s (all_items=0.000036s, per_item={'default': '0.00003624'}, temp_paths=0.763550)
I0121 12:38:55.971543 140042156627520 async_checkpointer.py:79] [process=0][thread=async_save] Background save thread started.
I0121 12:38:55.972339 140165176223552 async_checkpointer.py:561] Finished blocking save. Time taken: 0.846771s. Continuing background save to /autodl-fs/data/fundiff/burgers/diffusion/FAE_use_pde_True/ckpt/34650.
I0121 12:38:55.974778 140165176223552 checkpoint_manager.py:1566] [process=0][thread=MainThread][step=34650] Starting CheckpointManager Save Finalize thread=save_finalize
I0121 12:38:55.979760 140042148234816 async_checkpointer.py:265] [process=0][thread=save_finalize] Waiting for background save thread=async_save.
I0121 12:38:55.981774 140165176223552 standard_logger.py:34] {'step': Array(34650, dtype=int32), 'event_type': 'save', 'directory': '/autodl-fs/data/fundiff/burgers/diffusion/FAE_use_pde_True/ckpt', 'reached_preemption': False, 'preemption_received_at': None, 'synchronous': False, 'wait_for_prev_start_time': 1768970335.1223533, 'wait_for_prev_duration_secs': 0.0006632804870605469, 'time_between_consecutive_saves_sec': 340.9567151069641, 'checkpointer_blocking_start_time': 1768970335.125513, 'checkpointer_blocking_duration_secs': 0.8488566875457764, 'get_old_steps_start_time': 1768970335.9744356, 'get_old_steps_duration_secs': 0.00019097328186035156, 'checkpoint_manager_blocking_start_time': 1768970335.121186, 'checkpoint_manager_blocking_duration_secs': 0.8595185279846191}
I0121 12:38:56.037424 140043725809216 array_metadata_store.py:203] [process=0][thread=array_type_handler] Wrote 774 array_metadata.ArrayMetadata to /autodl-fs/data/fundiff/burgers/diffusion/FAE_use_pde_True/ckpt/34650.orbax-checkpoint-tmp/default.orbax-checkpoint-tmp/array_metadatas/process_0
I0121 12:39:01.161570 140042274076224 base_pytree_checkpoint_handler.py:1224] [process=0][thread=write_metadata_after_commits] Commit + Array metadata written. Time taken: 5.274491s (commit=5.120677s, array_metadata_write=0.153814s)
I0121 12:39:01.164926 140042156627520 base_pytree_checkpoint_handler.py:128] [process=0] /jax/checkpoint/write/gbytes_per_sec: 14.192 MiB/s (total gbytes: 85.5 MiB) (time elapsed: 6 seconds) (per-host)
I0121 12:39:01.165357 140042156627520 async_checkpointer.py:90] [process=0][thread=async_save] 3 Handler Commit operations completed. Time taken: 5.192599s.
I0121 12:39:01.186034 140042156627520 array_metadata_store.py:367] [process=0][thread=async_save] Skipped cross-host ArrayMetadata validation because only one process is found: process_index=0.
I0121 12:39:01.311156 140042156627520 base_pytree_checkpoint_handler.py:1348] [process=0][thread=async_save] Pytree save finalize (merge_ocdbt + ArrayMetadata validation) completed. Time taken: 0.139813s. use_zarr3=False, enable_post_merge_validation=True, directory=/autodl-fs/data/fundiff/burgers/diffusion/FAE_use_pde_True/ckpt/34650.orbax-checkpoint-tmp/default.orbax-checkpoint-tmp
I0121 12:39:01.313426 140042156627520 atomicity.py:480] Renaming /autodl-fs/data/fundiff/burgers/diffusion/FAE_use_pde_True/ckpt/34650.orbax-checkpoint-tmp/default.orbax-checkpoint-tmp to /autodl-fs/data/fundiff/burgers/diffusion/FAE_use_pde_True/ckpt/34650.orbax-checkpoint-tmp/default
I0121 12:39:01.319052 140042156627520 atomicity.py:480] Renaming /autodl-fs/data/fundiff/burgers/diffusion/FAE_use_pde_True/ckpt/34650.orbax-checkpoint-tmp to /autodl-fs/data/fundiff/burgers/diffusion/FAE_use_pde_True/ckpt/34650
I0121 12:39:02.074831 140042156627520 atomicity.py:790] [process=0][thread=async_save] Finished saving checkpoint (finalized tmp dir) to `/autodl-fs/data/fundiff/burgers/diffusion/FAE_use_pde_True/ckpt/34650`.
I0121 12:39:02.076956 140042156627520 async_checkpointer.py:420] Finished async_save (blocking + background). Time taken: 6.951396s. directory=/autodl-fs/data/fundiff/burgers/diffusion/FAE_use_pde_True/ckpt/34650
I0121 12:39:02.077484 140042156627520 async_checkpointer.py:144] [process=0][thread=async_save] Background save thread done. Time taken: 6.104721s.
I0121 12:39:02.078353 140042148234816 async_checkpointer.py:273] [process=0][thread=save_finalize] Done with waiting for background save thread=async_save.
I0121 12:39:02.078931 140042148234816 async_checkpointer.py:283] [process=0][thread=save_finalize] No errors found in background save thread=async_save.
I0121 12:39:02.131303 140042148234816 deleter.py:273] Deleted step 33750.
I0121 12:39:02.131663 140042148234816 checkpoint_manager.py:2133] [process=0][thread=save_finalize][step=34650] CheckpointManager Save Finalize is syncing with other hosts...
I0121 12:39:02.131984 140042148234816 checkpoint_manager.py:2142] [process=0][thread=save_finalize][step=34650] CheckpointManager Save Finalize is done on all hosts.
step: 35100,  loss data: 1.882e-03, loss res: 1.896e-03, time: 1.736e+02
step: 35550,  loss data: 9.532e-04, loss res: 3.033e-03, time: 1.735e+02
I0121 12:44:43.080932 140165176223552 checkpoint_manager.py:2013] [process=0][thread=MainThread][wait_until_finished] No Save Finalize thread to wait for. Returning.
I0121 12:44:43.087130 140165176223552 checkpoint_manager.py:1518] [process=0] Saving checkpoint at step 35550
I0121 12:44:43.089871 140165176223552 async_checkpointer.py:452] [process=0] Started async saving checkpoint to /autodl-fs/data/fundiff/burgers/diffusion/FAE_use_pde_True/ckpt/35550.
I0121 12:44:43.133879 140040000751168 atomicity.py:137] Creating tmp directory /autodl-fs/data/fundiff/burgers/diffusion/FAE_use_pde_True/ckpt/35550.orbax-checkpoint-tmp
I0121 12:44:43.245144 140039061227072 atomicity.py:137] Creating tmp directory /autodl-fs/data/fundiff/burgers/diffusion/FAE_use_pde_True/ckpt/35550.orbax-checkpoint-tmp/default.orbax-checkpoint-tmp
I0121 12:44:43.264647 140165176223552 jax_array_handlers.py:357] Scheduling D2H of 774 prioritized jax.Array.
I0121 12:44:43.265294 140165176223552 replica_slices.py:424] Transferring arrays to host memory with options: use_replica_parallel=True, min_slice_bytes_for_replica_parallel=None, max_replicas_for_replica_parallel=None, enable_pinned_host_transfer=True
I0121 12:44:43.847746 140165176223552 base_pytree_checkpoint_handler.py:151] [process=0][thread=MainThread] Initiated "orbax.checkpoint._src.serialization.jax_array_handlers.ArrayHandler".serialize. Time taken: 0.586054s
I0121 12:44:43.871855 140165176223552 base_pytree_checkpoint_handler.py:128] [process=0] /jax/checkpoint/write/blocking_gbytes_per_sec: 111.516 MiB/s (total gbytes: 85.5 MiB) (time elapsed: 766 milliseconds) (per-host)
I0121 12:44:43.887969 140165176223552 base_pytree_checkpoint_handler.py:730] [process=0][thread=MainThread] Initiated Pytree async_save. Time taken: 0.783305s (batch_requests_ready=0.103202s, total_serialization_initiated=0.657186s, others=0.022917s)
I0121 12:44:43.943845 140165176223552 composite_checkpoint_handler.py:715] [process=0][thread=MainThread] Initiated CompositeCheckpointHandler.async_save. Time taken: 0.849084s (all_items=0.000094s, per_item={'default': '0.00009370'}, temp_paths=0.848990)
I0121 12:44:43.953581 140042139842112 async_checkpointer.py:79] [process=0][thread=async_save] Background save thread started.
I0121 12:44:43.955567 140165176223552 async_checkpointer.py:561] Finished blocking save. Time taken: 0.867301s. Continuing background save to /autodl-fs/data/fundiff/burgers/diffusion/FAE_use_pde_True/ckpt/35550.
I0121 12:44:43.962260 140165176223552 checkpoint_manager.py:1566] [process=0][thread=MainThread][step=35550] Starting CheckpointManager Save Finalize thread=save_finalize
I0121 12:44:43.963855 140042173412928 async_checkpointer.py:265] [process=0][thread=save_finalize] Waiting for background save thread=async_save.
I0121 12:44:43.966762 140165176223552 standard_logger.py:34] {'step': Array(35550, dtype=int32), 'event_type': 'save', 'directory': '/autodl-fs/data/fundiff/burgers/diffusion/FAE_use_pde_True/ckpt', 'reached_preemption': False, 'preemption_received_at': None, 'synchronous': False, 'wait_for_prev_start_time': 1768970683.0801494, 'wait_for_prev_duration_secs': 0.0026657581329345703, 'time_between_consecutive_saves_sec': 340.9479579925537, 'checkpointer_blocking_start_time': 1768970683.088155, 'checkpointer_blocking_duration_secs': 0.8735330104827881, 'get_old_steps_start_time': 1768970683.9617748, 'get_old_steps_duration_secs': 0.0003032684326171875, 'checkpoint_manager_blocking_start_time': 1768970683.0780816, 'checkpoint_manager_blocking_duration_secs': 0.8873262405395508}
I0121 12:44:44.595177 140043725809216 array_metadata_store.py:203] [process=0][thread=array_type_handler] Wrote 774 array_metadata.ArrayMetadata to /autodl-fs/data/fundiff/burgers/diffusion/FAE_use_pde_True/ckpt/35550.orbax-checkpoint-tmp/default.orbax-checkpoint-tmp/array_metadatas/process_0
I0121 12:44:55.006600 140042274076224 base_pytree_checkpoint_handler.py:1224] [process=0][thread=write_metadata_after_commits] Commit + Array metadata written. Time taken: 11.129178s (commit=10.617379s, array_metadata_write=0.511799s)
I0121 12:44:55.017271 140042139842112 base_pytree_checkpoint_handler.py:128] [process=0] /jax/checkpoint/write/gbytes_per_sec: 7.180 MiB/s (total gbytes: 85.5 MiB) (time elapsed: 11 seconds) (per-host)
I0121 12:44:55.017922 140042139842112 async_checkpointer.py:90] [process=0][thread=async_save] 3 Handler Commit operations completed. Time taken: 11.063276s.
I0121 12:44:55.045294 140042139842112 array_metadata_store.py:367] [process=0][thread=async_save] Skipped cross-host ArrayMetadata validation because only one process is found: process_index=0.
I0121 12:44:55.185347 140042139842112 base_pytree_checkpoint_handler.py:1348] [process=0][thread=async_save] Pytree save finalize (merge_ocdbt + ArrayMetadata validation) completed. Time taken: 0.159420s. use_zarr3=False, enable_post_merge_validation=True, directory=/autodl-fs/data/fundiff/burgers/diffusion/FAE_use_pde_True/ckpt/35550.orbax-checkpoint-tmp/default.orbax-checkpoint-tmp
I0121 12:44:55.188172 140042139842112 atomicity.py:480] Renaming /autodl-fs/data/fundiff/burgers/diffusion/FAE_use_pde_True/ckpt/35550.orbax-checkpoint-tmp/default.orbax-checkpoint-tmp to /autodl-fs/data/fundiff/burgers/diffusion/FAE_use_pde_True/ckpt/35550.orbax-checkpoint-tmp/default
I0121 12:44:55.200527 140042139842112 atomicity.py:480] Renaming /autodl-fs/data/fundiff/burgers/diffusion/FAE_use_pde_True/ckpt/35550.orbax-checkpoint-tmp to /autodl-fs/data/fundiff/burgers/diffusion/FAE_use_pde_True/ckpt/35550
I0121 12:44:55.311608 140042139842112 atomicity.py:790] [process=0][thread=async_save] Finished saving checkpoint (finalized tmp dir) to `/autodl-fs/data/fundiff/burgers/diffusion/FAE_use_pde_True/ckpt/35550`.
I0121 12:44:55.313450 140042139842112 async_checkpointer.py:420] Finished async_save (blocking + background). Time taken: 12.225220s. directory=/autodl-fs/data/fundiff/burgers/diffusion/FAE_use_pde_True/ckpt/35550
I0121 12:44:55.313986 140042139842112 async_checkpointer.py:144] [process=0][thread=async_save] Background save thread done. Time taken: 11.359350s.
I0121 12:44:55.315025 140042173412928 async_checkpointer.py:273] [process=0][thread=save_finalize] Done with waiting for background save thread=async_save.
I0121 12:44:55.315539 140042173412928 async_checkpointer.py:283] [process=0][thread=save_finalize] No errors found in background save thread=async_save.
I0121 12:44:55.467462 140042173412928 deleter.py:273] Deleted step 34650.
I0121 12:44:55.468149 140042173412928 checkpoint_manager.py:2133] [process=0][thread=save_finalize][step=35550] CheckpointManager Save Finalize is syncing with other hosts...
I0121 12:44:55.468908 140042173412928 checkpoint_manager.py:2142] [process=0][thread=save_finalize][step=35550] CheckpointManager Save Finalize is done on all hosts.
step: 36000,  loss data: 6.495e-04, loss res: 1.717e-03, time: 1.735e+02
Epoch 80, getting batches from DataLoader...
step: 36450,  loss data: 1.429e-03, loss res: 1.602e-03, time: 1.721e+02
I0121 12:50:29.528126 140165176223552 checkpoint_manager.py:2013] [process=0][thread=MainThread][wait_until_finished] No Save Finalize thread to wait for. Returning.
I0121 12:50:29.530959 140165176223552 checkpoint_manager.py:1518] [process=0] Saving checkpoint at step 36450
I0121 12:50:29.533135 140165176223552 async_checkpointer.py:452] [process=0] Started async saving checkpoint to /autodl-fs/data/fundiff/burgers/diffusion/FAE_use_pde_True/ckpt/36450.
I0121 12:50:29.569472 140036427163200 atomicity.py:137] Creating tmp directory /autodl-fs/data/fundiff/burgers/diffusion/FAE_use_pde_True/ckpt/36450.orbax-checkpoint-tmp
I0121 12:50:29.669750 140037995877952 atomicity.py:137] Creating tmp directory /autodl-fs/data/fundiff/burgers/diffusion/FAE_use_pde_True/ckpt/36450.orbax-checkpoint-tmp/default.orbax-checkpoint-tmp
I0121 12:50:29.708853 140165176223552 jax_array_handlers.py:357] Scheduling D2H of 774 prioritized jax.Array.
I0121 12:50:29.709472 140165176223552 replica_slices.py:424] Transferring arrays to host memory with options: use_replica_parallel=True, min_slice_bytes_for_replica_parallel=None, max_replicas_for_replica_parallel=None, enable_pinned_host_transfer=True
I0121 12:50:30.311288 140165176223552 base_pytree_checkpoint_handler.py:151] [process=0][thread=MainThread] Initiated "orbax.checkpoint._src.serialization.jax_array_handlers.ArrayHandler".serialize. Time taken: 0.605078s
I0121 12:50:30.344895 140165176223552 base_pytree_checkpoint_handler.py:128] [process=0] /jax/checkpoint/write/blocking_gbytes_per_sec: 107.209 MiB/s (total gbytes: 85.5 MiB) (time elapsed: 797 milliseconds) (per-host)
I0121 12:50:30.352153 140165176223552 base_pytree_checkpoint_handler.py:730] [process=0][thread=MainThread] Initiated Pytree async_save. Time taken: 0.805218s (batch_requests_ready=0.106689s, total_serialization_initiated=0.679574s, others=0.018954s)
I0121 12:50:30.363558 140165176223552 composite_checkpoint_handler.py:715] [process=0][thread=MainThread] Initiated CompositeCheckpointHandler.async_save. Time taken: 0.826584s (all_items=0.000097s, per_item={'default': '0.00009656'}, temp_paths=0.826487)
I0121 12:50:30.420448 140042131449408 async_checkpointer.py:79] [process=0][thread=async_save] Background save thread started.
I0121 12:50:30.425535 140165176223552 async_checkpointer.py:561] Finished blocking save. Time taken: 0.893975s. Continuing background save to /autodl-fs/data/fundiff/burgers/diffusion/FAE_use_pde_True/ckpt/36450.
I0121 12:50:30.427906 140165176223552 checkpoint_manager.py:1566] [process=0][thread=MainThread][step=36450] Starting CheckpointManager Save Finalize thread=save_finalize
I0121 12:50:30.431768 140165176223552 standard_logger.py:34] {'step': Array(36450, dtype=int32), 'event_type': 'save', 'directory': '/autodl-fs/data/fundiff/burgers/diffusion/FAE_use_pde_True/ckpt', 'reached_preemption': False, 'preemption_received_at': None, 'synchronous': False, 'wait_for_prev_start_time': 1768971029.5278842, 'wait_for_prev_duration_secs': 0.0009775161743164062, 'time_between_consecutive_saves_sec': 334.0586540699005, 'checkpointer_blocking_start_time': 1768971029.5314772, 'checkpointer_blocking_duration_secs': 0.8959362506866455, 'get_old_steps_start_time': 1768971030.427488, 'get_old_steps_duration_secs': 0.0002639293670654297, 'checkpoint_manager_blocking_start_time': 1768971029.526413, 'checkpoint_manager_blocking_duration_secs': 0.9039440155029297}
I0121 12:50:30.569717 140043725809216 array_metadata_store.py:203] [process=0][thread=array_type_handler] Wrote 774 array_metadata.ArrayMetadata to /autodl-fs/data/fundiff/burgers/diffusion/FAE_use_pde_True/ckpt/36450.orbax-checkpoint-tmp/default.orbax-checkpoint-tmp/array_metadatas/process_0
I0121 12:50:31.463351 140042257290816 async_checkpointer.py:265] [process=0][thread=save_finalize] Waiting for background save thread=async_save.
I0121 12:50:36.204630 140042274076224 base_pytree_checkpoint_handler.py:1224] [process=0][thread=write_metadata_after_commits] Commit + Array metadata written. Time taken: 5.858875s (commit=5.741200s, array_metadata_write=0.117676s)
I0121 12:50:36.208101 140042131449408 base_pytree_checkpoint_handler.py:128] [process=0] /jax/checkpoint/write/gbytes_per_sec: 12.840 MiB/s (total gbytes: 85.5 MiB) (time elapsed: 6 seconds) (per-host)
I0121 12:50:36.208512 140042131449408 async_checkpointer.py:90] [process=0][thread=async_save] 3 Handler Commit operations completed. Time taken: 5.782740s.
I0121 12:50:36.220571 140042131449408 array_metadata_store.py:367] [process=0][thread=async_save] Skipped cross-host ArrayMetadata validation because only one process is found: process_index=0.
I0121 12:50:36.465753 140042131449408 base_pytree_checkpoint_handler.py:1348] [process=0][thread=async_save] Pytree save finalize (merge_ocdbt + ArrayMetadata validation) completed. Time taken: 0.254031s. use_zarr3=False, enable_post_merge_validation=True, directory=/autodl-fs/data/fundiff/burgers/diffusion/FAE_use_pde_True/ckpt/36450.orbax-checkpoint-tmp/default.orbax-checkpoint-tmp
I0121 12:50:36.468105 140042131449408 atomicity.py:480] Renaming /autodl-fs/data/fundiff/burgers/diffusion/FAE_use_pde_True/ckpt/36450.orbax-checkpoint-tmp/default.orbax-checkpoint-tmp to /autodl-fs/data/fundiff/burgers/diffusion/FAE_use_pde_True/ckpt/36450.orbax-checkpoint-tmp/default
I0121 12:50:36.473823 140042131449408 atomicity.py:480] Renaming /autodl-fs/data/fundiff/burgers/diffusion/FAE_use_pde_True/ckpt/36450.orbax-checkpoint-tmp to /autodl-fs/data/fundiff/burgers/diffusion/FAE_use_pde_True/ckpt/36450
I0121 12:50:37.124036 140042131449408 atomicity.py:790] [process=0][thread=async_save] Finished saving checkpoint (finalized tmp dir) to `/autodl-fs/data/fundiff/burgers/diffusion/FAE_use_pde_True/ckpt/36450`.
I0121 12:50:37.126192 140042131449408 async_checkpointer.py:420] Finished async_save (blocking + background). Time taken: 7.594625s. directory=/autodl-fs/data/fundiff/burgers/diffusion/FAE_use_pde_True/ckpt/36450
I0121 12:50:37.126729 140042131449408 async_checkpointer.py:144] [process=0][thread=async_save] Background save thread done. Time taken: 6.700948s.
I0121 12:50:37.127562 140042257290816 async_checkpointer.py:273] [process=0][thread=save_finalize] Done with waiting for background save thread=async_save.
I0121 12:50:37.128405 140042257290816 async_checkpointer.py:283] [process=0][thread=save_finalize] No errors found in background save thread=async_save.
I0121 12:50:37.185986 140042257290816 deleter.py:273] Deleted step 35550.
I0121 12:50:37.186583 140042257290816 checkpoint_manager.py:2133] [process=0][thread=save_finalize][step=36450] CheckpointManager Save Finalize is syncing with other hosts...
I0121 12:50:37.187341 140042257290816 checkpoint_manager.py:2142] [process=0][thread=save_finalize][step=36450] CheckpointManager Save Finalize is done on all hosts.
step: 36900,  loss data: 1.993e-03, loss res: 5.154e-03, time: 1.735e+02
step: 37350,  loss data: 1.513e-03, loss res: 1.720e-03, time: 1.730e+02
I0121 12:56:16.914885 140165176223552 checkpoint_manager.py:2013] [process=0][thread=MainThread][wait_until_finished] No Save Finalize thread to wait for. Returning.
I0121 12:56:16.917146 140165176223552 checkpoint_manager.py:1518] [process=0] Saving checkpoint at step 37350
I0121 12:56:16.918703 140165176223552 async_checkpointer.py:452] [process=0] Started async saving checkpoint to /autodl-fs/data/fundiff/burgers/diffusion/FAE_use_pde_True/ckpt/37350.
I0121 12:56:16.940013 140038541141568 atomicity.py:137] Creating tmp directory /autodl-fs/data/fundiff/burgers/diffusion/FAE_use_pde_True/ckpt/37350.orbax-checkpoint-tmp
I0121 12:56:17.052927 140042156627520 atomicity.py:137] Creating tmp directory /autodl-fs/data/fundiff/burgers/diffusion/FAE_use_pde_True/ckpt/37350.orbax-checkpoint-tmp/default.orbax-checkpoint-tmp
I0121 12:56:17.079694 140165176223552 jax_array_handlers.py:357] Scheduling D2H of 774 prioritized jax.Array.
I0121 12:56:17.080505 140165176223552 replica_slices.py:424] Transferring arrays to host memory with options: use_replica_parallel=True, min_slice_bytes_for_replica_parallel=None, max_replicas_for_replica_parallel=None, enable_pinned_host_transfer=True
I0121 12:56:17.645744 140165176223552 base_pytree_checkpoint_handler.py:151] [process=0][thread=MainThread] Initiated "orbax.checkpoint._src.serialization.jax_array_handlers.ArrayHandler".serialize. Time taken: 0.568667s
I0121 12:56:17.653338 140165176223552 base_pytree_checkpoint_handler.py:128] [process=0] /jax/checkpoint/write/blocking_gbytes_per_sec: 118.404 MiB/s (total gbytes: 85.5 MiB) (time elapsed: 722 milliseconds) (per-host)
I0121 12:56:17.659479 140165176223552 base_pytree_checkpoint_handler.py:730] [process=0][thread=MainThread] Initiated Pytree async_save. Time taken: 0.728607s (batch_requests_ready=0.096539s, total_serialization_initiated=0.619622s, others=0.012447s)
I0121 12:56:17.665364 140165176223552 composite_checkpoint_handler.py:715] [process=0][thread=MainThread] Initiated CompositeCheckpointHandler.async_save. Time taken: 0.742611s (all_items=0.000035s, per_item={'default': '0.00003529'}, temp_paths=0.742575)
I0121 12:56:17.757695 140042131449408 async_checkpointer.py:79] [process=0][thread=async_save] Background save thread started.
I0121 12:56:17.758057 140165176223552 async_checkpointer.py:561] Finished blocking save. Time taken: 0.840364s. Continuing background save to /autodl-fs/data/fundiff/burgers/diffusion/FAE_use_pde_True/ckpt/37350.
I0121 12:56:17.761500 140165176223552 checkpoint_manager.py:1566] [process=0][thread=MainThread][step=37350] Starting CheckpointManager Save Finalize thread=save_finalize
I0121 12:56:17.766888 140041879799360 async_checkpointer.py:265] [process=0][thread=save_finalize] Waiting for background save thread=async_save.
I0121 12:56:17.769456 140165176223552 standard_logger.py:34] {'step': Array(37350, dtype=int32), 'event_type': 'save', 'directory': '/autodl-fs/data/fundiff/burgers/diffusion/FAE_use_pde_True/ckpt', 'reached_preemption': False, 'preemption_received_at': None, 'synchronous': False, 'wait_for_prev_start_time': 1768971376.9147632, 'wait_for_prev_duration_secs': 0.0006549358367919922, 'time_between_consecutive_saves_sec': 339.72686982154846, 'checkpointer_blocking_start_time': 1768971376.917625, 'checkpointer_blocking_duration_secs': 0.8434481620788574, 'get_old_steps_start_time': 1768971377.7611477, 'get_old_steps_duration_secs': 0.000202178955078125, 'checkpoint_manager_blocking_start_time': 1768971376.913567, 'checkpoint_manager_blocking_duration_secs': 0.8546831607818604}
I0121 12:56:19.720822 140043725809216 array_metadata_store.py:203] [process=0][thread=array_type_handler] Wrote 774 array_metadata.ArrayMetadata to /autodl-fs/data/fundiff/burgers/diffusion/FAE_use_pde_True/ckpt/37350.orbax-checkpoint-tmp/default.orbax-checkpoint-tmp/array_metadatas/process_0
I0121 12:56:24.392267 140042274076224 base_pytree_checkpoint_handler.py:1224] [process=0][thread=write_metadata_after_commits] Commit + Array metadata written. Time taken: 6.733458s (commit=6.565598s, array_metadata_write=0.167860s)
I0121 12:56:24.396047 140042131449408 base_pytree_checkpoint_handler.py:128] [process=0] /jax/checkpoint/write/gbytes_per_sec: 11.457 MiB/s (total gbytes: 85.5 MiB) (time elapsed: 7 seconds) (per-host)
I0121 12:56:24.396550 140042131449408 async_checkpointer.py:90] [process=0][thread=async_save] 3 Handler Commit operations completed. Time taken: 6.637848s.
I0121 12:56:24.410379 140042131449408 array_metadata_store.py:367] [process=0][thread=async_save] Skipped cross-host ArrayMetadata validation because only one process is found: process_index=0.
I0121 12:56:24.487532 140042131449408 base_pytree_checkpoint_handler.py:1348] [process=0][thread=async_save] Pytree save finalize (merge_ocdbt + ArrayMetadata validation) completed. Time taken: 0.087774s. use_zarr3=False, enable_post_merge_validation=True, directory=/autodl-fs/data/fundiff/burgers/diffusion/FAE_use_pde_True/ckpt/37350.orbax-checkpoint-tmp/default.orbax-checkpoint-tmp
I0121 12:56:24.490366 140042131449408 atomicity.py:480] Renaming /autodl-fs/data/fundiff/burgers/diffusion/FAE_use_pde_True/ckpt/37350.orbax-checkpoint-tmp/default.orbax-checkpoint-tmp to /autodl-fs/data/fundiff/burgers/diffusion/FAE_use_pde_True/ckpt/37350.orbax-checkpoint-tmp/default
