I0121 10:14:13.618998 140165176223552 standard_logger.py:34] {'step': Array(12150, dtype=int32), 'event_type': 'save', 'directory': '/autodl-fs/data/fundiff/burgers/diffusion/FAE_use_pde_True/ckpt', 'reached_preemption': False, 'preemption_received_at': None, 'synchronous': False, 'wait_for_prev_start_time': 1768961652.776111, 'wait_for_prev_duration_secs': 0.0008907318115234375, 'time_between_consecutive_saves_sec': 341.6331388950348, 'checkpointer_blocking_start_time': 1768961652.7798097, 'checkpointer_blocking_duration_secs': 0.8359925746917725, 'get_old_steps_start_time': 1768961653.6158545, 'get_old_steps_duration_secs': 0.00014138221740722656, 'checkpoint_manager_blocking_start_time': 1768961652.7746017, 'checkpoint_manager_blocking_duration_secs': 0.8436853885650635}
I0121 10:14:13.638397 140043725809216 array_metadata_store.py:203] [process=0][thread=array_type_handler] Wrote 774 array_metadata.ArrayMetadata to /autodl-fs/data/fundiff/burgers/diffusion/FAE_use_pde_True/ckpt/12150.orbax-checkpoint-tmp/default.orbax-checkpoint-tmp/array_metadatas/process_0
I0121 10:14:15.122733 140042274076224 base_pytree_checkpoint_handler.py:1224] [process=0][thread=write_metadata_after_commits] Commit + Array metadata written. Time taken: 1.531466s (commit=1.404158s, array_metadata_write=0.127309s)
I0121 10:14:15.126653 140042265683520 base_pytree_checkpoint_handler.py:128] [process=0] /jax/checkpoint/write/gbytes_per_sec: 36.686 MiB/s (total gbytes: 85.5 MiB) (time elapsed: 2 seconds) (per-host)
I0121 10:14:15.127189 140042265683520 async_checkpointer.py:90] [process=0][thread=async_save] 3 Handler Commit operations completed. Time taken: 1.512565s.
I0121 10:14:15.139786 140042265683520 array_metadata_store.py:367] [process=0][thread=async_save] Skipped cross-host ArrayMetadata validation because only one process is found: process_index=0.
I0121 10:14:15.207539 140042265683520 base_pytree_checkpoint_handler.py:1348] [process=0][thread=async_save] Pytree save finalize (merge_ocdbt + ArrayMetadata validation) completed. Time taken: 0.077112s. use_zarr3=False, enable_post_merge_validation=True, directory=/autodl-fs/data/fundiff/burgers/diffusion/FAE_use_pde_True/ckpt/12150.orbax-checkpoint-tmp/default.orbax-checkpoint-tmp
I0121 10:14:15.209438 140042265683520 atomicity.py:480] Renaming /autodl-fs/data/fundiff/burgers/diffusion/FAE_use_pde_True/ckpt/12150.orbax-checkpoint-tmp/default.orbax-checkpoint-tmp to /autodl-fs/data/fundiff/burgers/diffusion/FAE_use_pde_True/ckpt/12150.orbax-checkpoint-tmp/default
I0121 10:14:15.214417 140042265683520 atomicity.py:480] Renaming /autodl-fs/data/fundiff/burgers/diffusion/FAE_use_pde_True/ckpt/12150.orbax-checkpoint-tmp to /autodl-fs/data/fundiff/burgers/diffusion/FAE_use_pde_True/ckpt/12150
I0121 10:14:15.254256 140042265683520 atomicity.py:790] [process=0][thread=async_save] Finished saving checkpoint (finalized tmp dir) to `/autodl-fs/data/fundiff/burgers/diffusion/FAE_use_pde_True/ckpt/12150`.
I0121 10:14:15.255814 140042265683520 async_checkpointer.py:420] Finished async_save (blocking + background). Time taken: 2.475945s. directory=/autodl-fs/data/fundiff/burgers/diffusion/FAE_use_pde_True/ckpt/12150
I0121 10:14:15.256166 140042265683520 async_checkpointer.py:144] [process=0][thread=async_save] Background save thread done. Time taken: 1.641551s.
I0121 10:14:15.256789 140041871406656 async_checkpointer.py:273] [process=0][thread=save_finalize] Done with waiting for background save thread=async_save.
I0121 10:14:15.257288 140041871406656 async_checkpointer.py:283] [process=0][thread=save_finalize] No errors found in background save thread=async_save.
I0121 10:14:15.298805 140041871406656 deleter.py:273] Deleted step 11250.
I0121 10:14:15.299248 140041871406656 checkpoint_manager.py:2133] [process=0][thread=save_finalize][step=12150] CheckpointManager Save Finalize is syncing with other hosts...
I0121 10:14:15.299594 140041871406656 checkpoint_manager.py:2142] [process=0][thread=save_finalize][step=12150] CheckpointManager Save Finalize is done on all hosts.
step: 12600,  loss data: 4.820e-03, loss res: 1.901e-02, time: 1.716e+02
step: 13050,  loss data: 9.124e-03, loss res: 1.552e-02, time: 1.736e+02
I0121 10:19:58.887044 140165176223552 checkpoint_manager.py:2013] [process=0][thread=MainThread][wait_until_finished] No Save Finalize thread to wait for. Returning.
I0121 10:19:58.889554 140165176223552 checkpoint_manager.py:1518] [process=0] Saving checkpoint at step 13050
I0121 10:19:58.891248 140165176223552 async_checkpointer.py:452] [process=0] Started async saving checkpoint to /autodl-fs/data/fundiff/burgers/diffusion/FAE_use_pde_True/ckpt/13050.
I0121 10:19:58.914527 140040537622080 atomicity.py:137] Creating tmp directory /autodl-fs/data/fundiff/burgers/diffusion/FAE_use_pde_True/ckpt/13050.orbax-checkpoint-tmp
I0121 10:19:59.020901 140039983965760 atomicity.py:137] Creating tmp directory /autodl-fs/data/fundiff/burgers/diffusion/FAE_use_pde_True/ckpt/13050.orbax-checkpoint-tmp/default.orbax-checkpoint-tmp
I0121 10:19:59.059581 140165176223552 jax_array_handlers.py:357] Scheduling D2H of 774 prioritized jax.Array.
I0121 10:19:59.060487 140165176223552 replica_slices.py:424] Transferring arrays to host memory with options: use_replica_parallel=True, min_slice_bytes_for_replica_parallel=None, max_replicas_for_replica_parallel=None, enable_pinned_host_transfer=True
I0121 10:19:59.639494 140165176223552 base_pytree_checkpoint_handler.py:151] [process=0][thread=MainThread] Initiated "orbax.checkpoint._src.serialization.jax_array_handlers.ArrayHandler".serialize. Time taken: 0.582659s
I0121 10:19:59.658535 140165176223552 base_pytree_checkpoint_handler.py:128] [process=0] /jax/checkpoint/write/blocking_gbytes_per_sec: 113.317 MiB/s (total gbytes: 85.5 MiB) (time elapsed: 754 milliseconds) (per-host)
I0121 10:19:59.685622 140165176223552 base_pytree_checkpoint_handler.py:730] [process=0][thread=MainThread] Initiated Pytree async_save. Time taken: 0.781982s (batch_requests_ready=0.100275s, total_serialization_initiated=0.642455s, others=0.039252s)
I0121 10:19:59.707956 140165176223552 composite_checkpoint_handler.py:715] [process=0][thread=MainThread] Initiated CompositeCheckpointHandler.async_save. Time taken: 0.812293s (all_items=0.000041s, per_item={'default': '0.00004053'}, temp_paths=0.812253)
I0121 10:19:59.749202 140042257290816 async_checkpointer.py:79] [process=0][thread=async_save] Background save thread started.
I0121 10:19:59.749959 140165176223552 async_checkpointer.py:561] Finished blocking save. Time taken: 0.859855s. Continuing background save to /autodl-fs/data/fundiff/burgers/diffusion/FAE_use_pde_True/ckpt/13050.
I0121 10:19:59.752063 140165176223552 checkpoint_manager.py:1566] [process=0][thread=MainThread][step=13050] Starting CheckpointManager Save Finalize thread=save_finalize
I0121 10:19:59.756384 140042131449408 async_checkpointer.py:265] [process=0][thread=save_finalize] Waiting for background save thread=async_save.
I0121 10:19:59.759149 140165176223552 standard_logger.py:34] {'step': Array(13050, dtype=int32), 'event_type': 'save', 'directory': '/autodl-fs/data/fundiff/burgers/diffusion/FAE_use_pde_True/ckpt', 'reached_preemption': False, 'preemption_received_at': None, 'synchronous': False, 'wait_for_prev_start_time': 1768961998.8869233, 'wait_for_prev_duration_secs': 0.0006988048553466797, 'time_between_consecutive_saves_sec': 343.5871229171753, 'checkpointer_blocking_start_time': 1768961998.8900437, 'checkpointer_blocking_duration_secs': 0.861588716506958, 'get_old_steps_start_time': 1768961999.7517178, 'get_old_steps_duration_secs': 0.00021886825561523438, 'checkpoint_manager_blocking_start_time': 1768961998.885569, 'checkpoint_manager_blocking_duration_secs': 0.8721296787261963}
I0121 10:19:59.785485 140043725809216 array_metadata_store.py:203] [process=0][thread=array_type_handler] Wrote 774 array_metadata.ArrayMetadata to /autodl-fs/data/fundiff/burgers/diffusion/FAE_use_pde_True/ckpt/13050.orbax-checkpoint-tmp/default.orbax-checkpoint-tmp/array_metadatas/process_0
I0121 10:20:01.387872 140042274076224 base_pytree_checkpoint_handler.py:1224] [process=0][thread=write_metadata_after_commits] Commit + Array metadata written. Time taken: 1.713318s (commit=1.600178s, array_metadata_write=0.113139s)
I0121 10:20:01.391378 140042257290816 base_pytree_checkpoint_handler.py:128] [process=0] /jax/checkpoint/write/gbytes_per_sec: 34.382 MiB/s (total gbytes: 85.5 MiB) (time elapsed: 2 seconds) (per-host)
I0121 10:20:01.391970 140042257290816 async_checkpointer.py:90] [process=0][thread=async_save] 3 Handler Commit operations completed. Time taken: 1.641591s.
I0121 10:20:01.412480 140042257290816 array_metadata_store.py:367] [process=0][thread=async_save] Skipped cross-host ArrayMetadata validation because only one process is found: process_index=0.
I0121 10:20:01.522406 140042257290816 base_pytree_checkpoint_handler.py:1348] [process=0][thread=async_save] Pytree save finalize (merge_ocdbt + ArrayMetadata validation) completed. Time taken: 0.124751s. use_zarr3=False, enable_post_merge_validation=True, directory=/autodl-fs/data/fundiff/burgers/diffusion/FAE_use_pde_True/ckpt/13050.orbax-checkpoint-tmp/default.orbax-checkpoint-tmp
I0121 10:20:01.524833 140042257290816 atomicity.py:480] Renaming /autodl-fs/data/fundiff/burgers/diffusion/FAE_use_pde_True/ckpt/13050.orbax-checkpoint-tmp/default.orbax-checkpoint-tmp to /autodl-fs/data/fundiff/burgers/diffusion/FAE_use_pde_True/ckpt/13050.orbax-checkpoint-tmp/default
I0121 10:20:01.531317 140042257290816 atomicity.py:480] Renaming /autodl-fs/data/fundiff/burgers/diffusion/FAE_use_pde_True/ckpt/13050.orbax-checkpoint-tmp to /autodl-fs/data/fundiff/burgers/diffusion/FAE_use_pde_True/ckpt/13050
I0121 10:20:01.551673 140042257290816 atomicity.py:790] [process=0][thread=async_save] Finished saving checkpoint (finalized tmp dir) to `/autodl-fs/data/fundiff/burgers/diffusion/FAE_use_pde_True/ckpt/13050`.
I0121 10:20:01.553260 140042257290816 async_checkpointer.py:420] Finished async_save (blocking + background). Time taken: 2.663174s. directory=/autodl-fs/data/fundiff/burgers/diffusion/FAE_use_pde_True/ckpt/13050
I0121 10:20:01.553748 140042257290816 async_checkpointer.py:144] [process=0][thread=async_save] Background save thread done. Time taken: 1.803373s.
I0121 10:20:01.554467 140042131449408 async_checkpointer.py:273] [process=0][thread=save_finalize] Done with waiting for background save thread=async_save.
I0121 10:20:01.555076 140042131449408 async_checkpointer.py:283] [process=0][thread=save_finalize] No errors found in background save thread=async_save.
I0121 10:20:01.666404 140042131449408 deleter.py:273] Deleted step 12150.
I0121 10:20:01.667313 140042131449408 checkpoint_manager.py:2133] [process=0][thread=save_finalize][step=13050] CheckpointManager Save Finalize is syncing with other hosts...
I0121 10:20:01.668150 140042131449408 checkpoint_manager.py:2142] [process=0][thread=save_finalize][step=13050] CheckpointManager Save Finalize is done on all hosts.
step: 13500,  loss data: 1.919e-03, loss res: 1.181e-02, time: 1.735e+02
Epoch 30, getting batches from DataLoader...
step: 13950,  loss data: 5.468e-03, loss res: 1.321e-02, time: 1.742e+02
I0121 10:25:47.504648 140165176223552 checkpoint_manager.py:2013] [process=0][thread=MainThread][wait_until_finished] No Save Finalize thread to wait for. Returning.
I0121 10:25:47.506923 140165176223552 checkpoint_manager.py:1518] [process=0] Saving checkpoint at step 13950
I0121 10:25:47.508339 140165176223552 async_checkpointer.py:452] [process=0] Started async saving checkpoint to /autodl-fs/data/fundiff/burgers/diffusion/FAE_use_pde_True/ckpt/13950.
I0121 10:25:47.540000 140040000751168 atomicity.py:137] Creating tmp directory /autodl-fs/data/fundiff/burgers/diffusion/FAE_use_pde_True/ckpt/13950.orbax-checkpoint-tmp
I0121 10:25:47.645294 140039052834368 atomicity.py:137] Creating tmp directory /autodl-fs/data/fundiff/burgers/diffusion/FAE_use_pde_True/ckpt/13950.orbax-checkpoint-tmp/default.orbax-checkpoint-tmp
I0121 10:25:47.675866 140165176223552 jax_array_handlers.py:357] Scheduling D2H of 774 prioritized jax.Array.
I0121 10:25:47.676679 140165176223552 replica_slices.py:424] Transferring arrays to host memory with options: use_replica_parallel=True, min_slice_bytes_for_replica_parallel=None, max_replicas_for_replica_parallel=None, enable_pinned_host_transfer=True
I0121 10:25:48.185253 140165176223552 base_pytree_checkpoint_handler.py:151] [process=0][thread=MainThread] Initiated "orbax.checkpoint._src.serialization.jax_array_handlers.ArrayHandler".serialize. Time taken: 0.512076s
I0121 10:25:48.203367 140165176223552 base_pytree_checkpoint_handler.py:128] [process=0] /jax/checkpoint/write/blocking_gbytes_per_sec: 125.176 MiB/s (total gbytes: 85.5 MiB) (time elapsed: 683 milliseconds) (per-host)
I0121 10:25:48.214785 140165176223552 base_pytree_checkpoint_handler.py:730] [process=0][thread=MainThread] Initiated Pytree async_save. Time taken: 0.694833s (batch_requests_ready=0.100162s, total_serialization_initiated=0.571365s, others=0.023306s)
I0121 10:25:48.221071 140165176223552 composite_checkpoint_handler.py:715] [process=0][thread=MainThread] Initiated CompositeCheckpointHandler.async_save. Time taken: 0.708617s (all_items=0.000035s, per_item={'default': '0.00003529'}, temp_paths=0.708582)
I0121 10:25:48.892909 140033222755904 async_checkpointer.py:79] [process=0][thread=async_save] Background save thread started.
I0121 10:25:48.897674 140165176223552 async_checkpointer.py:561] Finished blocking save. Time taken: 1.390255s. Continuing background save to /autodl-fs/data/fundiff/burgers/diffusion/FAE_use_pde_True/ckpt/13950.
I0121 10:25:48.900509 140165176223552 checkpoint_manager.py:1566] [process=0][thread=MainThread][step=13950] Starting CheckpointManager Save Finalize thread=save_finalize
I0121 10:25:48.901308 140032711063104 async_checkpointer.py:265] [process=0][thread=save_finalize] Waiting for background save thread=async_save.
I0121 10:25:48.919069 140165176223552 standard_logger.py:34] {'step': Array(13950, dtype=int32), 'event_type': 'save', 'directory': '/autodl-fs/data/fundiff/burgers/diffusion/FAE_use_pde_True/ckpt', 'reached_preemption': False, 'preemption_received_at': None, 'synchronous': False, 'wait_for_prev_start_time': 1768962347.5045385, 'wait_for_prev_duration_secs': 0.0006070137023925781, 'time_between_consecutive_saves_sec': 345.8360457420349, 'checkpointer_blocking_start_time': 1768962347.507364, 'checkpointer_blocking_duration_secs': 1.3927996158599854, 'get_old_steps_start_time': 1768962348.9002361, 'get_old_steps_duration_secs': 0.00017070770263671875, 'checkpoint_manager_blocking_start_time': 1768962347.5035746, 'checkpoint_manager_blocking_duration_secs': 1.402590274810791}
I0121 10:25:49.116122 140042265683520 array_metadata_store.py:203] [process=0][thread=array_type_handler] Wrote 774 array_metadata.ArrayMetadata to /autodl-fs/data/fundiff/burgers/diffusion/FAE_use_pde_True/ckpt/13950.orbax-checkpoint-tmp/default.orbax-checkpoint-tmp/array_metadatas/process_0
I0121 10:25:50.290473 140042257290816 base_pytree_checkpoint_handler.py:1224] [process=0][thread=write_metadata_after_commits] Commit + Array metadata written. Time taken: 2.087514s (commit=2.017953s, array_metadata_write=0.069561s)
I0121 10:25:50.293275 140033222755904 base_pytree_checkpoint_handler.py:128] [process=0] /jax/checkpoint/write/gbytes_per_sec: 30.841 MiB/s (total gbytes: 85.5 MiB) (time elapsed: 2 seconds) (per-host)
I0121 10:25:50.293837 140033222755904 async_checkpointer.py:90] [process=0][thread=async_save] 3 Handler Commit operations completed. Time taken: 1.395051s.
I0121 10:25:50.310059 140033222755904 array_metadata_store.py:367] [process=0][thread=async_save] Skipped cross-host ArrayMetadata validation because only one process is found: process_index=0.
I0121 10:25:50.382582 140033222755904 base_pytree_checkpoint_handler.py:1348] [process=0][thread=async_save] Pytree save finalize (merge_ocdbt + ArrayMetadata validation) completed. Time taken: 0.085074s. use_zarr3=False, enable_post_merge_validation=True, directory=/autodl-fs/data/fundiff/burgers/diffusion/FAE_use_pde_True/ckpt/13950.orbax-checkpoint-tmp/default.orbax-checkpoint-tmp
I0121 10:25:50.385189 140033222755904 atomicity.py:480] Renaming /autodl-fs/data/fundiff/burgers/diffusion/FAE_use_pde_True/ckpt/13950.orbax-checkpoint-tmp/default.orbax-checkpoint-tmp to /autodl-fs/data/fundiff/burgers/diffusion/FAE_use_pde_True/ckpt/13950.orbax-checkpoint-tmp/default
I0121 10:25:50.391796 140033222755904 atomicity.py:480] Renaming /autodl-fs/data/fundiff/burgers/diffusion/FAE_use_pde_True/ckpt/13950.orbax-checkpoint-tmp to /autodl-fs/data/fundiff/burgers/diffusion/FAE_use_pde_True/ckpt/13950
I0121 10:25:50.415771 140033222755904 atomicity.py:790] [process=0][thread=async_save] Finished saving checkpoint (finalized tmp dir) to `/autodl-fs/data/fundiff/burgers/diffusion/FAE_use_pde_True/ckpt/13950`.
I0121 10:25:50.417297 140033222755904 async_checkpointer.py:420] Finished async_save (blocking + background). Time taken: 2.909890s. directory=/autodl-fs/data/fundiff/burgers/diffusion/FAE_use_pde_True/ckpt/13950
I0121 10:25:50.417789 140033222755904 async_checkpointer.py:144] [process=0][thread=async_save] Background save thread done. Time taken: 1.519003s.
I0121 10:25:50.418486 140032711063104 async_checkpointer.py:273] [process=0][thread=save_finalize] Done with waiting for background save thread=async_save.
I0121 10:25:50.419242 140032711063104 async_checkpointer.py:283] [process=0][thread=save_finalize] No errors found in background save thread=async_save.
I0121 10:25:50.475144 140032711063104 deleter.py:273] Deleted step 13050.
I0121 10:25:50.475615 140032711063104 checkpoint_manager.py:2133] [process=0][thread=save_finalize][step=13950] CheckpointManager Save Finalize is syncing with other hosts...
I0121 10:25:50.476139 140032711063104 checkpoint_manager.py:2142] [process=0][thread=save_finalize][step=13950] CheckpointManager Save Finalize is done on all hosts.
step: 14400,  loss data: 3.028e-03, loss res: 1.332e-02, time: 1.743e+02
step: 14850,  loss data: 3.926e-03, loss res: 1.600e-02, time: 1.747e+02
I0121 10:31:38.007812 140165176223552 checkpoint_manager.py:2013] [process=0][thread=MainThread][wait_until_finished] No Save Finalize thread to wait for. Returning.
I0121 10:31:38.010699 140165176223552 checkpoint_manager.py:1518] [process=0] Saving checkpoint at step 14850
I0121 10:31:38.012774 140165176223552 async_checkpointer.py:452] [process=0] Started async saving checkpoint to /autodl-fs/data/fundiff/burgers/diffusion/FAE_use_pde_True/ckpt/14850.
I0121 10:31:38.041044 140034850154048 atomicity.py:137] Creating tmp directory /autodl-fs/data/fundiff/burgers/diffusion/FAE_use_pde_True/ckpt/14850.orbax-checkpoint-tmp
I0121 10:31:38.155113 140035949041216 atomicity.py:137] Creating tmp directory /autodl-fs/data/fundiff/burgers/diffusion/FAE_use_pde_True/ckpt/14850.orbax-checkpoint-tmp/default.orbax-checkpoint-tmp
I0121 10:31:38.191388 140165176223552 jax_array_handlers.py:357] Scheduling D2H of 774 prioritized jax.Array.
I0121 10:31:38.193075 140165176223552 replica_slices.py:424] Transferring arrays to host memory with options: use_replica_parallel=True, min_slice_bytes_for_replica_parallel=None, max_replicas_for_replica_parallel=None, enable_pinned_host_transfer=True
I0121 10:31:38.770438 140165176223552 base_pytree_checkpoint_handler.py:151] [process=0][thread=MainThread] Initiated "orbax.checkpoint._src.serialization.jax_array_handlers.ArrayHandler".serialize. Time taken: 0.581894s
I0121 10:31:38.788216 140165176223552 base_pytree_checkpoint_handler.py:128] [process=0] /jax/checkpoint/write/blocking_gbytes_per_sec: 112.718 MiB/s (total gbytes: 85.5 MiB) (time elapsed: 758 milliseconds) (per-host)
I0121 10:31:38.800559 140165176223552 base_pytree_checkpoint_handler.py:730] [process=0][thread=MainThread] Initiated Pytree async_save. Time taken: 0.771356s (batch_requests_ready=0.105222s, total_serialization_initiated=0.642091s, others=0.024043s)
I0121 10:31:38.837945 140165176223552 composite_checkpoint_handler.py:715] [process=0][thread=MainThread] Initiated CompositeCheckpointHandler.async_save. Time taken: 0.820384s (all_items=0.000090s, per_item={'default': '0.00009036'}, temp_paths=0.820294)
I0121 10:31:38.860076 140042139842112 async_checkpointer.py:79] [process=0][thread=async_save] Background save thread started.
I0121 10:31:38.860864 140165176223552 async_checkpointer.py:561] Finished blocking save. Time taken: 0.849589s. Continuing background save to /autodl-fs/data/fundiff/burgers/diffusion/FAE_use_pde_True/ckpt/14850.
I0121 10:31:38.864415 140165176223552 checkpoint_manager.py:1566] [process=0][thread=MainThread][step=14850] Starting CheckpointManager Save Finalize thread=save_finalize
I0121 10:31:38.866080 140042131449408 async_checkpointer.py:265] [process=0][thread=save_finalize] Waiting for background save thread=async_save.
I0121 10:31:38.871638 140165176223552 standard_logger.py:34] {'step': Array(14850, dtype=int32), 'event_type': 'save', 'directory': '/autodl-fs/data/fundiff/burgers/diffusion/FAE_use_pde_True/ckpt', 'reached_preemption': False, 'preemption_received_at': None, 'synchronous': False, 'wait_for_prev_start_time': 1768962698.0075831, 'wait_for_prev_duration_secs': 0.0008862018585205078, 'time_between_consecutive_saves_sec': 347.5312170982361, 'checkpointer_blocking_start_time': 1768962698.011182, 'checkpointer_blocking_duration_secs': 0.8526978492736816, 'get_old_steps_start_time': 1768962698.8639693, 'get_old_steps_duration_secs': 0.00028395652770996094, 'checkpoint_manager_blocking_start_time': 1768962698.0059807, 'checkpoint_manager_blocking_duration_secs': 0.8615014553070068}
I0121 10:31:38.887331 140043725809216 array_metadata_store.py:203] [process=0][thread=array_type_handler] Wrote 774 array_metadata.ArrayMetadata to /autodl-fs/data/fundiff/burgers/diffusion/FAE_use_pde_True/ckpt/14850.orbax-checkpoint-tmp/default.orbax-checkpoint-tmp/array_metadatas/process_0
I0121 10:31:40.424799 140042274076224 base_pytree_checkpoint_handler.py:1224] [process=0][thread=write_metadata_after_commits] Commit + Array metadata written. Time taken: 1.630985s (commit=1.506371s, array_metadata_write=0.124614s)
I0121 10:31:40.428805 140042139842112 base_pytree_checkpoint_handler.py:128] [process=0] /jax/checkpoint/write/gbytes_per_sec: 35.645 MiB/s (total gbytes: 85.5 MiB) (time elapsed: 2 seconds) (per-host)
I0121 10:31:40.429278 140042139842112 async_checkpointer.py:90] [process=0][thread=async_save] 3 Handler Commit operations completed. Time taken: 1.567432s.
I0121 10:31:40.446781 140042139842112 array_metadata_store.py:367] [process=0][thread=async_save] Skipped cross-host ArrayMetadata validation because only one process is found: process_index=0.
I0121 10:31:40.540299 140042139842112 base_pytree_checkpoint_handler.py:1348] [process=0][thread=async_save] Pytree save finalize (merge_ocdbt + ArrayMetadata validation) completed. Time taken: 0.105974s. use_zarr3=False, enable_post_merge_validation=True, directory=/autodl-fs/data/fundiff/burgers/diffusion/FAE_use_pde_True/ckpt/14850.orbax-checkpoint-tmp/default.orbax-checkpoint-tmp
I0121 10:31:40.542818 140042139842112 atomicity.py:480] Renaming /autodl-fs/data/fundiff/burgers/diffusion/FAE_use_pde_True/ckpt/14850.orbax-checkpoint-tmp/default.orbax-checkpoint-tmp to /autodl-fs/data/fundiff/burgers/diffusion/FAE_use_pde_True/ckpt/14850.orbax-checkpoint-tmp/default
I0121 10:31:40.548382 140042139842112 atomicity.py:480] Renaming /autodl-fs/data/fundiff/burgers/diffusion/FAE_use_pde_True/ckpt/14850.orbax-checkpoint-tmp to /autodl-fs/data/fundiff/burgers/diffusion/FAE_use_pde_True/ckpt/14850
I0121 10:31:40.564016 140042139842112 atomicity.py:790] [process=0][thread=async_save] Finished saving checkpoint (finalized tmp dir) to `/autodl-fs/data/fundiff/burgers/diffusion/FAE_use_pde_True/ckpt/14850`.
I0121 10:31:40.565646 140042139842112 async_checkpointer.py:420] Finished async_save (blocking + background). Time taken: 2.554393s. directory=/autodl-fs/data/fundiff/burgers/diffusion/FAE_use_pde_True/ckpt/14850
I0121 10:31:40.566342 140042139842112 async_checkpointer.py:144] [process=0][thread=async_save] Background save thread done. Time taken: 1.704490s.
I0121 10:31:40.567379 140042131449408 async_checkpointer.py:273] [process=0][thread=save_finalize] Done with waiting for background save thread=async_save.
I0121 10:31:40.567968 140042131449408 async_checkpointer.py:283] [process=0][thread=save_finalize] No errors found in background save thread=async_save.
I0121 10:31:40.641873 140042131449408 deleter.py:273] Deleted step 13950.
I0121 10:31:40.642416 140042131449408 checkpoint_manager.py:2133] [process=0][thread=save_finalize][step=14850] CheckpointManager Save Finalize is syncing with other hosts...
I0121 10:31:40.642767 140042131449408 checkpoint_manager.py:2142] [process=0][thread=save_finalize][step=14850] CheckpointManager Save Finalize is done on all hosts.
step: 15300,  loss data: 3.949e-03, loss res: 1.679e-02, time: 1.736e+02
step: 15750,  loss data: 2.928e-03, loss res: 9.447e-03, time: 1.729e+02
I0121 10:37:25.427452 140165176223552 checkpoint_manager.py:2013] [process=0][thread=MainThread][wait_until_finished] No Save Finalize thread to wait for. Returning.
I0121 10:37:25.429859 140165176223552 checkpoint_manager.py:1518] [process=0] Saving checkpoint at step 15750
I0121 10:37:25.431433 140165176223552 async_checkpointer.py:452] [process=0] Started async saving checkpoint to /autodl-fs/data/fundiff/burgers/diffusion/FAE_use_pde_True/ckpt/15750.
I0121 10:37:25.467679 140041871406656 atomicity.py:137] Creating tmp directory /autodl-fs/data/fundiff/burgers/diffusion/FAE_use_pde_True/ckpt/15750.orbax-checkpoint-tmp
I0121 10:37:25.572268 140042173412928 atomicity.py:137] Creating tmp directory /autodl-fs/data/fundiff/burgers/diffusion/FAE_use_pde_True/ckpt/15750.orbax-checkpoint-tmp/default.orbax-checkpoint-tmp
I0121 10:37:25.597796 140165176223552 jax_array_handlers.py:357] Scheduling D2H of 774 prioritized jax.Array.
I0121 10:37:25.598472 140165176223552 replica_slices.py:424] Transferring arrays to host memory with options: use_replica_parallel=True, min_slice_bytes_for_replica_parallel=None, max_replicas_for_replica_parallel=None, enable_pinned_host_transfer=True
I0121 10:37:26.204468 140165176223552 base_pytree_checkpoint_handler.py:151] [process=0][thread=MainThread] Initiated "orbax.checkpoint._src.serialization.jax_array_handlers.ArrayHandler".serialize. Time taken: 0.609267s
I0121 10:37:26.207030 140165176223552 base_pytree_checkpoint_handler.py:128] [process=0] /jax/checkpoint/write/blocking_gbytes_per_sec: 111.939 MiB/s (total gbytes: 85.5 MiB) (time elapsed: 764 milliseconds) (per-host)
I0121 10:37:26.224334 140165176223552 base_pytree_checkpoint_handler.py:730] [process=0][thread=MainThread] Initiated Pytree async_save. Time taken: 0.781482s (batch_requests_ready=0.098538s, total_serialization_initiated=0.664582s, others=0.018361s)
I0121 10:37:26.230880 140165176223552 composite_checkpoint_handler.py:715] [process=0][thread=MainThread] Initiated CompositeCheckpointHandler.async_save. Time taken: 0.795872s (all_items=0.000035s, per_item={'default': '0.00003529'}, temp_paths=0.795836)
I0121 10:37:26.313255 140042139842112 async_checkpointer.py:79] [process=0][thread=async_save] Background save thread started.
I0121 10:37:26.315696 140165176223552 async_checkpointer.py:561] Finished blocking save. Time taken: 0.885279s. Continuing background save to /autodl-fs/data/fundiff/burgers/diffusion/FAE_use_pde_True/ckpt/15750.
I0121 10:37:26.321899 140165176223552 checkpoint_manager.py:1566] [process=0][thread=MainThread][step=15750] Starting CheckpointManager Save Finalize thread=save_finalize
I0121 10:37:26.331351 140042131449408 async_checkpointer.py:265] [process=0][thread=save_finalize] Waiting for background save thread=async_save.
I0121 10:37:26.334928 140165176223552 standard_logger.py:34] {'step': Array(15750, dtype=int32), 'event_type': 'save', 'directory': '/autodl-fs/data/fundiff/burgers/diffusion/FAE_use_pde_True/ckpt', 'reached_preemption': False, 'preemption_received_at': None, 'synchronous': False, 'wait_for_prev_start_time': 1768963045.4273345, 'wait_for_prev_duration_secs': 0.0006353855133056641, 'time_between_consecutive_saves_sec': 344.78436517715454, 'checkpointer_blocking_start_time': 1768963045.4303598, 'checkpointer_blocking_duration_secs': 0.8906817436218262, 'get_old_steps_start_time': 1768963046.3213916, 'get_old_steps_duration_secs': 0.00031638145446777344, 'checkpoint_manager_blocking_start_time': 1768963045.42623, 'checkpoint_manager_blocking_duration_secs': 0.9073846340179443}
I0121 10:37:26.347375 140043725809216 array_metadata_store.py:203] [process=0][thread=array_type_handler] Wrote 774 array_metadata.ArrayMetadata to /autodl-fs/data/fundiff/burgers/diffusion/FAE_use_pde_True/ckpt/15750.orbax-checkpoint-tmp/default.orbax-checkpoint-tmp/array_metadatas/process_0
I0121 10:37:27.988853 140042274076224 base_pytree_checkpoint_handler.py:1224] [process=0][thread=write_metadata_after_commits] Commit + Array metadata written. Time taken: 1.765145s (commit=1.640652s, array_metadata_write=0.124493s)
I0121 10:37:27.992492 140042139842112 base_pytree_checkpoint_handler.py:128] [process=0] /jax/checkpoint/write/gbytes_per_sec: 33.547 MiB/s (total gbytes: 85.5 MiB) (time elapsed: 2 seconds) (per-host)
I0121 10:37:27.992901 140042139842112 async_checkpointer.py:90] [process=0][thread=async_save] 3 Handler Commit operations completed. Time taken: 1.677978s.
I0121 10:37:28.004788 140042139842112 array_metadata_store.py:367] [process=0][thread=async_save] Skipped cross-host ArrayMetadata validation because only one process is found: process_index=0.
I0121 10:37:28.089652 140042139842112 base_pytree_checkpoint_handler.py:1348] [process=0][thread=async_save] Pytree save finalize (merge_ocdbt + ArrayMetadata validation) completed. Time taken: 0.093707s. use_zarr3=False, enable_post_merge_validation=True, directory=/autodl-fs/data/fundiff/burgers/diffusion/FAE_use_pde_True/ckpt/15750.orbax-checkpoint-tmp/default.orbax-checkpoint-tmp
I0121 10:37:28.092903 140042139842112 atomicity.py:480] Renaming /autodl-fs/data/fundiff/burgers/diffusion/FAE_use_pde_True/ckpt/15750.orbax-checkpoint-tmp/default.orbax-checkpoint-tmp to /autodl-fs/data/fundiff/burgers/diffusion/FAE_use_pde_True/ckpt/15750.orbax-checkpoint-tmp/default
I0121 10:37:28.098728 140042139842112 atomicity.py:480] Renaming /autodl-fs/data/fundiff/burgers/diffusion/FAE_use_pde_True/ckpt/15750.orbax-checkpoint-tmp to /autodl-fs/data/fundiff/burgers/diffusion/FAE_use_pde_True/ckpt/15750
I0121 10:37:28.141703 140042139842112 atomicity.py:790] [process=0][thread=async_save] Finished saving checkpoint (finalized tmp dir) to `/autodl-fs/data/fundiff/burgers/diffusion/FAE_use_pde_True/ckpt/15750`.
I0121 10:37:28.144129 140042139842112 async_checkpointer.py:420] Finished async_save (blocking + background). Time taken: 2.713723s. directory=/autodl-fs/data/fundiff/burgers/diffusion/FAE_use_pde_True/ckpt/15750
I0121 10:37:28.145202 140042139842112 async_checkpointer.py:144] [process=0][thread=async_save] Background save thread done. Time taken: 1.830269s.
I0121 10:37:28.146274 140042131449408 async_checkpointer.py:273] [process=0][thread=save_finalize] Done with waiting for background save thread=async_save.
I0121 10:37:28.147255 140042131449408 async_checkpointer.py:283] [process=0][thread=save_finalize] No errors found in background save thread=async_save.
I0121 10:37:28.206939 140042131449408 deleter.py:273] Deleted step 14850.
I0121 10:37:28.207320 140042131449408 checkpoint_manager.py:2133] [process=0][thread=save_finalize][step=15750] CheckpointManager Save Finalize is syncing with other hosts...
I0121 10:37:28.207668 140042131449408 checkpoint_manager.py:2142] [process=0][thread=save_finalize][step=15750] CheckpointManager Save Finalize is done on all hosts.
step: 16200,  loss data: 3.790e-03, loss res: 8.691e-03, time: 1.754e+02
step: 16650,  loss data: 1.698e-03, loss res: 4.680e-03, time: 1.733e+02
I0121 10:43:15.073785 140165176223552 checkpoint_manager.py:2013] [process=0][thread=MainThread][wait_until_finished] No Save Finalize thread to wait for. Returning.
I0121 10:43:15.076869 140165176223552 checkpoint_manager.py:1518] [process=0] Saving checkpoint at step 16650
I0121 10:43:15.079053 140165176223552 async_checkpointer.py:452] [process=0] Started async saving checkpoint to /autodl-fs/data/fundiff/burgers/diffusion/FAE_use_pde_True/ckpt/16650.
I0121 10:43:15.111706 140040546014784 atomicity.py:137] Creating tmp directory /autodl-fs/data/fundiff/burgers/diffusion/FAE_use_pde_True/ckpt/16650.orbax-checkpoint-tmp
I0121 10:43:15.218689 140039044441664 atomicity.py:137] Creating tmp directory /autodl-fs/data/fundiff/burgers/diffusion/FAE_use_pde_True/ckpt/16650.orbax-checkpoint-tmp/default.orbax-checkpoint-tmp
I0121 10:43:15.260817 140165176223552 jax_array_handlers.py:357] Scheduling D2H of 774 prioritized jax.Array.
I0121 10:43:15.261712 140165176223552 replica_slices.py:424] Transferring arrays to host memory with options: use_replica_parallel=True, min_slice_bytes_for_replica_parallel=None, max_replicas_for_replica_parallel=None, enable_pinned_host_transfer=True
I0121 10:43:15.855710 140165176223552 base_pytree_checkpoint_handler.py:151] [process=0][thread=MainThread] Initiated "orbax.checkpoint._src.serialization.jax_array_handlers.ArrayHandler".serialize. Time taken: 0.598336s
I0121 10:43:15.890700 140165176223552 base_pytree_checkpoint_handler.py:128] [process=0] /jax/checkpoint/write/blocking_gbytes_per_sec: 107.332 MiB/s (total gbytes: 85.5 MiB) (time elapsed: 796 milliseconds) (per-host)
I0121 10:43:15.896333 140165176223552 base_pytree_checkpoint_handler.py:730] [process=0][thread=MainThread] Initiated Pytree async_save. Time taken: 0.802729s (batch_requests_ready=0.109534s, total_serialization_initiated=0.659735s, others=0.033461s)
I0121 10:43:15.902262 140165176223552 composite_checkpoint_handler.py:715] [process=0][thread=MainThread] Initiated CompositeCheckpointHandler.async_save. Time taken: 0.818676s (all_items=0.000090s, per_item={'default': '0.00008965'}, temp_paths=0.818586)
I0121 10:43:15.965169 140042139842112 async_checkpointer.py:79] [process=0][thread=async_save] Background save thread started.
I0121 10:43:15.966547 140165176223552 async_checkpointer.py:561] Finished blocking save. Time taken: 0.889086s. Continuing background save to /autodl-fs/data/fundiff/burgers/diffusion/FAE_use_pde_True/ckpt/16650.
I0121 10:43:15.972300 140165176223552 checkpoint_manager.py:1566] [process=0][thread=MainThread][step=16650] Starting CheckpointManager Save Finalize thread=save_finalize
I0121 10:43:15.974059 140042131449408 async_checkpointer.py:265] [process=0][thread=save_finalize] Waiting for background save thread=async_save.
I0121 10:43:15.977712 140165176223552 standard_logger.py:34] {'step': Array(16650, dtype=int32), 'event_type': 'save', 'directory': '/autodl-fs/data/fundiff/burgers/diffusion/FAE_use_pde_True/ckpt', 'reached_preemption': False, 'preemption_received_at': None, 'synchronous': False, 'wait_for_prev_start_time': 1768963395.0735621, 'wait_for_prev_duration_secs': 0.0009233951568603516, 'time_between_consecutive_saves_sec': 346.8656816482544, 'checkpointer_blocking_start_time': 1768963395.077381, 'checkpointer_blocking_duration_secs': 0.8944222927093506, 'get_old_steps_start_time': 1768963395.9718897, 'get_old_steps_duration_secs': 0.00026345252990722656, 'checkpoint_manager_blocking_start_time': 1768963395.072099, 'checkpoint_manager_blocking_duration_secs': 0.9039719104766846}
I0121 10:43:16.028405 140043725809216 array_metadata_store.py:203] [process=0][thread=array_type_handler] Wrote 774 array_metadata.ArrayMetadata to /autodl-fs/data/fundiff/burgers/diffusion/FAE_use_pde_True/ckpt/16650.orbax-checkpoint-tmp/default.orbax-checkpoint-tmp/array_metadatas/process_0
I0121 10:43:17.688249 140042274076224 base_pytree_checkpoint_handler.py:1224] [process=0][thread=write_metadata_after_commits] Commit + Array metadata written. Time taken: 1.814176s (commit=1.662892s, array_metadata_write=0.151283s)
I0121 10:43:17.695122 140042139842112 base_pytree_checkpoint_handler.py:128] [process=0] /jax/checkpoint/write/gbytes_per_sec: 32.878 MiB/s (total gbytes: 85.5 MiB) (time elapsed: 2 seconds) (per-host)
I0121 10:43:17.695991 140042139842112 async_checkpointer.py:90] [process=0][thread=async_save] 3 Handler Commit operations completed. Time taken: 1.728952s.
I0121 10:43:17.717145 140042139842112 array_metadata_store.py:367] [process=0][thread=async_save] Skipped cross-host ArrayMetadata validation because only one process is found: process_index=0.
I0121 10:43:17.803615 140042139842112 base_pytree_checkpoint_handler.py:1348] [process=0][thread=async_save] Pytree save finalize (merge_ocdbt + ArrayMetadata validation) completed. Time taken: 0.102171s. use_zarr3=False, enable_post_merge_validation=True, directory=/autodl-fs/data/fundiff/burgers/diffusion/FAE_use_pde_True/ckpt/16650.orbax-checkpoint-tmp/default.orbax-checkpoint-tmp
I0121 10:43:17.806082 140042139842112 atomicity.py:480] Renaming /autodl-fs/data/fundiff/burgers/diffusion/FAE_use_pde_True/ckpt/16650.orbax-checkpoint-tmp/default.orbax-checkpoint-tmp to /autodl-fs/data/fundiff/burgers/diffusion/FAE_use_pde_True/ckpt/16650.orbax-checkpoint-tmp/default
I0121 10:43:17.811870 140042139842112 atomicity.py:480] Renaming /autodl-fs/data/fundiff/burgers/diffusion/FAE_use_pde_True/ckpt/16650.orbax-checkpoint-tmp to /autodl-fs/data/fundiff/burgers/diffusion/FAE_use_pde_True/ckpt/16650
I0121 10:43:17.826545 140042139842112 atomicity.py:790] [process=0][thread=async_save] Finished saving checkpoint (finalized tmp dir) to `/autodl-fs/data/fundiff/burgers/diffusion/FAE_use_pde_True/ckpt/16650`.
I0121 10:43:17.828143 140042139842112 async_checkpointer.py:420] Finished async_save (blocking + background). Time taken: 2.750696s. directory=/autodl-fs/data/fundiff/burgers/diffusion/FAE_use_pde_True/ckpt/16650
I0121 10:43:17.828610 140042139842112 async_checkpointer.py:144] [process=0][thread=async_save] Background save thread done. Time taken: 1.861578s.
I0121 10:43:17.829224 140042131449408 async_checkpointer.py:273] [process=0][thread=save_finalize] Done with waiting for background save thread=async_save.
I0121 10:43:17.829892 140042131449408 async_checkpointer.py:283] [process=0][thread=save_finalize] No errors found in background save thread=async_save.
I0121 10:43:17.889687 140042131449408 deleter.py:273] Deleted step 15750.
I0121 10:43:17.890428 140042131449408 checkpoint_manager.py:2133] [process=0][thread=save_finalize][step=16650] CheckpointManager Save Finalize is syncing with other hosts...
I0121 10:43:17.891164 140042131449408 checkpoint_manager.py:2142] [process=0][thread=save_finalize][step=16650] CheckpointManager Save Finalize is done on all hosts.
step: 17100,  loss data: 4.968e-03, loss res: 2.211e-02, time: 1.730e+02
step: 17550,  loss data: 1.681e-03, loss res: 9.509e-03, time: 1.732e+02
I0121 10:49:02.237897 140165176223552 checkpoint_manager.py:2013] [process=0][thread=MainThread][wait_until_finished] No Save Finalize thread to wait for. Returning.
I0121 10:49:02.240497 140165176223552 checkpoint_manager.py:1518] [process=0] Saving checkpoint at step 17550
I0121 10:49:02.242127 140165176223552 async_checkpointer.py:452] [process=0] Started async saving checkpoint to /autodl-fs/data/fundiff/burgers/diffusion/FAE_use_pde_True/ckpt/17550.
I0121 10:49:02.258023 140039983965760 atomicity.py:137] Creating tmp directory /autodl-fs/data/fundiff/burgers/diffusion/FAE_use_pde_True/ckpt/17550.orbax-checkpoint-tmp
I0121 10:49:02.358450 140039975573056 atomicity.py:137] Creating tmp directory /autodl-fs/data/fundiff/burgers/diffusion/FAE_use_pde_True/ckpt/17550.orbax-checkpoint-tmp/default.orbax-checkpoint-tmp
I0121 10:49:02.414618 140165176223552 jax_array_handlers.py:357] Scheduling D2H of 774 prioritized jax.Array.
I0121 10:49:02.415643 140165176223552 replica_slices.py:424] Transferring arrays to host memory with options: use_replica_parallel=True, min_slice_bytes_for_replica_parallel=None, max_replicas_for_replica_parallel=None, enable_pinned_host_transfer=True
I0121 10:49:02.948112 140165176223552 base_pytree_checkpoint_handler.py:151] [process=0][thread=MainThread] Initiated "orbax.checkpoint._src.serialization.jax_array_handlers.ArrayHandler".serialize. Time taken: 0.536178s
I0121 10:49:02.987980 140165176223552 base_pytree_checkpoint_handler.py:128] [process=0] /jax/checkpoint/write/blocking_gbytes_per_sec: 116.693 MiB/s (total gbytes: 85.5 MiB) (time elapsed: 732 milliseconds) (per-host)
I0121 10:49:03.017061 140165176223552 base_pytree_checkpoint_handler.py:730] [process=0][thread=MainThread] Initiated Pytree async_save. Time taken: 0.762120s (batch_requests_ready=0.104425s, total_serialization_initiated=0.595458s, others=0.062238s)
I0121 10:49:03.054674 140165176223552 composite_checkpoint_handler.py:715] [process=0][thread=MainThread] Initiated CompositeCheckpointHandler.async_save. Time taken: 0.808795s (all_items=0.000041s, per_item={'default': '0.00004125'}, temp_paths=0.808754)
I0121 10:49:03.065343 140042257290816 async_checkpointer.py:79] [process=0][thread=async_save] Background save thread started.
I0121 10:49:03.066706 140165176223552 async_checkpointer.py:561] Finished blocking save. Time taken: 0.825661s. Continuing background save to /autodl-fs/data/fundiff/burgers/diffusion/FAE_use_pde_True/ckpt/17550.
I0121 10:49:03.068618 140165176223552 checkpoint_manager.py:1566] [process=0][thread=MainThread][step=17550] Starting CheckpointManager Save Finalize thread=save_finalize
I0121 10:49:03.070354 140041871406656 async_checkpointer.py:265] [process=0][thread=save_finalize] Waiting for background save thread=async_save.
I0121 10:49:03.073329 140165176223552 standard_logger.py:34] {'step': Array(17550, dtype=int32), 'event_type': 'save', 'directory': '/autodl-fs/data/fundiff/burgers/diffusion/FAE_use_pde_True/ckpt', 'reached_preemption': False, 'preemption_received_at': None, 'synchronous': False, 'wait_for_prev_start_time': 1768963742.2377818, 'wait_for_prev_duration_secs': 0.0006959438323974609, 'time_between_consecutive_saves_sec': 344.34615087509155, 'checkpointer_blocking_start_time': 1768963742.2409859, 'checkpointer_blocking_duration_secs': 0.8271722793579102, 'get_old_steps_start_time': 1768963743.0682464, 'get_old_steps_duration_secs': 0.0002117156982421875, 'checkpoint_manager_blocking_start_time': 1768963742.2365582, 'checkpoint_manager_blocking_duration_secs': 0.8355741500854492}
I0121 10:49:03.081529 140043725809216 array_metadata_store.py:203] [process=0][thread=array_type_handler] Wrote 774 array_metadata.ArrayMetadata to /autodl-fs/data/fundiff/burgers/diffusion/FAE_use_pde_True/ckpt/17550.orbax-checkpoint-tmp/default.orbax-checkpoint-tmp/array_metadatas/process_0
I0121 10:49:04.487691 140042274076224 base_pytree_checkpoint_handler.py:1224] [process=0][thread=write_metadata_after_commits] Commit + Array metadata written. Time taken: 1.472225s (commit=1.337564s, array_metadata_write=0.134661s)
I0121 10:49:04.491566 140042257290816 base_pytree_checkpoint_handler.py:128] [process=0] /jax/checkpoint/write/gbytes_per_sec: 38.241 MiB/s (total gbytes: 85.5 MiB) (time elapsed: 2 seconds) (per-host)
I0121 10:49:04.491991 140042257290816 async_checkpointer.py:90] [process=0][thread=async_save] 3 Handler Commit operations completed. Time taken: 1.425390s.
I0121 10:49:04.509510 140042257290816 array_metadata_store.py:367] [process=0][thread=async_save] Skipped cross-host ArrayMetadata validation because only one process is found: process_index=0.
I0121 10:49:04.576107 140042257290816 base_pytree_checkpoint_handler.py:1348] [process=0][thread=async_save] Pytree save finalize (merge_ocdbt + ArrayMetadata validation) completed. Time taken: 0.079827s. use_zarr3=False, enable_post_merge_validation=True, directory=/autodl-fs/data/fundiff/burgers/diffusion/FAE_use_pde_True/ckpt/17550.orbax-checkpoint-tmp/default.orbax-checkpoint-tmp
I0121 10:49:04.578690 140042257290816 atomicity.py:480] Renaming /autodl-fs/data/fundiff/burgers/diffusion/FAE_use_pde_True/ckpt/17550.orbax-checkpoint-tmp/default.orbax-checkpoint-tmp to /autodl-fs/data/fundiff/burgers/diffusion/FAE_use_pde_True/ckpt/17550.orbax-checkpoint-tmp/default
I0121 10:49:04.584081 140042257290816 atomicity.py:480] Renaming /autodl-fs/data/fundiff/burgers/diffusion/FAE_use_pde_True/ckpt/17550.orbax-checkpoint-tmp to /autodl-fs/data/fundiff/burgers/diffusion/FAE_use_pde_True/ckpt/17550
I0121 10:49:04.599041 140042257290816 atomicity.py:790] [process=0][thread=async_save] Finished saving checkpoint (finalized tmp dir) to `/autodl-fs/data/fundiff/burgers/diffusion/FAE_use_pde_True/ckpt/17550`.
I0121 10:49:04.600702 140042257290816 async_checkpointer.py:420] Finished async_save (blocking + background). Time taken: 2.359674s. directory=/autodl-fs/data/fundiff/burgers/diffusion/FAE_use_pde_True/ckpt/17550
I0121 10:49:04.601184 140042257290816 async_checkpointer.py:144] [process=0][thread=async_save] Background save thread done. Time taken: 1.534575s.
I0121 10:49:04.602012 140041871406656 async_checkpointer.py:273] [process=0][thread=save_finalize] Done with waiting for background save thread=async_save.
I0121 10:49:04.603360 140041871406656 async_checkpointer.py:283] [process=0][thread=save_finalize] No errors found in background save thread=async_save.
I0121 10:49:04.669756 140041871406656 deleter.py:273] Deleted step 16650.
I0121 10:49:04.670352 140041871406656 checkpoint_manager.py:2133] [process=0][thread=save_finalize][step=17550] CheckpointManager Save Finalize is syncing with other hosts...
I0121 10:49:04.671082 140041871406656 checkpoint_manager.py:2142] [process=0][thread=save_finalize][step=17550] CheckpointManager Save Finalize is done on all hosts.
step: 18000,  loss data: 2.723e-03, loss res: 9.125e-03, time: 1.750e+02
Epoch 40, getting batches from DataLoader...
step: 18450,  loss data: 2.919e-03, loss res: 1.485e-02, time: 1.745e+02
I0121 10:54:52.635555 140165176223552 checkpoint_manager.py:2013] [process=0][thread=MainThread][wait_until_finished] No Save Finalize thread to wait for. Returning.
I0121 10:54:52.638423 140165176223552 checkpoint_manager.py:1518] [process=0] Saving checkpoint at step 18450
I0121 10:54:52.640623 140165176223552 async_checkpointer.py:452] [process=0] Started async saving checkpoint to /autodl-fs/data/fundiff/burgers/diffusion/FAE_use_pde_True/ckpt/18450.
I0121 10:54:52.678034 140038541141568 atomicity.py:137] Creating tmp directory /autodl-fs/data/fundiff/burgers/diffusion/FAE_use_pde_True/ckpt/18450.orbax-checkpoint-tmp
I0121 10:54:52.804590 140038004270656 atomicity.py:137] Creating tmp directory /autodl-fs/data/fundiff/burgers/diffusion/FAE_use_pde_True/ckpt/18450.orbax-checkpoint-tmp/default.orbax-checkpoint-tmp
I0121 10:54:52.819117 140165176223552 jax_array_handlers.py:357] Scheduling D2H of 774 prioritized jax.Array.
I0121 10:54:52.819971 140165176223552 replica_slices.py:424] Transferring arrays to host memory with options: use_replica_parallel=True, min_slice_bytes_for_replica_parallel=None, max_replicas_for_replica_parallel=None, enable_pinned_host_transfer=True
I0121 10:54:53.415770 140165176223552 base_pytree_checkpoint_handler.py:151] [process=0][thread=MainThread] Initiated "orbax.checkpoint._src.serialization.jax_array_handlers.ArrayHandler".serialize. Time taken: 0.599650s
I0121 10:54:53.434831 140165176223552 base_pytree_checkpoint_handler.py:128] [process=0] /jax/checkpoint/write/blocking_gbytes_per_sec: 109.837 MiB/s (total gbytes: 85.5 MiB) (time elapsed: 778 milliseconds) (per-host)
I0121 10:54:53.446458 140165176223552 base_pytree_checkpoint_handler.py:730] [process=0][thread=MainThread] Initiated Pytree async_save. Time taken: 0.790547s (batch_requests_ready=0.107823s, total_serialization_initiated=0.653399s, others=0.029325s)
I0121 10:54:53.447589 140165176223552 composite_checkpoint_handler.py:715] [process=0][thread=MainThread] Initiated CompositeCheckpointHandler.async_save. Time taken: 0.802444s (all_items=0.000092s, per_item={'default': '0.00009203'}, temp_paths=0.802352)
I0121 10:54:53.522019 140042131449408 async_checkpointer.py:79] [process=0][thread=async_save] Background save thread started.
I0121 10:54:53.523179 140165176223552 async_checkpointer.py:561] Finished blocking save. Time taken: 0.884142s. Continuing background save to /autodl-fs/data/fundiff/burgers/diffusion/FAE_use_pde_True/ckpt/18450.
I0121 10:54:53.525650 140165176223552 checkpoint_manager.py:1566] [process=0][thread=MainThread][step=18450] Starting CheckpointManager Save Finalize thread=save_finalize
I0121 10:54:53.532446 140041879799360 async_checkpointer.py:265] [process=0][thread=save_finalize] Waiting for background save thread=async_save.
I0121 10:54:53.535268 140165176223552 standard_logger.py:34] {'step': Array(18450, dtype=int32), 'event_type': 'save', 'directory': '/autodl-fs/data/fundiff/burgers/diffusion/FAE_use_pde_True/ckpt', 'reached_preemption': False, 'preemption_received_at': None, 'synchronous': False, 'wait_for_prev_start_time': 1768964092.6353369, 'wait_for_prev_duration_secs': 0.0008196830749511719, 'time_between_consecutive_saves_sec': 347.963919878006, 'checkpointer_blocking_start_time': 1768964092.6389496, 'checkpointer_blocking_duration_secs': 0.8861832618713379, 'get_old_steps_start_time': 1768964093.5252118, 'get_old_steps_duration_secs': 0.00028777122497558594, 'checkpoint_manager_blocking_start_time': 1768964092.6338904, 'checkpoint_manager_blocking_duration_secs': 0.8996481895446777}
