I0121 13:36:46.704920 140041871406656 async_checkpointer.py:273] [process=0][thread=save_finalize] Done with waiting for background save thread=async_save.
I0121 13:36:46.705650 140041871406656 async_checkpointer.py:283] [process=0][thread=save_finalize] No errors found in background save thread=async_save.
I0121 13:36:46.752821 140041871406656 deleter.py:273] Deleted step 42750.
I0121 13:36:46.753401 140041871406656 checkpoint_manager.py:2133] [process=0][thread=save_finalize][step=43650] CheckpointManager Save Finalize is syncing with other hosts...
I0121 13:36:46.754069 140041871406656 checkpoint_manager.py:2142] [process=0][thread=save_finalize][step=43650] CheckpointManager Save Finalize is done on all hosts.
step: 44100,  loss data: 1.268e-03, loss res: 3.356e-03, time: 1.730e+02
step: 44550,  loss data: 1.157e-03, loss res: 2.374e-03, time: 1.731e+02
I0121 13:42:24.000528 140165176223552 checkpoint_manager.py:2013] [process=0][thread=MainThread][wait_until_finished] No Save Finalize thread to wait for. Returning.
I0121 13:42:24.002908 140165176223552 checkpoint_manager.py:1518] [process=0] Saving checkpoint at step 44550
I0121 13:42:24.004561 140165176223552 async_checkpointer.py:452] [process=0] Started async saving checkpoint to /autodl-fs/data/fundiff/burgers/diffusion/FAE_use_pde_True/ckpt/44550.
I0121 13:42:24.036390 140040537622080 atomicity.py:137] Creating tmp directory /autodl-fs/data/fundiff/burgers/diffusion/FAE_use_pde_True/ckpt/44550.orbax-checkpoint-tmp
I0121 13:42:24.136471 140040000751168 atomicity.py:137] Creating tmp directory /autodl-fs/data/fundiff/burgers/diffusion/FAE_use_pde_True/ckpt/44550.orbax-checkpoint-tmp/default.orbax-checkpoint-tmp
I0121 13:42:24.170859 140165176223552 jax_array_handlers.py:357] Scheduling D2H of 774 prioritized jax.Array.
I0121 13:42:24.172349 140165176223552 replica_slices.py:424] Transferring arrays to host memory with options: use_replica_parallel=True, min_slice_bytes_for_replica_parallel=None, max_replicas_for_replica_parallel=None, enable_pinned_host_transfer=True
I0121 13:42:24.760707 140165176223552 base_pytree_checkpoint_handler.py:151] [process=0][thread=MainThread] Initiated "orbax.checkpoint._src.serialization.jax_array_handlers.ArrayHandler".serialize. Time taken: 0.592598s
I0121 13:42:24.762855 140165176223552 base_pytree_checkpoint_handler.py:128] [process=0] /jax/checkpoint/write/blocking_gbytes_per_sec: 114.731 MiB/s (total gbytes: 85.5 MiB) (time elapsed: 745 milliseconds) (per-host)
I0121 13:42:24.774979 140165176223552 base_pytree_checkpoint_handler.py:730] [process=0][thread=MainThread] Initiated Pytree async_save. Time taken: 0.757730s (batch_requests_ready=0.098666s, total_serialization_initiated=0.645746s, others=0.013317s)
I0121 13:42:24.776095 140165176223552 composite_checkpoint_handler.py:715] [process=0][thread=MainThread] Initiated CompositeCheckpointHandler.async_save. Time taken: 0.767227s (all_items=0.000058s, per_item={'default': '0.00005794'}, temp_paths=0.767169)
I0121 13:42:24.864243 140042131449408 async_checkpointer.py:79] [process=0][thread=async_save] Background save thread started.
I0121 13:42:24.864517 140165176223552 async_checkpointer.py:561] Finished blocking save. Time taken: 0.861067s. Continuing background save to /autodl-fs/data/fundiff/burgers/diffusion/FAE_use_pde_True/ckpt/44550.
I0121 13:42:24.867367 140165176223552 checkpoint_manager.py:1566] [process=0][thread=MainThread][step=44550] Starting CheckpointManager Save Finalize thread=save_finalize
I0121 13:42:24.868672 140041879799360 async_checkpointer.py:265] [process=0][thread=save_finalize] Waiting for background save thread=async_save.
I0121 13:42:24.874669 140165176223552 standard_logger.py:34] {'step': Array(44550, dtype=int32), 'event_type': 'save', 'directory': '/autodl-fs/data/fundiff/burgers/diffusion/FAE_use_pde_True/ckpt', 'reached_preemption': False, 'preemption_received_at': None, 'synchronous': False, 'wait_for_prev_start_time': 1768974144.000386, 'wait_for_prev_duration_secs': 0.0006959438323974609, 'time_between_consecutive_saves_sec': 337.24578046798706, 'checkpointer_blocking_start_time': 1768974144.0033877, 'checkpointer_blocking_duration_secs': 0.863532543182373, 'get_old_steps_start_time': 1768974144.8669868, 'get_old_steps_duration_secs': 0.00024366378784179688, 'checkpoint_manager_blocking_start_time': 1768974143.999062, 'checkpoint_manager_blocking_duration_secs': 0.874253511428833}
I0121 13:42:24.888136 140043725809216 array_metadata_store.py:203] [process=0][thread=array_type_handler] Wrote 774 array_metadata.ArrayMetadata to /autodl-fs/data/fundiff/burgers/diffusion/FAE_use_pde_True/ckpt/44550.orbax-checkpoint-tmp/default.orbax-checkpoint-tmp/array_metadatas/process_0
I0121 13:42:26.797844 140042274076224 base_pytree_checkpoint_handler.py:1224] [process=0][thread=write_metadata_after_commits] Commit + Array metadata written. Time taken: 2.023273s (commit=1.333433s, array_metadata_write=0.689840s)
I0121 13:42:26.801105 140042131449408 base_pytree_checkpoint_handler.py:128] [process=0] /jax/checkpoint/write/gbytes_per_sec: 30.724 MiB/s (total gbytes: 85.5 MiB) (time elapsed: 2 seconds) (per-host)
I0121 13:42:26.801530 140042131449408 async_checkpointer.py:90] [process=0][thread=async_save] 3 Handler Commit operations completed. Time taken: 1.936063s.
I0121 13:42:26.814219 140042131449408 array_metadata_store.py:367] [process=0][thread=async_save] Skipped cross-host ArrayMetadata validation because only one process is found: process_index=0.
I0121 13:42:26.887836 140042131449408 base_pytree_checkpoint_handler.py:1348] [process=0][thread=async_save] Pytree save finalize (merge_ocdbt + ArrayMetadata validation) completed. Time taken: 0.082826s. use_zarr3=False, enable_post_merge_validation=True, directory=/autodl-fs/data/fundiff/burgers/diffusion/FAE_use_pde_True/ckpt/44550.orbax-checkpoint-tmp/default.orbax-checkpoint-tmp
I0121 13:42:26.890126 140042131449408 atomicity.py:480] Renaming /autodl-fs/data/fundiff/burgers/diffusion/FAE_use_pde_True/ckpt/44550.orbax-checkpoint-tmp/default.orbax-checkpoint-tmp to /autodl-fs/data/fundiff/burgers/diffusion/FAE_use_pde_True/ckpt/44550.orbax-checkpoint-tmp/default
I0121 13:42:26.895196 140042131449408 atomicity.py:480] Renaming /autodl-fs/data/fundiff/burgers/diffusion/FAE_use_pde_True/ckpt/44550.orbax-checkpoint-tmp to /autodl-fs/data/fundiff/burgers/diffusion/FAE_use_pde_True/ckpt/44550
I0121 13:42:26.909642 140042131449408 atomicity.py:790] [process=0][thread=async_save] Finished saving checkpoint (finalized tmp dir) to `/autodl-fs/data/fundiff/burgers/diffusion/FAE_use_pde_True/ckpt/44550`.
I0121 13:42:26.911103 140042131449408 async_checkpointer.py:420] Finished async_save (blocking + background). Time taken: 2.907666s. directory=/autodl-fs/data/fundiff/burgers/diffusion/FAE_use_pde_True/ckpt/44550
I0121 13:42:26.911581 140042131449408 async_checkpointer.py:144] [process=0][thread=async_save] Background save thread done. Time taken: 2.046106s.
I0121 13:42:26.912449 140041879799360 async_checkpointer.py:273] [process=0][thread=save_finalize] Done with waiting for background save thread=async_save.
I0121 13:42:26.913060 140041879799360 async_checkpointer.py:283] [process=0][thread=save_finalize] No errors found in background save thread=async_save.
I0121 13:42:26.960276 140041879799360 deleter.py:273] Deleted step 43650.
I0121 13:42:26.960826 140041879799360 checkpoint_manager.py:2133] [process=0][thread=save_finalize][step=44550] CheckpointManager Save Finalize is syncing with other hosts...
I0121 13:42:26.961575 140041879799360 checkpoint_manager.py:2142] [process=0][thread=save_finalize][step=44550] CheckpointManager Save Finalize is done on all hosts.
step: 45000,  loss data: 6.598e-04, loss res: 6.136e-04, time: 1.735e+02
Epoch 100, getting batches from DataLoader...
step: 45450,  loss data: 7.659e-04, loss res: 2.319e-03, time: 1.728e+02
I0121 13:48:11.107233 140165176223552 checkpoint_manager.py:2013] [process=0][thread=MainThread][wait_until_finished] No Save Finalize thread to wait for. Returning.
I0121 13:48:11.109396 140165176223552 checkpoint_manager.py:1518] [process=0] Saving checkpoint at step 45450
I0121 13:48:11.110870 140165176223552 async_checkpointer.py:452] [process=0] Started async saving checkpoint to /autodl-fs/data/fundiff/burgers/diffusion/FAE_use_pde_True/ckpt/45450.
I0121 13:48:11.138016 140039983965760 atomicity.py:137] Creating tmp directory /autodl-fs/data/fundiff/burgers/diffusion/FAE_use_pde_True/ckpt/45450.orbax-checkpoint-tmp
I0121 13:48:11.237015 140038012663360 atomicity.py:137] Creating tmp directory /autodl-fs/data/fundiff/burgers/diffusion/FAE_use_pde_True/ckpt/45450.orbax-checkpoint-tmp/default.orbax-checkpoint-tmp
I0121 13:48:11.280318 140165176223552 jax_array_handlers.py:357] Scheduling D2H of 774 prioritized jax.Array.
I0121 13:48:11.281886 140165176223552 replica_slices.py:424] Transferring arrays to host memory with options: use_replica_parallel=True, min_slice_bytes_for_replica_parallel=None, max_replicas_for_replica_parallel=None, enable_pinned_host_transfer=True
I0121 13:48:11.882326 140165176223552 base_pytree_checkpoint_handler.py:151] [process=0][thread=MainThread] Initiated "orbax.checkpoint._src.serialization.jax_array_handlers.ArrayHandler".serialize. Time taken: 0.604740s
I0121 13:48:11.927346 140165176223552 base_pytree_checkpoint_handler.py:128] [process=0] /jax/checkpoint/write/blocking_gbytes_per_sec: 106.215 MiB/s (total gbytes: 85.5 MiB) (time elapsed: 805 milliseconds) (per-host)
I0121 13:48:11.933372 140165176223552 base_pytree_checkpoint_handler.py:730] [process=0][thread=MainThread] Initiated Pytree async_save. Time taken: 0.811500s (batch_requests_ready=0.098586s, total_serialization_initiated=0.669144s, others=0.043770s)
I0121 13:48:11.964168 140165176223552 composite_checkpoint_handler.py:715] [process=0][thread=MainThread] Initiated CompositeCheckpointHandler.async_save. Time taken: 0.849793s (all_items=0.000036s, per_item={'default': '0.00003624'}, temp_paths=0.849757)
I0121 13:48:11.987437 140042148234816 async_checkpointer.py:79] [process=0][thread=async_save] Background save thread started.
I0121 13:48:11.988530 140165176223552 async_checkpointer.py:561] Finished blocking save. Time taken: 0.878632s. Continuing background save to /autodl-fs/data/fundiff/burgers/diffusion/FAE_use_pde_True/ckpt/45450.
I0121 13:48:11.995112 140165176223552 checkpoint_manager.py:1566] [process=0][thread=MainThread][step=45450] Starting CheckpointManager Save Finalize thread=save_finalize
I0121 13:48:11.996629 140042257290816 async_checkpointer.py:265] [process=0][thread=save_finalize] Waiting for background save thread=async_save.
I0121 13:48:11.999049 140165176223552 standard_logger.py:34] {'step': Array(45450, dtype=int32), 'event_type': 'save', 'directory': '/autodl-fs/data/fundiff/burgers/diffusion/FAE_use_pde_True/ckpt', 'reached_preemption': False, 'preemption_received_at': None, 'synchronous': False, 'wait_for_prev_start_time': 1768974491.1071088, 'wait_for_prev_duration_secs': 0.0006308555603027344, 'time_between_consecutive_saves_sec': 344.14496898651123, 'checkpointer_blocking_start_time': 1768974491.109842, 'checkpointer_blocking_duration_secs': 0.8848552703857422, 'get_old_steps_start_time': 1768974491.9947684, 'get_old_steps_duration_secs': 0.0001914501190185547, 'checkpoint_manager_blocking_start_time': 1768974491.106207, 'checkpoint_manager_blocking_duration_secs': 0.8916516304016113}
I0121 13:48:12.163403 140043725809216 array_metadata_store.py:203] [process=0][thread=array_type_handler] Wrote 774 array_metadata.ArrayMetadata to /autodl-fs/data/fundiff/burgers/diffusion/FAE_use_pde_True/ckpt/45450.orbax-checkpoint-tmp/default.orbax-checkpoint-tmp/array_metadatas/process_0
I0121 13:48:13.279338 140042274076224 base_pytree_checkpoint_handler.py:1224] [process=0][thread=write_metadata_after_commits] Commit + Array metadata written. Time taken: 1.345601s (commit=1.199029s, array_metadata_write=0.146571s)
I0121 13:48:13.282475 140042148234816 base_pytree_checkpoint_handler.py:128] [process=0] /jax/checkpoint/write/gbytes_per_sec: 39.588 MiB/s (total gbytes: 85.5 MiB) (time elapsed: 2 seconds) (per-host)
I0121 13:48:13.282984 140042148234816 async_checkpointer.py:90] [process=0][thread=async_save] 3 Handler Commit operations completed. Time taken: 1.294203s.
I0121 13:48:13.296060 140042148234816 array_metadata_store.py:367] [process=0][thread=async_save] Skipped cross-host ArrayMetadata validation because only one process is found: process_index=0.
I0121 13:48:13.296675 140045092648512 checkpoint.py:247] Updated Metadata={'item_handlers': {'default': 'orbax.checkpoint._src.handlers.standard_checkpoint_handler.StandardCheckpointHandler'}, 'metrics': {}, 'performance_metrics': {}, 'init_timestamp_nsecs': 1768974491177374742, 'commit_timestamp_nsecs': None, 'custom_metadata': {}} to /autodl-fs/data/fundiff/burgers/diffusion/FAE_use_pde_True/ckpt/45450.orbax-checkpoint-tmp/_CHECKPOINT_METADATA
I0121 13:48:13.369826 140042148234816 base_pytree_checkpoint_handler.py:1348] [process=0][thread=async_save] Pytree save finalize (merge_ocdbt + ArrayMetadata validation) completed. Time taken: 0.082953s. use_zarr3=False, enable_post_merge_validation=True, directory=/autodl-fs/data/fundiff/burgers/diffusion/FAE_use_pde_True/ckpt/45450.orbax-checkpoint-tmp/default.orbax-checkpoint-tmp
I0121 13:48:13.372091 140042148234816 atomicity.py:480] Renaming /autodl-fs/data/fundiff/burgers/diffusion/FAE_use_pde_True/ckpt/45450.orbax-checkpoint-tmp/default.orbax-checkpoint-tmp to /autodl-fs/data/fundiff/burgers/diffusion/FAE_use_pde_True/ckpt/45450.orbax-checkpoint-tmp/default
I0121 13:48:13.384513 140042148234816 atomicity.py:480] Renaming /autodl-fs/data/fundiff/burgers/diffusion/FAE_use_pde_True/ckpt/45450.orbax-checkpoint-tmp to /autodl-fs/data/fundiff/burgers/diffusion/FAE_use_pde_True/ckpt/45450
I0121 13:48:13.405406 140042148234816 atomicity.py:790] [process=0][thread=async_save] Finished saving checkpoint (finalized tmp dir) to `/autodl-fs/data/fundiff/burgers/diffusion/FAE_use_pde_True/ckpt/45450`.
I0121 13:48:13.407106 140042148234816 async_checkpointer.py:420] Finished async_save (blocking + background). Time taken: 2.297220s. directory=/autodl-fs/data/fundiff/burgers/diffusion/FAE_use_pde_True/ckpt/45450
I0121 13:48:13.407608 140042148234816 async_checkpointer.py:144] [process=0][thread=async_save] Background save thread done. Time taken: 1.418819s.
I0121 13:48:13.408402 140042257290816 async_checkpointer.py:273] [process=0][thread=save_finalize] Done with waiting for background save thread=async_save.
I0121 13:48:13.408795 140042257290816 async_checkpointer.py:283] [process=0][thread=save_finalize] No errors found in background save thread=async_save.
I0121 13:48:13.472462 140042257290816 deleter.py:273] Deleted step 44550.
I0121 13:48:13.473017 140042257290816 checkpoint_manager.py:2133] [process=0][thread=save_finalize][step=45450] CheckpointManager Save Finalize is syncing with other hosts...
I0121 13:48:13.473759 140042257290816 checkpoint_manager.py:2142] [process=0][thread=save_finalize][step=45450] CheckpointManager Save Finalize is done on all hosts.
step: 45900,  loss data: 5.899e-04, loss res: 1.408e-03, time: 1.731e+02
step: 46350,  loss data: 8.277e-04, loss res: 9.666e-04, time: 1.730e+02
I0121 13:53:58.116347 140165176223552 checkpoint_manager.py:2013] [process=0][thread=MainThread][wait_until_finished] No Save Finalize thread to wait for. Returning.
I0121 13:53:58.119256 140165176223552 checkpoint_manager.py:1518] [process=0] Saving checkpoint at step 46350
I0121 13:53:58.121462 140165176223552 async_checkpointer.py:452] [process=0] Started async saving checkpoint to /autodl-fs/data/fundiff/burgers/diffusion/FAE_use_pde_True/ckpt/46350.
I0121 13:53:58.148637 140039086405184 atomicity.py:137] Creating tmp directory /autodl-fs/data/fundiff/burgers/diffusion/FAE_use_pde_True/ckpt/46350.orbax-checkpoint-tmp
I0121 13:53:58.243871 140039975573056 atomicity.py:137] Creating tmp directory /autodl-fs/data/fundiff/burgers/diffusion/FAE_use_pde_True/ckpt/46350.orbax-checkpoint-tmp/default.orbax-checkpoint-tmp
I0121 13:53:58.290393 140165176223552 jax_array_handlers.py:357] Scheduling D2H of 774 prioritized jax.Array.
I0121 13:53:58.291888 140165176223552 replica_slices.py:424] Transferring arrays to host memory with options: use_replica_parallel=True, min_slice_bytes_for_replica_parallel=None, max_replicas_for_replica_parallel=None, enable_pinned_host_transfer=True
I0121 13:53:58.891647 140165176223552 base_pytree_checkpoint_handler.py:151] [process=0][thread=MainThread] Initiated "orbax.checkpoint._src.serialization.jax_array_handlers.ArrayHandler".serialize. Time taken: 0.603945s
I0121 13:53:58.918993 140165176223552 base_pytree_checkpoint_handler.py:128] [process=0] /jax/checkpoint/write/blocking_gbytes_per_sec: 109.167 MiB/s (total gbytes: 85.5 MiB) (time elapsed: 783 milliseconds) (per-host)
I0121 13:53:58.924716 140165176223552 base_pytree_checkpoint_handler.py:730] [process=0][thread=MainThread] Initiated Pytree async_save. Time taken: 0.789411s (batch_requests_ready=0.098150s, total_serialization_initiated=0.674717s, others=0.016544s)
I0121 13:53:58.930849 140165176223552 composite_checkpoint_handler.py:715] [process=0][thread=MainThread] Initiated CompositeCheckpointHandler.async_save. Time taken: 0.805246s (all_items=0.000095s, per_item={'default': '0.00009513'}, temp_paths=0.805151)
I0121 13:53:58.992357 140042165020224 async_checkpointer.py:79] [process=0][thread=async_save] Background save thread started.
I0121 13:53:58.993461 140165176223552 async_checkpointer.py:561] Finished blocking save. Time taken: 0.873616s. Continuing background save to /autodl-fs/data/fundiff/burgers/diffusion/FAE_use_pde_True/ckpt/46350.
I0121 13:53:58.996040 140165176223552 checkpoint_manager.py:1566] [process=0][thread=MainThread][step=46350] Starting CheckpointManager Save Finalize thread=save_finalize
I0121 13:53:58.997642 140042131449408 async_checkpointer.py:265] [process=0][thread=save_finalize] Waiting for background save thread=async_save.
I0121 13:53:59.001379 140165176223552 standard_logger.py:34] {'step': Array(46350, dtype=int32), 'event_type': 'save', 'directory': '/autodl-fs/data/fundiff/burgers/diffusion/FAE_use_pde_True/ckpt', 'reached_preemption': False, 'preemption_received_at': None, 'synchronous': False, 'wait_for_prev_start_time': 1768974838.1160898, 'wait_for_prev_duration_secs': 0.0010311603546142578, 'time_between_consecutive_saves_sec': 344.64200711250305, 'checkpointer_blocking_start_time': 1768974838.119762, 'checkpointer_blocking_duration_secs': 0.8758077621459961, 'get_old_steps_start_time': 1768974838.9956439, 'get_old_steps_duration_secs': 0.0002498626708984375, 'checkpoint_manager_blocking_start_time': 1768974838.114455, 'checkpoint_manager_blocking_duration_secs': 0.8849029541015625}
I0121 13:53:59.023130 140043725809216 array_metadata_store.py:203] [process=0][thread=array_type_handler] Wrote 774 array_metadata.ArrayMetadata to /autodl-fs/data/fundiff/burgers/diffusion/FAE_use_pde_True/ckpt/46350.orbax-checkpoint-tmp/default.orbax-checkpoint-tmp/array_metadatas/process_0
I0121 13:54:00.453637 140042274076224 base_pytree_checkpoint_handler.py:1224] [process=0][thread=write_metadata_after_commits] Commit + Array metadata written. Time taken: 1.511578s (commit=1.363857s, array_metadata_write=0.147721s)
I0121 13:54:00.457646 140042165020224 base_pytree_checkpoint_handler.py:128] [process=0] /jax/checkpoint/write/gbytes_per_sec: 36.831 MiB/s (total gbytes: 85.5 MiB) (time elapsed: 2 seconds) (per-host)
I0121 13:54:00.458109 140042165020224 async_checkpointer.py:90] [process=0][thread=async_save] 3 Handler Commit operations completed. Time taken: 1.463880s.
I0121 13:54:00.470854 140042165020224 array_metadata_store.py:367] [process=0][thread=async_save] Skipped cross-host ArrayMetadata validation because only one process is found: process_index=0.
I0121 13:54:00.559612 140042165020224 base_pytree_checkpoint_handler.py:1348] [process=0][thread=async_save] Pytree save finalize (merge_ocdbt + ArrayMetadata validation) completed. Time taken: 0.098142s. use_zarr3=False, enable_post_merge_validation=True, directory=/autodl-fs/data/fundiff/burgers/diffusion/FAE_use_pde_True/ckpt/46350.orbax-checkpoint-tmp/default.orbax-checkpoint-tmp
I0121 13:54:00.561858 140042165020224 atomicity.py:480] Renaming /autodl-fs/data/fundiff/burgers/diffusion/FAE_use_pde_True/ckpt/46350.orbax-checkpoint-tmp/default.orbax-checkpoint-tmp to /autodl-fs/data/fundiff/burgers/diffusion/FAE_use_pde_True/ckpt/46350.orbax-checkpoint-tmp/default
I0121 13:54:00.567666 140042165020224 atomicity.py:480] Renaming /autodl-fs/data/fundiff/burgers/diffusion/FAE_use_pde_True/ckpt/46350.orbax-checkpoint-tmp to /autodl-fs/data/fundiff/burgers/diffusion/FAE_use_pde_True/ckpt/46350
I0121 13:54:00.583209 140042165020224 atomicity.py:790] [process=0][thread=async_save] Finished saving checkpoint (finalized tmp dir) to `/autodl-fs/data/fundiff/burgers/diffusion/FAE_use_pde_True/ckpt/46350`.
I0121 13:54:00.584788 140042165020224 async_checkpointer.py:420] Finished async_save (blocking + background). Time taken: 2.464954s. directory=/autodl-fs/data/fundiff/burgers/diffusion/FAE_use_pde_True/ckpt/46350
I0121 13:54:00.585272 140042165020224 async_checkpointer.py:144] [process=0][thread=async_save] Background save thread done. Time taken: 1.591038s.
I0121 13:54:00.586223 140042131449408 async_checkpointer.py:273] [process=0][thread=save_finalize] Done with waiting for background save thread=async_save.
I0121 13:54:00.586716 140042131449408 async_checkpointer.py:283] [process=0][thread=save_finalize] No errors found in background save thread=async_save.
I0121 13:54:00.651845 140042131449408 deleter.py:273] Deleted step 45450.
I0121 13:54:00.652203 140042131449408 checkpoint_manager.py:2133] [process=0][thread=save_finalize][step=46350] CheckpointManager Save Finalize is syncing with other hosts...
I0121 13:54:00.652527 140042131449408 checkpoint_manager.py:2142] [process=0][thread=save_finalize][step=46350] CheckpointManager Save Finalize is done on all hosts.
step: 46800,  loss data: 8.741e-04, loss res: 1.261e-03, time: 1.719e+02
step: 47250,  loss data: 1.801e-03, loss res: 6.433e-03, time: 1.727e+02
I0121 13:59:43.641251 140165176223552 checkpoint_manager.py:2013] [process=0][thread=MainThread][wait_until_finished] No Save Finalize thread to wait for. Returning.
I0121 13:59:43.643501 140165176223552 checkpoint_manager.py:1518] [process=0] Saving checkpoint at step 47250
I0121 13:59:43.645073 140165176223552 async_checkpointer.py:452] [process=0] Started async saving checkpoint to /autodl-fs/data/fundiff/burgers/diffusion/FAE_use_pde_True/ckpt/47250.
I0121 13:59:43.671074 140039983965760 atomicity.py:137] Creating tmp directory /autodl-fs/data/fundiff/burgers/diffusion/FAE_use_pde_True/ckpt/47250.orbax-checkpoint-tmp
I0121 13:59:43.774447 140039078012480 atomicity.py:137] Creating tmp directory /autodl-fs/data/fundiff/burgers/diffusion/FAE_use_pde_True/ckpt/47250.orbax-checkpoint-tmp/default.orbax-checkpoint-tmp
I0121 13:59:43.823293 140165176223552 jax_array_handlers.py:357] Scheduling D2H of 774 prioritized jax.Array.
I0121 13:59:43.823987 140165176223552 replica_slices.py:424] Transferring arrays to host memory with options: use_replica_parallel=True, min_slice_bytes_for_replica_parallel=None, max_replicas_for_replica_parallel=None, enable_pinned_host_transfer=True
I0121 13:59:44.404646 140165176223552 base_pytree_checkpoint_handler.py:151] [process=0][thread=MainThread] Initiated "orbax.checkpoint._src.serialization.jax_array_handlers.ArrayHandler".serialize. Time taken: 0.584222s
I0121 13:59:44.417094 140165176223552 base_pytree_checkpoint_handler.py:128] [process=0] /jax/checkpoint/write/blocking_gbytes_per_sec: 112.388 MiB/s (total gbytes: 85.5 MiB) (time elapsed: 761 milliseconds) (per-host)
I0121 13:59:44.427934 140165176223552 base_pytree_checkpoint_handler.py:730] [process=0][thread=MainThread] Initiated Pytree async_save. Time taken: 0.771937s (batch_requests_ready=0.108121s, total_serialization_initiated=0.641847s, others=0.021968s)
I0121 13:59:44.444255 140165176223552 composite_checkpoint_handler.py:715] [process=0][thread=MainThread] Initiated CompositeCheckpointHandler.async_save. Time taken: 0.795473s (all_items=0.000037s, per_item={'default': '0.00003672'}, temp_paths=0.795436)
I0121 13:59:44.502859 140042257290816 async_checkpointer.py:79] [process=0][thread=async_save] Background save thread started.
I0121 13:59:44.504407 140165176223552 async_checkpointer.py:561] Finished blocking save. Time taken: 0.860360s. Continuing background save to /autodl-fs/data/fundiff/burgers/diffusion/FAE_use_pde_True/ckpt/47250.
I0121 13:59:44.507836 140165176223552 checkpoint_manager.py:1566] [process=0][thread=MainThread][step=47250] Starting CheckpointManager Save Finalize thread=save_finalize
I0121 13:59:44.511805 140041879799360 async_checkpointer.py:265] [process=0][thread=save_finalize] Waiting for background save thread=async_save.
I0121 13:59:44.515206 140165176223552 standard_logger.py:34] {'step': Array(47250, dtype=int32), 'event_type': 'save', 'directory': '/autodl-fs/data/fundiff/burgers/diffusion/FAE_use_pde_True/ckpt', 'reached_preemption': False, 'preemption_received_at': None, 'synchronous': False, 'wait_for_prev_start_time': 1768975183.641132, 'wait_for_prev_duration_secs': 0.0006470680236816406, 'time_between_consecutive_saves_sec': 342.9884011745453, 'checkpointer_blocking_start_time': 1768975183.643982, 'checkpointer_blocking_duration_secs': 0.863410472869873, 'get_old_steps_start_time': 1768975184.5074682, 'get_old_steps_duration_secs': 0.00020456314086914062, 'checkpoint_manager_blocking_start_time': 1768975183.6398916, 'checkpoint_manager_blocking_duration_secs': 0.8740460872650146}
I0121 13:59:44.526007 140043725809216 array_metadata_store.py:203] [process=0][thread=array_type_handler] Wrote 774 array_metadata.ArrayMetadata to /autodl-fs/data/fundiff/burgers/diffusion/FAE_use_pde_True/ckpt/47250.orbax-checkpoint-tmp/default.orbax-checkpoint-tmp/array_metadatas/process_0
I0121 13:59:45.926141 140042274076224 base_pytree_checkpoint_handler.py:1224] [process=0][thread=write_metadata_after_commits] Commit + Array metadata written. Time taken: 1.476464s (commit=1.357708s, array_metadata_write=0.118756s)
I0121 13:59:45.929378 140042257290816 base_pytree_checkpoint_handler.py:128] [process=0] /jax/checkpoint/write/gbytes_per_sec: 37.623 MiB/s (total gbytes: 85.5 MiB) (time elapsed: 2 seconds) (per-host)
I0121 13:59:45.929796 140042257290816 async_checkpointer.py:90] [process=0][thread=async_save] 3 Handler Commit operations completed. Time taken: 1.425198s.
I0121 13:59:45.941648 140042257290816 array_metadata_store.py:367] [process=0][thread=async_save] Skipped cross-host ArrayMetadata validation because only one process is found: process_index=0.
I0121 13:59:46.014015 140042257290816 base_pytree_checkpoint_handler.py:1348] [process=0][thread=async_save] Pytree save finalize (merge_ocdbt + ArrayMetadata validation) completed. Time taken: 0.081316s. use_zarr3=False, enable_post_merge_validation=True, directory=/autodl-fs/data/fundiff/burgers/diffusion/FAE_use_pde_True/ckpt/47250.orbax-checkpoint-tmp/default.orbax-checkpoint-tmp
I0121 13:59:46.018180 140042257290816 atomicity.py:480] Renaming /autodl-fs/data/fundiff/burgers/diffusion/FAE_use_pde_True/ckpt/47250.orbax-checkpoint-tmp/default.orbax-checkpoint-tmp to /autodl-fs/data/fundiff/burgers/diffusion/FAE_use_pde_True/ckpt/47250.orbax-checkpoint-tmp/default
I0121 13:59:46.023545 140042257290816 atomicity.py:480] Renaming /autodl-fs/data/fundiff/burgers/diffusion/FAE_use_pde_True/ckpt/47250.orbax-checkpoint-tmp to /autodl-fs/data/fundiff/burgers/diffusion/FAE_use_pde_True/ckpt/47250
I0121 13:59:46.068640 140042257290816 atomicity.py:790] [process=0][thread=async_save] Finished saving checkpoint (finalized tmp dir) to `/autodl-fs/data/fundiff/burgers/diffusion/FAE_use_pde_True/ckpt/47250`.
I0121 13:59:46.070266 140042257290816 async_checkpointer.py:420] Finished async_save (blocking + background). Time taken: 2.426242s. directory=/autodl-fs/data/fundiff/burgers/diffusion/FAE_use_pde_True/ckpt/47250
I0121 13:59:46.070751 140042257290816 async_checkpointer.py:144] [process=0][thread=async_save] Background save thread done. Time taken: 1.566144s.
I0121 13:59:46.071568 140041879799360 async_checkpointer.py:273] [process=0][thread=save_finalize] Done with waiting for background save thread=async_save.
I0121 13:59:46.072017 140041879799360 async_checkpointer.py:283] [process=0][thread=save_finalize] No errors found in background save thread=async_save.
I0121 13:59:46.127934 140041879799360 deleter.py:273] Deleted step 46350.
I0121 13:59:46.128311 140041879799360 checkpoint_manager.py:2133] [process=0][thread=save_finalize][step=47250] CheckpointManager Save Finalize is syncing with other hosts...
I0121 13:59:46.128639 140041879799360 checkpoint_manager.py:2142] [process=0][thread=save_finalize][step=47250] CheckpointManager Save Finalize is done on all hosts.
step: 47700,  loss data: 1.236e-03, loss res: 4.593e-03, time: 1.735e+02
step: 48150,  loss data: 1.516e-03, loss res: 1.830e-03, time: 1.734e+02
I0121 14:05:31.474222 140165176223552 checkpoint_manager.py:2013] [process=0][thread=MainThread][wait_until_finished] No Save Finalize thread to wait for. Returning.
I0121 14:05:31.476830 140165176223552 checkpoint_manager.py:1518] [process=0] Saving checkpoint at step 48150
I0121 14:05:31.478745 140165176223552 async_checkpointer.py:452] [process=0] Started async saving checkpoint to /autodl-fs/data/fundiff/burgers/diffusion/FAE_use_pde_True/ckpt/48150.
I0121 14:05:31.516854 140040017536576 atomicity.py:137] Creating tmp directory /autodl-fs/data/fundiff/burgers/diffusion/FAE_use_pde_True/ckpt/48150.orbax-checkpoint-tmp
I0121 14:05:31.601442 140039983965760 atomicity.py:137] Creating tmp directory /autodl-fs/data/fundiff/burgers/diffusion/FAE_use_pde_True/ckpt/48150.orbax-checkpoint-tmp/default.orbax-checkpoint-tmp
I0121 14:05:31.655525 140165176223552 jax_array_handlers.py:357] Scheduling D2H of 774 prioritized jax.Array.
I0121 14:05:31.656323 140165176223552 replica_slices.py:424] Transferring arrays to host memory with options: use_replica_parallel=True, min_slice_bytes_for_replica_parallel=None, max_replicas_for_replica_parallel=None, enable_pinned_host_transfer=True
I0121 14:05:32.231653 140165176223552 base_pytree_checkpoint_handler.py:151] [process=0][thread=MainThread] Initiated "orbax.checkpoint._src.serialization.jax_array_handlers.ArrayHandler".serialize. Time taken: 0.578767s
I0121 14:05:32.233863 140165176223552 base_pytree_checkpoint_handler.py:128] [process=0] /jax/checkpoint/write/blocking_gbytes_per_sec: 115.452 MiB/s (total gbytes: 85.5 MiB) (time elapsed: 740 milliseconds) (per-host)
I0121 14:05:32.239643 140165176223552 base_pytree_checkpoint_handler.py:730] [process=0][thread=MainThread] Initiated Pytree async_save. Time taken: 0.746809s (batch_requests_ready=0.098100s, total_serialization_initiated=0.641712s, others=0.006997s)
I0121 14:05:32.256414 140165176223552 composite_checkpoint_handler.py:715] [process=0][thread=MainThread] Initiated CompositeCheckpointHandler.async_save. Time taken: 0.773122s (all_items=0.000092s, per_item={'default': '0.00009179'}, temp_paths=0.773030)
I0121 14:05:32.943701 140039052834368 async_checkpointer.py:79] [process=0][thread=async_save] Background save thread started.
I0121 14:05:32.947125 140165176223552 async_checkpointer.py:561] Finished blocking save. Time taken: 1.469769s. Continuing background save to /autodl-fs/data/fundiff/burgers/diffusion/FAE_use_pde_True/ckpt/48150.
I0121 14:05:32.951633 140165176223552 checkpoint_manager.py:1566] [process=0][thread=MainThread][step=48150] Starting CheckpointManager Save Finalize thread=save_finalize
I0121 14:05:32.956694 140038549534272 async_checkpointer.py:265] [process=0][thread=save_finalize] Waiting for background save thread=async_save.
I0121 14:05:32.959276 140165176223552 standard_logger.py:34] {'step': Array(48150, dtype=int32), 'event_type': 'save', 'directory': '/autodl-fs/data/fundiff/burgers/diffusion/FAE_use_pde_True/ckpt', 'reached_preemption': False, 'preemption_received_at': None, 'synchronous': False, 'wait_for_prev_start_time': 1768975531.4739652, 'wait_for_prev_duration_secs': 0.0009462833404541016, 'time_between_consecutive_saves_sec': 345.3451290130615, 'checkpointer_blocking_start_time': 1768975531.4772666, 'checkpointer_blocking_duration_secs': 1.4739010334014893, 'get_old_steps_start_time': 1768975532.951257, 'get_old_steps_duration_secs': 0.00021791458129882812, 'checkpoint_manager_blocking_start_time': 1768975531.4725645, 'checkpoint_manager_blocking_duration_secs': 1.4849824905395508}
I0121 14:05:32.972619 140043725809216 array_metadata_store.py:203] [process=0][thread=array_type_handler] Wrote 774 array_metadata.ArrayMetadata to /autodl-fs/data/fundiff/burgers/diffusion/FAE_use_pde_True/ckpt/48150.orbax-checkpoint-tmp/default.orbax-checkpoint-tmp/array_metadatas/process_0
I0121 14:05:34.436996 140042274076224 base_pytree_checkpoint_handler.py:1224] [process=0][thread=write_metadata_after_commits] Commit + Array metadata written. Time taken: 2.174407s (commit=2.056471s, array_metadata_write=0.117937s)
I0121 14:05:34.440041 140039052834368 base_pytree_checkpoint_handler.py:128] [process=0] /jax/checkpoint/write/gbytes_per_sec: 29.021 MiB/s (total gbytes: 85.5 MiB) (time elapsed: 2 seconds) (per-host)
I0121 14:05:34.440473 140039052834368 async_checkpointer.py:90] [process=0][thread=async_save] 3 Handler Commit operations completed. Time taken: 1.491217s.
I0121 14:05:34.454550 140039052834368 array_metadata_store.py:367] [process=0][thread=async_save] Skipped cross-host ArrayMetadata validation because only one process is found: process_index=0.
I0121 14:05:34.525456 140039052834368 base_pytree_checkpoint_handler.py:1348] [process=0][thread=async_save] Pytree save finalize (merge_ocdbt + ArrayMetadata validation) completed. Time taken: 0.081611s. use_zarr3=False, enable_post_merge_validation=True, directory=/autodl-fs/data/fundiff/burgers/diffusion/FAE_use_pde_True/ckpt/48150.orbax-checkpoint-tmp/default.orbax-checkpoint-tmp
I0121 14:05:34.527532 140039052834368 atomicity.py:480] Renaming /autodl-fs/data/fundiff/burgers/diffusion/FAE_use_pde_True/ckpt/48150.orbax-checkpoint-tmp/default.orbax-checkpoint-tmp to /autodl-fs/data/fundiff/burgers/diffusion/FAE_use_pde_True/ckpt/48150.orbax-checkpoint-tmp/default
I0121 14:05:34.532882 140039052834368 atomicity.py:480] Renaming /autodl-fs/data/fundiff/burgers/diffusion/FAE_use_pde_True/ckpt/48150.orbax-checkpoint-tmp to /autodl-fs/data/fundiff/burgers/diffusion/FAE_use_pde_True/ckpt/48150
I0121 14:05:34.547944 140039052834368 atomicity.py:790] [process=0][thread=async_save] Finished saving checkpoint (finalized tmp dir) to `/autodl-fs/data/fundiff/burgers/diffusion/FAE_use_pde_True/ckpt/48150`.
I0121 14:05:34.549414 140039052834368 async_checkpointer.py:420] Finished async_save (blocking + background). Time taken: 3.072085s. directory=/autodl-fs/data/fundiff/burgers/diffusion/FAE_use_pde_True/ckpt/48150
I0121 14:05:34.549885 140039052834368 async_checkpointer.py:144] [process=0][thread=async_save] Background save thread done. Time taken: 1.600623s.
I0121 14:05:34.553433 140038549534272 async_checkpointer.py:273] [process=0][thread=save_finalize] Done with waiting for background save thread=async_save.
I0121 14:05:34.553903 140038549534272 async_checkpointer.py:283] [process=0][thread=save_finalize] No errors found in background save thread=async_save.
I0121 14:05:34.625045 140038549534272 deleter.py:273] Deleted step 47250.
I0121 14:05:34.625393 140038549534272 checkpoint_manager.py:2133] [process=0][thread=save_finalize][step=48150] CheckpointManager Save Finalize is syncing with other hosts...
I0121 14:05:34.625703 140038549534272 checkpoint_manager.py:2142] [process=0][thread=save_finalize][step=48150] CheckpointManager Save Finalize is done on all hosts.
step: 48600,  loss data: 9.231e-04, loss res: 4.732e-03, time: 1.721e+02
step: 49050,  loss data: 6.944e-04, loss res: 1.661e-03, time: 1.728e+02
I0121 14:11:17.841056 140165176223552 checkpoint_manager.py:2013] [process=0][thread=MainThread][wait_until_finished] No Save Finalize thread to wait for. Returning.
I0121 14:11:17.842685 140165176223552 checkpoint_manager.py:1518] [process=0] Saving checkpoint at step 49050
I0121 14:11:17.843798 140165176223552 async_checkpointer.py:452] [process=0] Started async saving checkpoint to /autodl-fs/data/fundiff/burgers/diffusion/FAE_use_pde_True/ckpt/49050.
I0121 14:11:17.885803 140042156627520 atomicity.py:137] Creating tmp directory /autodl-fs/data/fundiff/burgers/diffusion/FAE_use_pde_True/ckpt/49050.orbax-checkpoint-tmp
I0121 14:11:17.946575 140165176223552 jax_array_handlers.py:357] Scheduling D2H of 774 prioritized jax.Array.
I0121 14:11:17.947285 140165176223552 replica_slices.py:424] Transferring arrays to host memory with options: use_replica_parallel=True, min_slice_bytes_for_replica_parallel=None, max_replicas_for_replica_parallel=None, enable_pinned_host_transfer=True
I0121 14:11:17.969917 140045084255808 atomicity.py:137] Creating tmp directory /autodl-fs/data/fundiff/burgers/diffusion/FAE_use_pde_True/ckpt/49050.orbax-checkpoint-tmp/default.orbax-checkpoint-tmp
I0121 14:11:18.529077 140165176223552 base_pytree_checkpoint_handler.py:151] [process=0][thread=MainThread] Initiated "orbax.checkpoint._src.serialization.jax_array_handlers.ArrayHandler".serialize. Time taken: 0.586350s
I0121 14:11:18.562513 140165176223552 base_pytree_checkpoint_handler.py:128] [process=0] /jax/checkpoint/write/blocking_gbytes_per_sec: 120.536 MiB/s (total gbytes: 85.5 MiB) (time elapsed: 709 milliseconds) (per-host)
I0121 14:11:18.578595 140165176223552 base_pytree_checkpoint_handler.py:730] [process=0][thread=MainThread] Initiated Pytree async_save. Time taken: 0.725864s (batch_requests_ready=0.052608s, total_serialization_initiated=0.629760s, others=0.043497s)
I0121 14:11:18.628989 140165176223552 composite_checkpoint_handler.py:715] [process=0][thread=MainThread] Initiated CompositeCheckpointHandler.async_save. Time taken: 0.781459s (all_items=0.000061s, per_item={'default': '0.00006080'}, temp_paths=0.781399)
I0121 14:11:18.636731 140043767756352 async_checkpointer.py:79] [process=0][thread=async_save] Background save thread started.
I0121 14:11:18.637104 140165176223552 async_checkpointer.py:561] Finished blocking save. Time taken: 0.794099s. Continuing background save to /autodl-fs/data/fundiff/burgers/diffusion/FAE_use_pde_True/ckpt/49050.
I0121 14:11:18.638343 140165176223552 checkpoint_manager.py:1566] [process=0][thread=MainThread][step=49050] Starting CheckpointManager Save Finalize thread=save_finalize
I0121 14:11:18.639873 140041879799360 async_checkpointer.py:265] [process=0][thread=save_finalize] Waiting for background save thread=async_save.
I0121 14:11:18.641887 140165176223552 standard_logger.py:34] {'step': Array(49050, dtype=int32), 'event_type': 'save', 'directory': '/autodl-fs/data/fundiff/burgers/diffusion/FAE_use_pde_True/ckpt', 'reached_preemption': False, 'preemption_received_at': None, 'synchronous': False, 'wait_for_prev_start_time': 1768975877.840912, 'wait_for_prev_duration_secs': 0.0005617141723632812, 'time_between_consecutive_saves_sec': 343.2150025367737, 'checkpointer_blocking_start_time': 1768975877.8429399, 'checkpointer_blocking_duration_secs': 0.7948780059814453, 'get_old_steps_start_time': 1768975878.6378958, 'get_old_steps_duration_secs': 0.00029158592224121094, 'checkpoint_manager_blocking_start_time': 1768975877.8399546, 'checkpoint_manager_blocking_duration_secs': 0.800778865814209}
I0121 14:11:18.651278 140042265683520 array_metadata_store.py:203] [process=0][thread=array_type_handler] Wrote 774 array_metadata.ArrayMetadata to /autodl-fs/data/fundiff/burgers/diffusion/FAE_use_pde_True/ckpt/49050.orbax-checkpoint-tmp/default.orbax-checkpoint-tmp/array_metadatas/process_0
I0121 14:11:20.999380 140042257290816 base_pytree_checkpoint_handler.py:1224] [process=0][thread=write_metadata_after_commits] Commit + Array metadata written. Time taken: 2.442842s (commit=1.712168s, array_metadata_write=0.730674s)
I0121 14:11:21.002833 140043767756352 base_pytree_checkpoint_handler.py:128] [process=0] /jax/checkpoint/write/gbytes_per_sec: 27.152 MiB/s (total gbytes: 85.5 MiB) (time elapsed: 3 seconds) (per-host)
I0121 14:11:21.003345 140043767756352 async_checkpointer.py:90] [process=0][thread=async_save] 3 Handler Commit operations completed. Time taken: 2.366334s.
I0121 14:11:21.014788 140043767756352 array_metadata_store.py:367] [process=0][thread=async_save] Skipped cross-host ArrayMetadata validation because only one process is found: process_index=0.
I0121 14:11:21.111638 140043767756352 base_pytree_checkpoint_handler.py:1348] [process=0][thread=async_save] Pytree save finalize (merge_ocdbt + ArrayMetadata validation) completed. Time taken: 0.105441s. use_zarr3=False, enable_post_merge_validation=True, directory=/autodl-fs/data/fundiff/burgers/diffusion/FAE_use_pde_True/ckpt/49050.orbax-checkpoint-tmp/default.orbax-checkpoint-tmp
I0121 14:11:21.113889 140043767756352 atomicity.py:480] Renaming /autodl-fs/data/fundiff/burgers/diffusion/FAE_use_pde_True/ckpt/49050.orbax-checkpoint-tmp/default.orbax-checkpoint-tmp to /autodl-fs/data/fundiff/burgers/diffusion/FAE_use_pde_True/ckpt/49050.orbax-checkpoint-tmp/default
I0121 14:11:21.118310 140043767756352 atomicity.py:480] Renaming /autodl-fs/data/fundiff/burgers/diffusion/FAE_use_pde_True/ckpt/49050.orbax-checkpoint-tmp to /autodl-fs/data/fundiff/burgers/diffusion/FAE_use_pde_True/ckpt/49050
I0121 14:11:21.136240 140043767756352 atomicity.py:790] [process=0][thread=async_save] Finished saving checkpoint (finalized tmp dir) to `/autodl-fs/data/fundiff/burgers/diffusion/FAE_use_pde_True/ckpt/49050`.
I0121 14:11:21.137868 140043767756352 async_checkpointer.py:420] Finished async_save (blocking + background). Time taken: 3.294876s. directory=/autodl-fs/data/fundiff/burgers/diffusion/FAE_use_pde_True/ckpt/49050
I0121 14:11:21.138454 140043767756352 async_checkpointer.py:144] [process=0][thread=async_save] Background save thread done. Time taken: 2.501429s.
I0121 14:11:21.139849 140041879799360 async_checkpointer.py:273] [process=0][thread=save_finalize] Done with waiting for background save thread=async_save.
I0121 14:11:21.140391 140041879799360 async_checkpointer.py:283] [process=0][thread=save_finalize] No errors found in background save thread=async_save.
I0121 14:11:21.181678 140041879799360 deleter.py:273] Deleted step 48150.
I0121 14:11:21.182272 140041879799360 checkpoint_manager.py:2133] [process=0][thread=save_finalize][step=49050] CheckpointManager Save Finalize is syncing with other hosts...
I0121 14:11:21.183037 140041879799360 checkpoint_manager.py:2142] [process=0][thread=save_finalize][step=49050] CheckpointManager Save Finalize is done on all hosts.
step: 49500,  loss data: 4.945e-04, loss res: 1.508e-03, time: 1.726e+02
Epoch 110, getting batches from DataLoader...
step: 49950,  loss data: 1.337e-03, loss res: 2.782e-03, time: 1.731e+02
I0121 14:17:04.338295 140165176223552 checkpoint_manager.py:2013] [process=0][thread=MainThread][wait_until_finished] No Save Finalize thread to wait for. Returning.
I0121 14:17:04.340378 140165176223552 checkpoint_manager.py:1518] [process=0] Saving checkpoint at step 49950
I0121 14:17:04.341848 140165176223552 async_checkpointer.py:452] [process=0] Started async saving checkpoint to /autodl-fs/data/fundiff/burgers/diffusion/FAE_use_pde_True/ckpt/49950.
I0121 14:17:04.362876 140040554407488 atomicity.py:137] Creating tmp directory /autodl-fs/data/fundiff/burgers/diffusion/FAE_use_pde_True/ckpt/49950.orbax-checkpoint-tmp
I0121 14:17:04.484145 140040025929280 atomicity.py:137] Creating tmp directory /autodl-fs/data/fundiff/burgers/diffusion/FAE_use_pde_True/ckpt/49950.orbax-checkpoint-tmp/default.orbax-checkpoint-tmp
I0121 14:17:04.508257 140165176223552 jax_array_handlers.py:357] Scheduling D2H of 774 prioritized jax.Array.
I0121 14:17:04.508859 140165176223552 replica_slices.py:424] Transferring arrays to host memory with options: use_replica_parallel=True, min_slice_bytes_for_replica_parallel=None, max_replicas_for_replica_parallel=None, enable_pinned_host_transfer=True
I0121 14:17:05.092630 140165176223552 base_pytree_checkpoint_handler.py:151] [process=0][thread=MainThread] Initiated "orbax.checkpoint._src.serialization.jax_array_handlers.ArrayHandler".serialize. Time taken: 0.586859s
I0121 14:17:05.133133 140165176223552 base_pytree_checkpoint_handler.py:128] [process=0] /jax/checkpoint/write/blocking_gbytes_per_sec: 109.690 MiB/s (total gbytes: 85.5 MiB) (time elapsed: 779 milliseconds) (per-host)
I0121 14:17:05.144282 140165176223552 base_pytree_checkpoint_handler.py:730] [process=0][thread=MainThread] Initiated Pytree async_save. Time taken: 0.791013s (batch_requests_ready=0.100151s, total_serialization_initiated=0.650818s, others=0.040045s)
I0121 14:17:05.192908 140165176223552 composite_checkpoint_handler.py:715] [process=0][thread=MainThread] Initiated CompositeCheckpointHandler.async_save. Time taken: 0.847197s (all_items=0.000036s, per_item={'default': '0.00003624'}, temp_paths=0.847161)
I0121 14:17:05.199736 140042131449408 async_checkpointer.py:79] [process=0][thread=async_save] Background save thread started.
I0121 14:17:05.200633 140165176223552 async_checkpointer.py:561] Finished blocking save. Time taken: 0.859756s. Continuing background save to /autodl-fs/data/fundiff/burgers/diffusion/FAE_use_pde_True/ckpt/49950.
I0121 14:17:05.205871 140165176223552 checkpoint_manager.py:1566] [process=0][thread=MainThread][step=49950] Starting CheckpointManager Save Finalize thread=save_finalize
I0121 14:17:05.207235 140042148234816 async_checkpointer.py:265] [process=0][thread=save_finalize] Waiting for background save thread=async_save.
I0121 14:17:05.210363 140165176223552 standard_logger.py:34] {'step': Array(49950, dtype=int32), 'event_type': 'save', 'directory': '/autodl-fs/data/fundiff/burgers/diffusion/FAE_use_pde_True/ckpt', 'reached_preemption': False, 'preemption_received_at': None, 'synchronous': False, 'wait_for_prev_start_time': 1768976224.3381777, 'wait_for_prev_duration_secs': 0.0006046295166015625, 'time_between_consecutive_saves_sec': 343.1546244621277, 'checkpointer_blocking_start_time': 1768976224.340824, 'checkpointer_blocking_duration_secs': 0.8646194934844971, 'get_old_steps_start_time': 1768976225.205527, 'get_old_steps_duration_secs': 0.00020122528076171875, 'checkpoint_manager_blocking_start_time': 1768976224.337225, 'checkpoint_manager_blocking_duration_secs': 0.8717093467712402}
I0121 14:17:05.225155 140043725809216 array_metadata_store.py:203] [process=0][thread=array_type_handler] Wrote 774 array_metadata.ArrayMetadata to /autodl-fs/data/fundiff/burgers/diffusion/FAE_use_pde_True/ckpt/49950.orbax-checkpoint-tmp/default.orbax-checkpoint-tmp/array_metadatas/process_0
I0121 14:17:06.795608 140042274076224 base_pytree_checkpoint_handler.py:1224] [process=0][thread=write_metadata_after_commits] Commit + Array metadata written. Time taken: 1.662971s (commit=1.522366s, array_metadata_write=0.140604s)
I0121 14:17:06.799661 140042131449408 base_pytree_checkpoint_handler.py:128] [process=0] /jax/checkpoint/write/gbytes_per_sec: 34.963 MiB/s (total gbytes: 85.5 MiB) (time elapsed: 2 seconds) (per-host)
I0121 14:17:06.800173 140042131449408 async_checkpointer.py:90] [process=0][thread=async_save] 3 Handler Commit operations completed. Time taken: 1.599671s.
I0121 14:17:06.810242 140042131449408 array_metadata_store.py:367] [process=0][thread=async_save] Skipped cross-host ArrayMetadata validation because only one process is found: process_index=0.
I0121 14:17:06.876133 140042131449408 base_pytree_checkpoint_handler.py:1348] [process=0][thread=async_save] Pytree save finalize (merge_ocdbt + ArrayMetadata validation) completed. Time taken: 0.073448s. use_zarr3=False, enable_post_merge_validation=True, directory=/autodl-fs/data/fundiff/burgers/diffusion/FAE_use_pde_True/ckpt/49950.orbax-checkpoint-tmp/default.orbax-checkpoint-tmp
I0121 14:17:06.878378 140042131449408 atomicity.py:480] Renaming /autodl-fs/data/fundiff/burgers/diffusion/FAE_use_pde_True/ckpt/49950.orbax-checkpoint-tmp/default.orbax-checkpoint-tmp to /autodl-fs/data/fundiff/burgers/diffusion/FAE_use_pde_True/ckpt/49950.orbax-checkpoint-tmp/default
I0121 14:17:06.883911 140042131449408 atomicity.py:480] Renaming /autodl-fs/data/fundiff/burgers/diffusion/FAE_use_pde_True/ckpt/49950.orbax-checkpoint-tmp to /autodl-fs/data/fundiff/burgers/diffusion/FAE_use_pde_True/ckpt/49950
I0121 14:17:06.899063 140042131449408 atomicity.py:790] [process=0][thread=async_save] Finished saving checkpoint (finalized tmp dir) to `/autodl-fs/data/fundiff/burgers/diffusion/FAE_use_pde_True/ckpt/49950`.
I0121 14:17:06.900760 140042131449408 async_checkpointer.py:420] Finished async_save (blocking + background). Time taken: 2.559894s. directory=/autodl-fs/data/fundiff/burgers/diffusion/FAE_use_pde_True/ckpt/49950
I0121 14:17:06.901259 140042131449408 async_checkpointer.py:144] [process=0][thread=async_save] Background save thread done. Time taken: 1.700749s.
I0121 14:17:06.902197 140042148234816 async_checkpointer.py:273] [process=0][thread=save_finalize] Done with waiting for background save thread=async_save.
I0121 14:17:06.902703 140042148234816 async_checkpointer.py:283] [process=0][thread=save_finalize] No errors found in background save thread=async_save.
I0121 14:17:06.951517 140042148234816 deleter.py:273] Deleted step 49050.
