I0121 08:10:33.095469 139550533875264 array_metadata_store.py:203] [process=0][thread=array_type_handler] Wrote 774 array_metadata.ArrayMetadata to /autodl-fs/data/fundiff/burgers/diffusion/FAE_use_pde_True/ckpt/18450.orbax-checkpoint-tmp/default.orbax-checkpoint-tmp/array_metadatas/process_0
I0121 08:10:34.545269 139550525482560 base_pytree_checkpoint_handler.py:1224] [process=0][thread=write_metadata_after_commits] Commit + Array metadata written. Time taken: 1.539300s (commit=1.445158s, array_metadata_write=0.094142s)
I0121 08:10:34.548093 139550500304448 base_pytree_checkpoint_handler.py:128] [process=0] /jax/checkpoint/write/gbytes_per_sec: 42.268 MiB/s (total gbytes: 85.5 MiB) (time elapsed: 2 seconds) (per-host)
I0121 08:10:34.548694 139550500304448 async_checkpointer.py:90] [process=0][thread=async_save] 3 Handler Commit operations completed. Time taken: 1.484408s.
I0121 08:10:34.560350 139550500304448 array_metadata_store.py:367] [process=0][thread=async_save] Skipped cross-host ArrayMetadata validation because only one process is found: process_index=0.
I0121 08:10:34.619462 139550500304448 base_pytree_checkpoint_handler.py:1348] [process=0][thread=async_save] Pytree save finalize (merge_ocdbt + ArrayMetadata validation) completed. Time taken: 0.067368s. use_zarr3=False, enable_post_merge_validation=True, directory=/autodl-fs/data/fundiff/burgers/diffusion/FAE_use_pde_True/ckpt/18450.orbax-checkpoint-tmp/default.orbax-checkpoint-tmp
I0121 08:10:34.621145 139550500304448 atomicity.py:480] Renaming /autodl-fs/data/fundiff/burgers/diffusion/FAE_use_pde_True/ckpt/18450.orbax-checkpoint-tmp/default.orbax-checkpoint-tmp to /autodl-fs/data/fundiff/burgers/diffusion/FAE_use_pde_True/ckpt/18450.orbax-checkpoint-tmp/default
I0121 08:10:34.625521 139550500304448 atomicity.py:480] Renaming /autodl-fs/data/fundiff/burgers/diffusion/FAE_use_pde_True/ckpt/18450.orbax-checkpoint-tmp to /autodl-fs/data/fundiff/burgers/diffusion/FAE_use_pde_True/ckpt/18450
I0121 08:10:34.642916 139550500304448 atomicity.py:790] [process=0][thread=async_save] Finished saving checkpoint (finalized tmp dir) to `/autodl-fs/data/fundiff/burgers/diffusion/FAE_use_pde_True/ckpt/18450`.
I0121 08:10:34.643965 139550500304448 async_checkpointer.py:420] Finished async_save (blocking + background). Time taken: 2.128500s. directory=/autodl-fs/data/fundiff/burgers/diffusion/FAE_use_pde_True/ckpt/18450
I0121 08:10:34.644221 139550500304448 async_checkpointer.py:144] [process=0][thread=async_save] Background save thread done. Time taken: 1.579941s.
I0121 08:10:34.644775 139549175428672 async_checkpointer.py:273] [process=0][thread=save_finalize] Done with waiting for background save thread=async_save.
I0121 08:10:34.645299 139549175428672 async_checkpointer.py:283] [process=0][thread=save_finalize] No errors found in background save thread=async_save.
I0121 08:10:34.696441 139549175428672 deleter.py:273] Deleted step 17550.
I0121 08:10:34.696705 139549175428672 checkpoint_manager.py:2133] [process=0][thread=save_finalize][step=18450] CheckpointManager Save Finalize is syncing with other hosts...
I0121 08:10:34.696983 139549175428672 checkpoint_manager.py:2142] [process=0][thread=save_finalize][step=18450] CheckpointManager Save Finalize is done on all hosts.
step: 18900,  loss data: 1.443e-03, loss res: 5.759e-03, time: 1.286e+02
step: 19350,  loss data: 1.538e-03, loss res: 6.820e-03, time: 1.280e+02
I0121 08:14:49.718857 139627771470912 checkpoint_manager.py:2013] [process=0][thread=MainThread][wait_until_finished] No Save Finalize thread to wait for. Returning.
I0121 08:14:49.720083 139627771470912 checkpoint_manager.py:1518] [process=0] Saving checkpoint at step 19350
I0121 08:14:49.720853 139627771470912 async_checkpointer.py:452] [process=0] Started async saving checkpoint to /autodl-fs/data/fundiff/burgers/diffusion/FAE_use_pde_True/ckpt/19350.
I0121 08:14:49.745651 139549133465152 atomicity.py:137] Creating tmp directory /autodl-fs/data/fundiff/burgers/diffusion/FAE_use_pde_True/ckpt/19350.orbax-checkpoint-tmp
I0121 08:14:49.812064 139545727182400 atomicity.py:137] Creating tmp directory /autodl-fs/data/fundiff/burgers/diffusion/FAE_use_pde_True/ckpt/19350.orbax-checkpoint-tmp/default.orbax-checkpoint-tmp
I0121 08:14:49.832605 139627771470912 jax_array_handlers.py:357] Scheduling D2H of 774 prioritized jax.Array.
I0121 08:14:49.833050 139627771470912 replica_slices.py:424] Transferring arrays to host memory with options: use_replica_parallel=True, min_slice_bytes_for_replica_parallel=None, max_replicas_for_replica_parallel=None, enable_pinned_host_transfer=True
I0121 08:14:50.208304 139627771470912 base_pytree_checkpoint_handler.py:151] [process=0][thread=MainThread] Initiated "orbax.checkpoint._src.serialization.jax_array_handlers.ArrayHandler".serialize. Time taken: 0.378404s
I0121 08:14:50.215763 139627771470912 base_pytree_checkpoint_handler.py:128] [process=0] /jax/checkpoint/write/blocking_gbytes_per_sec: 175.221 MiB/s (total gbytes: 85.5 MiB) (time elapsed: 488 milliseconds) (per-host)
I0121 08:14:50.226510 139627771470912 base_pytree_checkpoint_handler.py:730] [process=0][thread=MainThread] Initiated Pytree async_save. Time taken: 0.498925s (batch_requests_ready=0.057306s, total_serialization_initiated=0.429675s, others=0.011945s)
I0121 08:14:50.238026 139627771470912 composite_checkpoint_handler.py:715] [process=0][thread=MainThread] Initiated CompositeCheckpointHandler.async_save. Time taken: 0.514378s (all_items=0.000016s, per_item={'default': '0.00001597'}, temp_paths=0.514362)
I0121 08:14:50.305511 139550508697152 async_checkpointer.py:79] [process=0][thread=async_save] Background save thread started.
I0121 08:14:50.306606 139627771470912 async_checkpointer.py:561] Finished blocking save. Time taken: 0.586302s. Continuing background save to /autodl-fs/data/fundiff/burgers/diffusion/FAE_use_pde_True/ckpt/19350.
I0121 08:14:50.307361 139627771470912 checkpoint_manager.py:1566] [process=0][thread=MainThread][step=19350] Starting CheckpointManager Save Finalize thread=save_finalize
I0121 08:14:50.309475 139549167035968 async_checkpointer.py:265] [process=0][thread=save_finalize] Waiting for background save thread=async_save.
I0121 08:14:50.313961 139627771470912 standard_logger.py:34] {'step': Array(19350, dtype=int32), 'event_type': 'save', 'directory': '/autodl-fs/data/fundiff/burgers/diffusion/FAE_use_pde_True/ckpt', 'reached_preemption': False, 'preemption_received_at': None, 'synchronous': False, 'wait_for_prev_start_time': 1768954489.7188048, 'wait_for_prev_duration_secs': 0.00027632713317871094, 'time_between_consecutive_saves_sec': 255.0216464996338, 'checkpointer_blocking_start_time': 1768954489.7202697, 'checkpointer_blocking_duration_secs': 0.5868508815765381, 'get_old_steps_start_time': 1768954490.3071673, 'get_old_steps_duration_secs': 0.00011229515075683594, 'checkpoint_manager_blocking_start_time': 1768954489.7182374, 'checkpoint_manager_blocking_duration_secs': 0.5951473712921143}
I0121 08:14:50.327736 139550533875264 array_metadata_store.py:203] [process=0][thread=array_type_handler] Wrote 774 array_metadata.ArrayMetadata to /autodl-fs/data/fundiff/burgers/diffusion/FAE_use_pde_True/ckpt/19350.orbax-checkpoint-tmp/default.orbax-checkpoint-tmp/array_metadatas/process_0
I0121 08:14:51.616120 139550525482560 base_pytree_checkpoint_handler.py:1224] [process=0][thread=write_metadata_after_commits] Commit + Array metadata written. Time taken: 1.378923s (commit=1.282447s, array_metadata_write=0.096476s)
I0121 08:14:51.619199 139550508697152 base_pytree_checkpoint_handler.py:128] [process=0] /jax/checkpoint/write/gbytes_per_sec: 45.216 MiB/s (total gbytes: 85.5 MiB) (time elapsed: a second) (per-host)
I0121 08:14:51.619449 139550508697152 async_checkpointer.py:90] [process=0][thread=async_save] 3 Handler Commit operations completed. Time taken: 1.313160s.
I0121 08:14:51.630612 139550508697152 array_metadata_store.py:367] [process=0][thread=async_save] Skipped cross-host ArrayMetadata validation because only one process is found: process_index=0.
I0121 08:14:51.686682 139550508697152 base_pytree_checkpoint_handler.py:1348] [process=0][thread=async_save] Pytree save finalize (merge_ocdbt + ArrayMetadata validation) completed. Time taken: 0.064376s. use_zarr3=False, enable_post_merge_validation=True, directory=/autodl-fs/data/fundiff/burgers/diffusion/FAE_use_pde_True/ckpt/19350.orbax-checkpoint-tmp/default.orbax-checkpoint-tmp
I0121 08:14:51.688162 139550508697152 atomicity.py:480] Renaming /autodl-fs/data/fundiff/burgers/diffusion/FAE_use_pde_True/ckpt/19350.orbax-checkpoint-tmp/default.orbax-checkpoint-tmp to /autodl-fs/data/fundiff/burgers/diffusion/FAE_use_pde_True/ckpt/19350.orbax-checkpoint-tmp/default
I0121 08:14:51.702707 139550508697152 atomicity.py:480] Renaming /autodl-fs/data/fundiff/burgers/diffusion/FAE_use_pde_True/ckpt/19350.orbax-checkpoint-tmp to /autodl-fs/data/fundiff/burgers/diffusion/FAE_use_pde_True/ckpt/19350
I0121 08:14:51.717319 139550508697152 atomicity.py:790] [process=0][thread=async_save] Finished saving checkpoint (finalized tmp dir) to `/autodl-fs/data/fundiff/burgers/diffusion/FAE_use_pde_True/ckpt/19350`.
I0121 08:14:51.718260 139550508697152 async_checkpointer.py:420] Finished async_save (blocking + background). Time taken: 1.997970s. directory=/autodl-fs/data/fundiff/burgers/diffusion/FAE_use_pde_True/ckpt/19350
I0121 08:14:51.718518 139550508697152 async_checkpointer.py:144] [process=0][thread=async_save] Background save thread done. Time taken: 1.412230s.
I0121 08:14:51.719076 139549167035968 async_checkpointer.py:273] [process=0][thread=save_finalize] Done with waiting for background save thread=async_save.
I0121 08:14:51.719594 139549167035968 async_checkpointer.py:283] [process=0][thread=save_finalize] No errors found in background save thread=async_save.
I0121 08:14:51.775962 139549167035968 deleter.py:273] Deleted step 18450.
I0121 08:14:51.776279 139549167035968 checkpoint_manager.py:2133] [process=0][thread=save_finalize][step=19350] CheckpointManager Save Finalize is syncing with other hosts...
I0121 08:14:51.776760 139549167035968 checkpoint_manager.py:2142] [process=0][thread=save_finalize][step=19350] CheckpointManager Save Finalize is done on all hosts.
step: 19800,  loss data: 1.104e-03, loss res: 1.659e-03, time: 1.288e+02
step: 20250,  loss data: 6.843e-04, loss res: 1.336e-03, time: 1.291e+02
I0121 08:19:08.190185 139627771470912 checkpoint_manager.py:2013] [process=0][thread=MainThread][wait_until_finished] No Save Finalize thread to wait for. Returning.
I0121 08:19:08.191686 139627771470912 checkpoint_manager.py:1518] [process=0] Saving checkpoint at step 20250
I0121 08:19:08.192364 139627771470912 async_checkpointer.py:452] [process=0] Started async saving checkpoint to /autodl-fs/data/fundiff/burgers/diffusion/FAE_use_pde_True/ckpt/20250.
I0121 08:19:08.213448 139545358100032 atomicity.py:137] Creating tmp directory /autodl-fs/data/fundiff/burgers/diffusion/FAE_use_pde_True/ckpt/20250.orbax-checkpoint-tmp
I0121 08:19:08.296041 139627771470912 jax_array_handlers.py:357] Scheduling D2H of 774 prioritized jax.Array.
I0121 08:19:08.296673 139627771470912 replica_slices.py:424] Transferring arrays to host memory with options: use_replica_parallel=True, min_slice_bytes_for_replica_parallel=None, max_replicas_for_replica_parallel=None, enable_pinned_host_transfer=True
I0121 08:19:08.318361 139547430082112 atomicity.py:137] Creating tmp directory /autodl-fs/data/fundiff/burgers/diffusion/FAE_use_pde_True/ckpt/20250.orbax-checkpoint-tmp/default.orbax-checkpoint-tmp
I0121 08:19:08.662235 139627771470912 base_pytree_checkpoint_handler.py:151] [process=0][thread=MainThread] Initiated "orbax.checkpoint._src.serialization.jax_array_handlers.ArrayHandler".serialize. Time taken: 0.368509s
I0121 08:19:08.690421 139627771470912 base_pytree_checkpoint_handler.py:128] [process=0] /jax/checkpoint/write/blocking_gbytes_per_sec: 174.359 MiB/s (total gbytes: 85.5 MiB) (time elapsed: 490 milliseconds) (per-host)
I0121 08:19:08.690792 139627771470912 base_pytree_checkpoint_handler.py:730] [process=0][thread=MainThread] Initiated Pytree async_save. Time taken: 0.490981s (batch_requests_ready=0.054677s, total_serialization_initiated=0.408941s, others=0.027363s)
I0121 08:19:08.691351 139627771470912 composite_checkpoint_handler.py:715] [process=0][thread=MainThread] Initiated CompositeCheckpointHandler.async_save. Time taken: 0.496160s (all_items=0.000017s, per_item={'default': '0.00001740'}, temp_paths=0.496142)
I0121 08:19:08.766706 139550475126336 async_checkpointer.py:79] [process=0][thread=async_save] Background save thread started.
I0121 08:19:08.767078 139627771470912 async_checkpointer.py:561] Finished blocking save. Time taken: 0.575144s. Continuing background save to /autodl-fs/data/fundiff/burgers/diffusion/FAE_use_pde_True/ckpt/20250.
I0121 08:19:08.768878 139627771470912 checkpoint_manager.py:1566] [process=0][thread=MainThread][step=20250] Starting CheckpointManager Save Finalize thread=save_finalize
I0121 08:19:08.769438 139550466733632 async_checkpointer.py:265] [process=0][thread=save_finalize] Waiting for background save thread=async_save.
I0121 08:19:08.776702 139627771470912 standard_logger.py:34] {'step': Array(20250, dtype=int32), 'event_type': 'save', 'directory': '/autodl-fs/data/fundiff/burgers/diffusion/FAE_use_pde_True/ckpt', 'reached_preemption': False, 'preemption_received_at': None, 'synchronous': False, 'wait_for_prev_start_time': 1768954748.1901295, 'wait_for_prev_duration_secs': 0.0002989768981933594, 'time_between_consecutive_saves_sec': 256.4131872653961, 'checkpointer_blocking_start_time': 1768954748.1918979, 'checkpointer_blocking_duration_secs': 0.5767390727996826, 'get_old_steps_start_time': 1768954748.7686841, 'get_old_steps_duration_secs': 0.00011181831359863281, 'checkpoint_manager_blocking_start_time': 1768954748.1896474, 'checkpoint_manager_blocking_duration_secs': 0.5827453136444092}
I0121 08:19:08.794380 139550533875264 array_metadata_store.py:203] [process=0][thread=array_type_handler] Wrote 774 array_metadata.ArrayMetadata to /autodl-fs/data/fundiff/burgers/diffusion/FAE_use_pde_True/ckpt/20250.orbax-checkpoint-tmp/default.orbax-checkpoint-tmp/array_metadatas/process_0
I0121 08:19:10.105123 139550525482560 base_pytree_checkpoint_handler.py:1224] [process=0][thread=write_metadata_after_commits] Commit + Array metadata written. Time taken: 1.435850s (commit=1.327517s, array_metadata_write=0.108333s)
I0121 08:19:10.107919 139550475126336 base_pytree_checkpoint_handler.py:128] [process=0] /jax/checkpoint/write/gbytes_per_sec: 44.827 MiB/s (total gbytes: 85.5 MiB) (time elapsed: a second) (per-host)
I0121 08:19:10.108486 139550475126336 async_checkpointer.py:90] [process=0][thread=async_save] 3 Handler Commit operations completed. Time taken: 1.341021s.
I0121 08:19:10.121152 139550475126336 array_metadata_store.py:367] [process=0][thread=async_save] Skipped cross-host ArrayMetadata validation because only one process is found: process_index=0.
I0121 08:19:10.179084 139550475126336 base_pytree_checkpoint_handler.py:1348] [process=0][thread=async_save] Pytree save finalize (merge_ocdbt + ArrayMetadata validation) completed. Time taken: 0.067172s. use_zarr3=False, enable_post_merge_validation=True, directory=/autodl-fs/data/fundiff/burgers/diffusion/FAE_use_pde_True/ckpt/20250.orbax-checkpoint-tmp/default.orbax-checkpoint-tmp
I0121 08:19:10.180398 139550475126336 atomicity.py:480] Renaming /autodl-fs/data/fundiff/burgers/diffusion/FAE_use_pde_True/ckpt/20250.orbax-checkpoint-tmp/default.orbax-checkpoint-tmp to /autodl-fs/data/fundiff/burgers/diffusion/FAE_use_pde_True/ckpt/20250.orbax-checkpoint-tmp/default
I0121 08:19:10.184708 139550475126336 atomicity.py:480] Renaming /autodl-fs/data/fundiff/burgers/diffusion/FAE_use_pde_True/ckpt/20250.orbax-checkpoint-tmp to /autodl-fs/data/fundiff/burgers/diffusion/FAE_use_pde_True/ckpt/20250
I0121 08:19:10.200757 139550475126336 atomicity.py:790] [process=0][thread=async_save] Finished saving checkpoint (finalized tmp dir) to `/autodl-fs/data/fundiff/burgers/diffusion/FAE_use_pde_True/ckpt/20250`.
I0121 08:19:10.201680 139550475126336 async_checkpointer.py:420] Finished async_save (blocking + background). Time taken: 2.009762s. directory=/autodl-fs/data/fundiff/burgers/diffusion/FAE_use_pde_True/ckpt/20250
I0121 08:19:10.201929 139550475126336 async_checkpointer.py:144] [process=0][thread=async_save] Background save thread done. Time taken: 1.434469s.
I0121 08:19:10.202387 139550466733632 async_checkpointer.py:273] [process=0][thread=save_finalize] Done with waiting for background save thread=async_save.
I0121 08:19:10.202996 139550466733632 async_checkpointer.py:283] [process=0][thread=save_finalize] No errors found in background save thread=async_save.
I0121 08:19:10.264351 139550466733632 deleter.py:273] Deleted step 19350.
I0121 08:19:10.264657 139550466733632 checkpoint_manager.py:2133] [process=0][thread=save_finalize][step=20250] CheckpointManager Save Finalize is syncing with other hosts...
I0121 08:19:10.265052 139550466733632 checkpoint_manager.py:2142] [process=0][thread=save_finalize][step=20250] CheckpointManager Save Finalize is done on all hosts.
step: 20700,  loss data: 9.501e-03, loss res: 1.653e-02, time: 1.289e+02
step: 21150,  loss data: 1.109e-03, loss res: 1.851e-03, time: 1.287e+02
I0121 08:23:26.389422 139627771470912 checkpoint_manager.py:2013] [process=0][thread=MainThread][wait_until_finished] No Save Finalize thread to wait for. Returning.
I0121 08:23:26.390712 139627771470912 checkpoint_manager.py:1518] [process=0] Saving checkpoint at step 21150
I0121 08:23:26.391418 139627771470912 async_checkpointer.py:452] [process=0] Started async saving checkpoint to /autodl-fs/data/fundiff/burgers/diffusion/FAE_use_pde_True/ckpt/21150.
I0121 08:23:26.421111 139547421689408 atomicity.py:137] Creating tmp directory /autodl-fs/data/fundiff/burgers/diffusion/FAE_use_pde_True/ckpt/21150.orbax-checkpoint-tmp
I0121 08:23:26.496129 139627771470912 jax_array_handlers.py:357] Scheduling D2H of 774 prioritized jax.Array.
I0121 08:23:26.496650 139627771470912 replica_slices.py:424] Transferring arrays to host memory with options: use_replica_parallel=True, min_slice_bytes_for_replica_parallel=None, max_replicas_for_replica_parallel=None, enable_pinned_host_transfer=True
I0121 08:23:26.520929 139547446867520 atomicity.py:137] Creating tmp directory /autodl-fs/data/fundiff/burgers/diffusion/FAE_use_pde_True/ckpt/21150.orbax-checkpoint-tmp/default.orbax-checkpoint-tmp
I0121 08:23:26.875017 139627771470912 base_pytree_checkpoint_handler.py:151] [process=0][thread=MainThread] Initiated "orbax.checkpoint._src.serialization.jax_array_handlers.ArrayHandler".serialize. Time taken: 0.381188s
I0121 08:23:26.882082 139627771470912 base_pytree_checkpoint_handler.py:128] [process=0] /jax/checkpoint/write/blocking_gbytes_per_sec: 176.977 MiB/s (total gbytes: 85.5 MiB) (time elapsed: 483 milliseconds) (per-host)
I0121 08:23:26.887551 139627771470912 base_pytree_checkpoint_handler.py:730] [process=0][thread=MainThread] Initiated Pytree async_save. Time taken: 0.488814s (batch_requests_ready=0.055383s, total_serialization_initiated=0.421573s, others=0.011858s)
I0121 08:23:26.888167 139627771470912 composite_checkpoint_handler.py:715] [process=0][thread=MainThread] Initiated CompositeCheckpointHandler.async_save. Time taken: 0.494667s (all_items=0.000019s, per_item={'default': '0.00001860'}, temp_paths=0.494649)
I0121 08:23:26.982925 139549167035968 async_checkpointer.py:79] [process=0][thread=async_save] Background save thread started.
I0121 08:23:26.983347 139627771470912 async_checkpointer.py:561] Finished blocking save. Time taken: 0.592362s. Continuing background save to /autodl-fs/data/fundiff/burgers/diffusion/FAE_use_pde_True/ckpt/21150.
I0121 08:23:26.986087 139627771470912 checkpoint_manager.py:1566] [process=0][thread=MainThread][step=21150] Starting CheckpointManager Save Finalize thread=save_finalize
I0121 08:23:26.991647 139549150250560 async_checkpointer.py:265] [process=0][thread=save_finalize] Waiting for background save thread=async_save.
I0121 08:23:26.993756 139627771470912 standard_logger.py:34] {'step': Array(21150, dtype=int32), 'event_type': 'save', 'directory': '/autodl-fs/data/fundiff/burgers/diffusion/FAE_use_pde_True/ckpt', 'reached_preemption': False, 'preemption_received_at': None, 'synchronous': False, 'wait_for_prev_start_time': 1768955006.3893647, 'wait_for_prev_duration_secs': 0.00029778480529785156, 'time_between_consecutive_saves_sec': 256.1240656375885, 'checkpointer_blocking_start_time': 1768955006.3909314, 'checkpointer_blocking_duration_secs': 0.5948526859283447, 'get_old_steps_start_time': 1768955006.9858518, 'get_old_steps_duration_secs': 0.00012564659118652344, 'checkpoint_manager_blocking_start_time': 1768955006.3888159, 'checkpoint_manager_blocking_duration_secs': 0.6040852069854736}
I0121 08:23:27.049700 139550525482560 array_metadata_store.py:203] [process=0][thread=array_type_handler] Wrote 774 array_metadata.ArrayMetadata to /autodl-fs/data/fundiff/burgers/diffusion/FAE_use_pde_True/ckpt/21150.orbax-checkpoint-tmp/default.orbax-checkpoint-tmp/array_metadatas/process_0
I0121 08:23:28.910070 139550517089856 base_pytree_checkpoint_handler.py:1224] [process=0][thread=write_metadata_after_commits] Commit + Array metadata written. Time taken: 2.028397s (commit=1.929765s, array_metadata_write=0.098632s)
I0121 08:23:28.913103 139549167035968 base_pytree_checkpoint_handler.py:128] [process=0] /jax/checkpoint/write/gbytes_per_sec: 34.017 MiB/s (total gbytes: 85.5 MiB) (time elapsed: 2 seconds) (per-host)
I0121 08:23:28.913499 139549167035968 async_checkpointer.py:90] [process=0][thread=async_save] 3 Handler Commit operations completed. Time taken: 1.929311s.
I0121 08:23:28.923950 139549167035968 array_metadata_store.py:367] [process=0][thread=async_save] Skipped cross-host ArrayMetadata validation because only one process is found: process_index=0.
I0121 08:23:28.966249 139549167035968 base_pytree_checkpoint_handler.py:1348] [process=0][thread=async_save] Pytree save finalize (merge_ocdbt + ArrayMetadata validation) completed. Time taken: 0.050056s. use_zarr3=False, enable_post_merge_validation=True, directory=/autodl-fs/data/fundiff/burgers/diffusion/FAE_use_pde_True/ckpt/21150.orbax-checkpoint-tmp/default.orbax-checkpoint-tmp
I0121 08:23:28.967429 139549167035968 atomicity.py:480] Renaming /autodl-fs/data/fundiff/burgers/diffusion/FAE_use_pde_True/ckpt/21150.orbax-checkpoint-tmp/default.orbax-checkpoint-tmp to /autodl-fs/data/fundiff/burgers/diffusion/FAE_use_pde_True/ckpt/21150.orbax-checkpoint-tmp/default
I0121 08:23:28.970705 139549167035968 atomicity.py:480] Renaming /autodl-fs/data/fundiff/burgers/diffusion/FAE_use_pde_True/ckpt/21150.orbax-checkpoint-tmp to /autodl-fs/data/fundiff/burgers/diffusion/FAE_use_pde_True/ckpt/21150
I0121 08:23:29.030590 139549167035968 atomicity.py:790] [process=0][thread=async_save] Finished saving checkpoint (finalized tmp dir) to `/autodl-fs/data/fundiff/burgers/diffusion/FAE_use_pde_True/ckpt/21150`.
I0121 08:23:29.032125 139549167035968 async_checkpointer.py:420] Finished async_save (blocking + background). Time taken: 2.641172s. directory=/autodl-fs/data/fundiff/burgers/diffusion/FAE_use_pde_True/ckpt/21150
I0121 08:23:29.032455 139549167035968 async_checkpointer.py:144] [process=0][thread=async_save] Background save thread done. Time taken: 2.048268s.
I0121 08:23:29.033034 139549150250560 async_checkpointer.py:273] [process=0][thread=save_finalize] Done with waiting for background save thread=async_save.
I0121 08:23:29.033631 139549150250560 async_checkpointer.py:283] [process=0][thread=save_finalize] No errors found in background save thread=async_save.
I0121 08:23:29.063778 139549150250560 deleter.py:273] Deleted step 20250.
I0121 08:23:29.064032 139549150250560 checkpoint_manager.py:2133] [process=0][thread=save_finalize][step=21150] CheckpointManager Save Finalize is syncing with other hosts...
I0121 08:23:29.064299 139549150250560 checkpoint_manager.py:2142] [process=0][thread=save_finalize][step=21150] CheckpointManager Save Finalize is done on all hosts.
step: 21600,  loss data: 1.561e-03, loss res: 2.754e-03, time: 1.295e+02
step: 22050,  loss data: 3.139e-03, loss res: 8.421e-03, time: 1.288e+02
I0121 08:27:45.311319 139627771470912 checkpoint_manager.py:2013] [process=0][thread=MainThread][wait_until_finished] No Save Finalize thread to wait for. Returning.
I0121 08:27:45.312629 139627771470912 checkpoint_manager.py:1518] [process=0] Saving checkpoint at step 22050
I0121 08:27:45.313346 139627771470912 async_checkpointer.py:452] [process=0] Started async saving checkpoint to /autodl-fs/data/fundiff/burgers/diffusion/FAE_use_pde_True/ckpt/22050.
I0121 08:27:45.333397 139546415056448 atomicity.py:137] Creating tmp directory /autodl-fs/data/fundiff/burgers/diffusion/FAE_use_pde_True/ckpt/22050.orbax-checkpoint-tmp
I0121 08:27:45.419340 139627771470912 jax_array_handlers.py:357] Scheduling D2H of 774 prioritized jax.Array.
I0121 08:27:45.420085 139627771470912 replica_slices.py:424] Transferring arrays to host memory with options: use_replica_parallel=True, min_slice_bytes_for_replica_parallel=None, max_replicas_for_replica_parallel=None, enable_pinned_host_transfer=True
I0121 08:27:45.430638 139545769145920 atomicity.py:137] Creating tmp directory /autodl-fs/data/fundiff/burgers/diffusion/FAE_use_pde_True/ckpt/22050.orbax-checkpoint-tmp/default.orbax-checkpoint-tmp
I0121 08:27:45.722728 139627771470912 base_pytree_checkpoint_handler.py:151] [process=0][thread=MainThread] Initiated "orbax.checkpoint._src.serialization.jax_array_handlers.ArrayHandler".serialize. Time taken: 0.306635s
I0121 08:27:45.741802 139627771470912 base_pytree_checkpoint_handler.py:128] [process=0] /jax/checkpoint/write/blocking_gbytes_per_sec: 203.810 MiB/s (total gbytes: 85.5 MiB) (time elapsed: 419 milliseconds) (per-host)
I0121 08:27:45.747464 139627771470912 base_pytree_checkpoint_handler.py:730] [process=0][thread=MainThread] Initiated Pytree async_save. Time taken: 0.425549s (batch_requests_ready=0.053216s, total_serialization_initiated=0.348188s, others=0.024144s)
I0121 08:27:45.753548 139627771470912 composite_checkpoint_handler.py:715] [process=0][thread=MainThread] Initiated CompositeCheckpointHandler.async_save. Time taken: 0.437289s (all_items=0.000020s, per_item={'default': '0.00001979'}, temp_paths=0.437269)
I0121 08:27:45.823684 139549175428672 async_checkpointer.py:79] [process=0][thread=async_save] Background save thread started.
I0121 08:27:45.824094 139627771470912 async_checkpointer.py:561] Finished blocking save. Time taken: 0.511236s. Continuing background save to /autodl-fs/data/fundiff/burgers/diffusion/FAE_use_pde_True/ckpt/22050.
I0121 08:27:45.825100 139627771470912 checkpoint_manager.py:1566] [process=0][thread=MainThread][step=22050] Starting CheckpointManager Save Finalize thread=save_finalize
I0121 08:27:45.826081 139549167035968 async_checkpointer.py:265] [process=0][thread=save_finalize] Waiting for background save thread=async_save.
I0121 08:27:45.828411 139627771470912 standard_logger.py:34] {'step': Array(22050, dtype=int32), 'event_type': 'save', 'directory': '/autodl-fs/data/fundiff/burgers/diffusion/FAE_use_pde_True/ckpt', 'reached_preemption': False, 'preemption_received_at': None, 'synchronous': False, 'wait_for_prev_start_time': 1768955265.3112638, 'wait_for_prev_duration_secs': 0.0002875328063964844, 'time_between_consecutive_saves_sec': 256.24663162231445, 'checkpointer_blocking_start_time': 1768955265.3128202, 'checkpointer_blocking_duration_secs': 0.5120728015899658, 'get_old_steps_start_time': 1768955265.8249285, 'get_old_steps_duration_secs': 9.679794311523438e-05, 'checkpoint_manager_blocking_start_time': 1768955265.3107255, 'checkpoint_manager_blocking_duration_secs': 0.5166151523590088}
I0121 08:27:45.848636 139550525482560 array_metadata_store.py:203] [process=0][thread=array_type_handler] Wrote 774 array_metadata.ArrayMetadata to /autodl-fs/data/fundiff/burgers/diffusion/FAE_use_pde_True/ckpt/22050.orbax-checkpoint-tmp/default.orbax-checkpoint-tmp/array_metadatas/process_0
I0121 08:27:47.331685 139550517089856 base_pytree_checkpoint_handler.py:1224] [process=0][thread=write_metadata_after_commits] Commit + Array metadata written. Time taken: 1.602138s (commit=1.478730s, array_metadata_write=0.123408s)
I0121 08:27:47.336013 139549175428672 base_pytree_checkpoint_handler.py:128] [process=0] /jax/checkpoint/write/gbytes_per_sec: 42.468 MiB/s (total gbytes: 85.5 MiB) (time elapsed: 2 seconds) (per-host)
I0121 08:27:47.336454 139549175428672 async_checkpointer.py:90] [process=0][thread=async_save] 3 Handler Commit operations completed. Time taken: 1.512253s.
I0121 08:27:47.350746 139549175428672 array_metadata_store.py:367] [process=0][thread=async_save] Skipped cross-host ArrayMetadata validation because only one process is found: process_index=0.
I0121 08:27:47.408661 139549175428672 base_pytree_checkpoint_handler.py:1348] [process=0][thread=async_save] Pytree save finalize (merge_ocdbt + ArrayMetadata validation) completed. Time taken: 0.066057s. use_zarr3=False, enable_post_merge_validation=True, directory=/autodl-fs/data/fundiff/burgers/diffusion/FAE_use_pde_True/ckpt/22050.orbax-checkpoint-tmp/default.orbax-checkpoint-tmp
I0121 08:27:47.411746 139549175428672 atomicity.py:480] Renaming /autodl-fs/data/fundiff/burgers/diffusion/FAE_use_pde_True/ckpt/22050.orbax-checkpoint-tmp/default.orbax-checkpoint-tmp to /autodl-fs/data/fundiff/burgers/diffusion/FAE_use_pde_True/ckpt/22050.orbax-checkpoint-tmp/default
I0121 08:27:47.416275 139549175428672 atomicity.py:480] Renaming /autodl-fs/data/fundiff/burgers/diffusion/FAE_use_pde_True/ckpt/22050.orbax-checkpoint-tmp to /autodl-fs/data/fundiff/burgers/diffusion/FAE_use_pde_True/ckpt/22050
I0121 08:27:47.430180 139549175428672 atomicity.py:790] [process=0][thread=async_save] Finished saving checkpoint (finalized tmp dir) to `/autodl-fs/data/fundiff/burgers/diffusion/FAE_use_pde_True/ckpt/22050`.
I0121 08:27:47.431201 139549175428672 async_checkpointer.py:420] Finished async_save (blocking + background). Time taken: 2.118354s. directory=/autodl-fs/data/fundiff/burgers/diffusion/FAE_use_pde_True/ckpt/22050
I0121 08:27:47.431433 139549175428672 async_checkpointer.py:144] [process=0][thread=async_save] Background save thread done. Time taken: 1.607234s.
I0121 08:27:47.431923 139549167035968 async_checkpointer.py:273] [process=0][thread=save_finalize] Done with waiting for background save thread=async_save.
I0121 08:27:47.432558 139549167035968 async_checkpointer.py:283] [process=0][thread=save_finalize] No errors found in background save thread=async_save.
I0121 08:27:47.490464 139549167035968 deleter.py:273] Deleted step 21150.
I0121 08:27:47.490813 139549167035968 checkpoint_manager.py:2133] [process=0][thread=save_finalize][step=22050] CheckpointManager Save Finalize is syncing with other hosts...
I0121 08:27:47.491217 139549167035968 checkpoint_manager.py:2142] [process=0][thread=save_finalize][step=22050] CheckpointManager Save Finalize is done on all hosts.
step: 22500,  loss data: 2.281e-03, loss res: 2.688e-03, time: 1.293e+02
Epoch 50, getting batches from DataLoader...
step: 22950,  loss data: 2.180e-03, loss res: 6.220e-03, time: 1.288e+02
I0121 08:32:03.986077 139627771470912 checkpoint_manager.py:2013] [process=0][thread=MainThread][wait_until_finished] No Save Finalize thread to wait for. Returning.
I0121 08:32:03.987746 139627771470912 checkpoint_manager.py:1518] [process=0] Saving checkpoint at step 22950
I0121 08:32:03.988631 139627771470912 async_checkpointer.py:452] [process=0] Started async saving checkpoint to /autodl-fs/data/fundiff/burgers/diffusion/FAE_use_pde_True/ckpt/22950.
I0121 08:32:04.024058 139546826102336 atomicity.py:137] Creating tmp directory /autodl-fs/data/fundiff/burgers/diffusion/FAE_use_pde_True/ckpt/22950.orbax-checkpoint-tmp
I0121 08:32:04.073846 139549158643264 atomicity.py:137] Creating tmp directory /autodl-fs/data/fundiff/burgers/diffusion/FAE_use_pde_True/ckpt/22950.orbax-checkpoint-tmp/default.orbax-checkpoint-tmp
I0121 08:32:04.103280 139627771470912 jax_array_handlers.py:357] Scheduling D2H of 774 prioritized jax.Array.
I0121 08:32:04.103790 139627771470912 replica_slices.py:424] Transferring arrays to host memory with options: use_replica_parallel=True, min_slice_bytes_for_replica_parallel=None, max_replicas_for_replica_parallel=None, enable_pinned_host_transfer=True
I0121 08:32:04.470966 139627771470912 base_pytree_checkpoint_handler.py:151] [process=0][thread=MainThread] Initiated "orbax.checkpoint._src.serialization.jax_array_handlers.ArrayHandler".serialize. Time taken: 0.370232s
I0121 08:32:04.509814 139627771470912 base_pytree_checkpoint_handler.py:128] [process=0] /jax/checkpoint/write/blocking_gbytes_per_sec: 166.624 MiB/s (total gbytes: 85.5 MiB) (time elapsed: 513 milliseconds) (per-host)
I0121 08:32:04.567225 139627771470912 base_pytree_checkpoint_handler.py:730] [process=0][thread=MainThread] Initiated Pytree async_save. Time taken: 0.570768s (batch_requests_ready=0.060499s, total_serialization_initiated=0.425771s, others=0.084499s)
I0121 08:32:04.569129 139627771470912 composite_checkpoint_handler.py:715] [process=0][thread=MainThread] Initiated CompositeCheckpointHandler.async_save. Time taken: 0.577427s (all_items=0.000018s, per_item={'default': '0.00001836'}, temp_paths=0.577409)
I0121 08:32:04.573705 139550475126336 async_checkpointer.py:79] [process=0][thread=async_save] Background save thread started.
I0121 08:32:04.573993 139627771470912 async_checkpointer.py:561] Finished blocking save. Time taken: 0.585940s. Continuing background save to /autodl-fs/data/fundiff/burgers/diffusion/FAE_use_pde_True/ckpt/22950.
I0121 08:32:04.575591 139627771470912 checkpoint_manager.py:1566] [process=0][thread=MainThread][step=22950] Starting CheckpointManager Save Finalize thread=save_finalize
I0121 08:32:04.576536 139550491911744 async_checkpointer.py:265] [process=0][thread=save_finalize] Waiting for background save thread=async_save.
I0121 08:32:04.582098 139627771470912 standard_logger.py:34] {'step': Array(22950, dtype=int32), 'event_type': 'save', 'directory': '/autodl-fs/data/fundiff/burgers/diffusion/FAE_use_pde_True/ckpt', 'reached_preemption': False, 'preemption_received_at': None, 'synchronous': False, 'wait_for_prev_start_time': 1768955523.9860146, 'wait_for_prev_duration_secs': 0.0003688335418701172, 'time_between_consecutive_saves_sec': 256.49454379081726, 'checkpointer_blocking_start_time': 1768955523.9880195, 'checkpointer_blocking_duration_secs': 0.5873174667358398, 'get_old_steps_start_time': 1768955524.5753794, 'get_old_steps_duration_secs': 0.0001270771026611328, 'checkpoint_manager_blocking_start_time': 1768955523.9854324, 'checkpoint_manager_blocking_duration_secs': 0.5956335067749023}
I0121 08:32:04.596690 139550533875264 array_metadata_store.py:203] [process=0][thread=array_type_handler] Wrote 774 array_metadata.ArrayMetadata to /autodl-fs/data/fundiff/burgers/diffusion/FAE_use_pde_True/ckpt/22950.orbax-checkpoint-tmp/default.orbax-checkpoint-tmp/array_metadatas/process_0
I0121 08:32:05.964332 139550525482560 base_pytree_checkpoint_handler.py:1224] [process=0][thread=write_metadata_after_commits] Commit + Array metadata written. Time taken: 1.448708s (commit=1.349299s, array_metadata_write=0.099409s)
I0121 08:32:05.967582 139550475126336 base_pytree_checkpoint_handler.py:128] [process=0] /jax/checkpoint/write/gbytes_per_sec: 43.393 MiB/s (total gbytes: 85.5 MiB) (time elapsed: a second) (per-host)
I0121 08:32:05.968001 139550475126336 async_checkpointer.py:90] [process=0][thread=async_save] 3 Handler Commit operations completed. Time taken: 1.393542s.
I0121 08:32:05.979404 139550475126336 array_metadata_store.py:367] [process=0][thread=async_save] Skipped cross-host ArrayMetadata validation because only one process is found: process_index=0.
I0121 08:32:06.037536 139550475126336 base_pytree_checkpoint_handler.py:1348] [process=0][thread=async_save] Pytree save finalize (merge_ocdbt + ArrayMetadata validation) completed. Time taken: 0.066586s. use_zarr3=False, enable_post_merge_validation=True, directory=/autodl-fs/data/fundiff/burgers/diffusion/FAE_use_pde_True/ckpt/22950.orbax-checkpoint-tmp/default.orbax-checkpoint-tmp
I0121 08:32:06.038835 139550475126336 atomicity.py:480] Renaming /autodl-fs/data/fundiff/burgers/diffusion/FAE_use_pde_True/ckpt/22950.orbax-checkpoint-tmp/default.orbax-checkpoint-tmp to /autodl-fs/data/fundiff/burgers/diffusion/FAE_use_pde_True/ckpt/22950.orbax-checkpoint-tmp/default
I0121 08:32:06.043346 139550475126336 atomicity.py:480] Renaming /autodl-fs/data/fundiff/burgers/diffusion/FAE_use_pde_True/ckpt/22950.orbax-checkpoint-tmp to /autodl-fs/data/fundiff/burgers/diffusion/FAE_use_pde_True/ckpt/22950
I0121 08:32:06.057242 139550475126336 atomicity.py:790] [process=0][thread=async_save] Finished saving checkpoint (finalized tmp dir) to `/autodl-fs/data/fundiff/burgers/diffusion/FAE_use_pde_True/ckpt/22950`.
I0121 08:32:06.058218 139550475126336 async_checkpointer.py:420] Finished async_save (blocking + background). Time taken: 2.070177s. directory=/autodl-fs/data/fundiff/burgers/diffusion/FAE_use_pde_True/ckpt/22950
I0121 08:32:06.058481 139550475126336 async_checkpointer.py:144] [process=0][thread=async_save] Background save thread done. Time taken: 1.484024s.
I0121 08:32:06.058985 139550491911744 async_checkpointer.py:273] [process=0][thread=save_finalize] Done with waiting for background save thread=async_save.
I0121 08:32:06.059497 139550491911744 async_checkpointer.py:283] [process=0][thread=save_finalize] No errors found in background save thread=async_save.
I0121 08:32:06.112056 139550491911744 deleter.py:273] Deleted step 22050.
I0121 08:32:06.112310 139550491911744 checkpoint_manager.py:2133] [process=0][thread=save_finalize][step=22950] CheckpointManager Save Finalize is syncing with other hosts...
I0121 08:32:06.112902 139550491911744 checkpoint_manager.py:2142] [process=0][thread=save_finalize][step=22950] CheckpointManager Save Finalize is done on all hosts.
step: 23400,  loss data: 3.280e-03, loss res: 1.706e-02, time: 1.290e+02
step: 23850,  loss data: 1.399e-03, loss res: 3.426e-03, time: 1.291e+02
I0121 08:36:22.763206 139627771470912 checkpoint_manager.py:2013] [process=0][thread=MainThread][wait_until_finished] No Save Finalize thread to wait for. Returning.
I0121 08:36:22.764462 139627771470912 checkpoint_manager.py:1518] [process=0] Saving checkpoint at step 23850
I0121 08:36:22.765280 139627771470912 async_checkpointer.py:452] [process=0] Started async saving checkpoint to /autodl-fs/data/fundiff/burgers/diffusion/FAE_use_pde_True/ckpt/23850.
I0121 08:36:22.785289 139546817709632 atomicity.py:137] Creating tmp directory /autodl-fs/data/fundiff/burgers/diffusion/FAE_use_pde_True/ckpt/23850.orbax-checkpoint-tmp
I0121 08:36:22.873049 139627771470912 jax_array_handlers.py:357] Scheduling D2H of 774 prioritized jax.Array.
I0121 08:36:22.873587 139627771470912 replica_slices.py:424] Transferring arrays to host memory with options: use_replica_parallel=True, min_slice_bytes_for_replica_parallel=None, max_replicas_for_replica_parallel=None, enable_pinned_host_transfer=True
I0121 08:36:22.896255 139546800924224 atomicity.py:137] Creating tmp directory /autodl-fs/data/fundiff/burgers/diffusion/FAE_use_pde_True/ckpt/23850.orbax-checkpoint-tmp/default.orbax-checkpoint-tmp
I0121 08:36:23.155952 139627771470912 base_pytree_checkpoint_handler.py:151] [process=0][thread=MainThread] Initiated "orbax.checkpoint._src.serialization.jax_array_handlers.ArrayHandler".serialize. Time taken: 0.285390s
I0121 08:36:23.178653 139627771470912 base_pytree_checkpoint_handler.py:128] [process=0] /jax/checkpoint/write/blocking_gbytes_per_sec: 210.963 MiB/s (total gbytes: 85.5 MiB) (time elapsed: 405 milliseconds) (per-host)
I0121 08:36:23.184780 139627771470912 base_pytree_checkpoint_handler.py:730] [process=0][thread=MainThread] Initiated Pytree async_save. Time taken: 0.411615s (batch_requests_ready=0.054698s, total_serialization_initiated=0.328666s, others=0.028251s)
I0121 08:36:23.190419 139627771470912 composite_checkpoint_handler.py:715] [process=0][thread=MainThread] Initiated CompositeCheckpointHandler.async_save. Time taken: 0.422169s (all_items=0.000019s, per_item={'default': '0.00001907'}, temp_paths=0.422150)
I0121 08:36:23.256757 139550500304448 async_checkpointer.py:79] [process=0][thread=async_save] Background save thread started.
I0121 08:36:23.256883 139627771470912 async_checkpointer.py:561] Finished blocking save. Time taken: 0.492165s. Continuing background save to /autodl-fs/data/fundiff/burgers/diffusion/FAE_use_pde_True/ckpt/23850.
I0121 08:36:23.259151 139627771470912 checkpoint_manager.py:1566] [process=0][thread=MainThread][step=23850] Starting CheckpointManager Save Finalize thread=save_finalize
I0121 08:36:23.259957 139549167035968 async_checkpointer.py:265] [process=0][thread=save_finalize] Waiting for background save thread=async_save.
I0121 08:36:23.265468 139627771470912 standard_logger.py:34] {'step': Array(23850, dtype=int32), 'event_type': 'save', 'directory': '/autodl-fs/data/fundiff/burgers/diffusion/FAE_use_pde_True/ckpt', 'reached_preemption': False, 'preemption_received_at': None, 'synchronous': False, 'wait_for_prev_start_time': 1768955782.7631316, 'wait_for_prev_duration_secs': 0.0003333091735839844, 'time_between_consecutive_saves_sec': 256.64998412132263, 'checkpointer_blocking_start_time': 1768955782.76469, 'checkpointer_blocking_duration_secs': 0.49422740936279297, 'get_old_steps_start_time': 1768955783.2589586, 'get_old_steps_duration_secs': 0.00010371208190917969, 'checkpoint_manager_blocking_start_time': 1768955782.7625556, 'checkpoint_manager_blocking_duration_secs': 0.498615026473999}
I0121 08:36:23.301540 139550533875264 array_metadata_store.py:203] [process=0][thread=array_type_handler] Wrote 774 array_metadata.ArrayMetadata to /autodl-fs/data/fundiff/burgers/diffusion/FAE_use_pde_True/ckpt/23850.orbax-checkpoint-tmp/default.orbax-checkpoint-tmp/array_metadatas/process_0
I0121 08:36:25.365750 139550525482560 base_pytree_checkpoint_handler.py:1224] [process=0][thread=write_metadata_after_commits] Commit + Array metadata written. Time taken: 2.169890s (commit=2.074922s, array_metadata_write=0.094968s)
I0121 08:36:25.368658 139550500304448 base_pytree_checkpoint_handler.py:128] [process=0] /jax/checkpoint/write/gbytes_per_sec: 32.954 MiB/s (total gbytes: 85.5 MiB) (time elapsed: 2 seconds) (per-host)
I0121 08:36:25.369102 139550500304448 async_checkpointer.py:90] [process=0][thread=async_save] 3 Handler Commit operations completed. Time taken: 2.111536s.
I0121 08:36:25.381576 139550500304448 array_metadata_store.py:367] [process=0][thread=async_save] Skipped cross-host ArrayMetadata validation because only one process is found: process_index=0.
I0121 08:36:25.440886 139550500304448 base_pytree_checkpoint_handler.py:1348] [process=0][thread=async_save] Pytree save finalize (merge_ocdbt + ArrayMetadata validation) completed. Time taken: 0.068248s. use_zarr3=False, enable_post_merge_validation=True, directory=/autodl-fs/data/fundiff/burgers/diffusion/FAE_use_pde_True/ckpt/23850.orbax-checkpoint-tmp/default.orbax-checkpoint-tmp
I0121 08:36:25.442203 139550500304448 atomicity.py:480] Renaming /autodl-fs/data/fundiff/burgers/diffusion/FAE_use_pde_True/ckpt/23850.orbax-checkpoint-tmp/default.orbax-checkpoint-tmp to /autodl-fs/data/fundiff/burgers/diffusion/FAE_use_pde_True/ckpt/23850.orbax-checkpoint-tmp/default
I0121 08:36:25.446673 139550500304448 atomicity.py:480] Renaming /autodl-fs/data/fundiff/burgers/diffusion/FAE_use_pde_True/ckpt/23850.orbax-checkpoint-tmp to /autodl-fs/data/fundiff/burgers/diffusion/FAE_use_pde_True/ckpt/23850
I0121 08:36:25.462336 139550500304448 atomicity.py:790] [process=0][thread=async_save] Finished saving checkpoint (finalized tmp dir) to `/autodl-fs/data/fundiff/burgers/diffusion/FAE_use_pde_True/ckpt/23850`.
I0121 08:36:25.463738 139550500304448 async_checkpointer.py:420] Finished async_save (blocking + background). Time taken: 2.699027s. directory=/autodl-fs/data/fundiff/burgers/diffusion/FAE_use_pde_True/ckpt/23850
I0121 08:36:25.464010 139550500304448 async_checkpointer.py:144] [process=0][thread=async_save] Background save thread done. Time taken: 2.206448s.
I0121 08:36:25.464484 139549167035968 async_checkpointer.py:273] [process=0][thread=save_finalize] Done with waiting for background save thread=async_save.
I0121 08:36:25.465214 139549167035968 async_checkpointer.py:283] [process=0][thread=save_finalize] No errors found in background save thread=async_save.
I0121 08:36:25.519458 139549167035968 deleter.py:273] Deleted step 22950.
I0121 08:36:25.519709 139549167035968 checkpoint_manager.py:2133] [process=0][thread=save_finalize][step=23850] CheckpointManager Save Finalize is syncing with other hosts...
I0121 08:36:25.520024 139549167035968 checkpoint_manager.py:2142] [process=0][thread=save_finalize][step=23850] CheckpointManager Save Finalize is done on all hosts.
Traceback (most recent call last):
  File "/root/miniconda3/envs/fundiff_env/lib/python3.10/site-packages/torch/utils/data/dataloader.py", line 1275, in _try_get_data
    data = self._data_queue.get(timeout=timeout)
  File "/root/miniconda3/envs/fundiff_env/lib/python3.10/queue.py", line 179, in get
    raise Empty
_queue.Empty

The above exception was the direct cause of the following exception:

Traceback (most recent call last):
  File "/autodl-fs/data/fundiff/burgers/diffusion/main.py", line 41, in <module>
    app.run(main)
  File "/root/miniconda3/envs/fundiff_env/lib/python3.10/site-packages/absl/app.py", line 316, in run
    _run_main(main, args)
  File "/root/miniconda3/envs/fundiff_env/lib/python3.10/site-packages/absl/app.py", line 261, in _run_main
    sys.exit(main(argv))
  File "/autodl-fs/data/fundiff/burgers/diffusion/main.py", line 30, in main
    train_autoencoder.train_and_evaluate(FLAGS.config)
  File "/autodl-fs/data/fundiff/burgers/diffusion/train_autoencoder.py", line 116, in train_and_evaluate
    for batch_idx, batch in enumerate(train_loader):
  File "/root/miniconda3/envs/fundiff_env/lib/python3.10/site-packages/torch/utils/data/dataloader.py", line 732, in __next__
    data = self._next_data()
  File "/root/miniconda3/envs/fundiff_env/lib/python3.10/site-packages/torch/utils/data/dataloader.py", line 1482, in _next_data
    idx, data = self._get_data()
  File "/root/miniconda3/envs/fundiff_env/lib/python3.10/site-packages/torch/utils/data/dataloader.py", line 1434, in _get_data
    success, data = self._try_get_data()
  File "/root/miniconda3/envs/fundiff_env/lib/python3.10/site-packages/torch/utils/data/dataloader.py", line 1288, in _try_get_data
    raise RuntimeError(
RuntimeError: DataLoader worker (pid(s) 42310, 42390, 42451, 42529) exited unexpectedly
