I0121 07:10:11.706061 139627771470912 async_checkpointer.py:561] Finished blocking save. Time taken: 0.501862s. Continuing background save to /autodl-fs/data/fundiff/burgers/diffusion/FAE_use_pde_True/ckpt/5850.
I0121 07:10:11.707401 139627771470912 checkpoint_manager.py:1566] [process=0][thread=MainThread][step=5850] Starting CheckpointManager Save Finalize thread=save_finalize
I0121 07:10:11.710351 139549167035968 async_checkpointer.py:265] [process=0][thread=save_finalize] Waiting for background save thread=async_save.
I0121 07:10:11.712235 139627771470912 standard_logger.py:34] {'step': Array(5850, dtype=int32), 'event_type': 'save', 'directory': '/autodl-fs/data/fundiff/burgers/diffusion/FAE_use_pde_True/ckpt', 'reached_preemption': False, 'preemption_received_at': None, 'synchronous': False, 'wait_for_prev_start_time': 1768950611.2024918, 'wait_for_prev_duration_secs': 0.0003132820129394531, 'time_between_consecutive_saves_sec': 256.00087547302246, 'checkpointer_blocking_start_time': 1768950611.2041585, 'checkpointer_blocking_duration_secs': 0.5029816627502441, 'get_old_steps_start_time': 1768950611.70719, 'get_old_steps_duration_secs': 0.00011348724365234375, 'checkpoint_manager_blocking_start_time': 1768950611.2019765, 'checkpoint_manager_blocking_duration_secs': 0.5095226764678955}
I0121 07:10:11.736153 139550533875264 array_metadata_store.py:203] [process=0][thread=array_type_handler] Wrote 774 array_metadata.ArrayMetadata to /autodl-fs/data/fundiff/burgers/diffusion/FAE_use_pde_True/ckpt/5850.orbax-checkpoint-tmp/default.orbax-checkpoint-tmp/array_metadatas/process_0
I0121 07:10:13.613688 139550525482560 base_pytree_checkpoint_handler.py:1224] [process=0][thread=write_metadata_after_commits] Commit + Array metadata written. Time taken: 1.989008s (commit=1.892852s, array_metadata_write=0.096156s)
I0121 07:10:13.616915 139550508697152 base_pytree_checkpoint_handler.py:128] [process=0] /jax/checkpoint/write/gbytes_per_sec: 35.659 MiB/s (total gbytes: 85.5 MiB) (time elapsed: 2 seconds) (per-host)
I0121 07:10:13.617419 139550508697152 async_checkpointer.py:90] [process=0][thread=async_save] 3 Handler Commit operations completed. Time taken: 1.911186s.
I0121 07:10:13.638179 139550508697152 array_metadata_store.py:367] [process=0][thread=async_save] Skipped cross-host ArrayMetadata validation because only one process is found: process_index=0.
I0121 07:10:13.721013 139550508697152 base_pytree_checkpoint_handler.py:1348] [process=0][thread=async_save] Pytree save finalize (merge_ocdbt + ArrayMetadata validation) completed. Time taken: 0.099102s. use_zarr3=False, enable_post_merge_validation=True, directory=/autodl-fs/data/fundiff/burgers/diffusion/FAE_use_pde_True/ckpt/5850.orbax-checkpoint-tmp/default.orbax-checkpoint-tmp
I0121 07:10:13.722548 139550508697152 atomicity.py:480] Renaming /autodl-fs/data/fundiff/burgers/diffusion/FAE_use_pde_True/ckpt/5850.orbax-checkpoint-tmp/default.orbax-checkpoint-tmp to /autodl-fs/data/fundiff/burgers/diffusion/FAE_use_pde_True/ckpt/5850.orbax-checkpoint-tmp/default
I0121 07:10:13.729168 139550508697152 atomicity.py:480] Renaming /autodl-fs/data/fundiff/burgers/diffusion/FAE_use_pde_True/ckpt/5850.orbax-checkpoint-tmp to /autodl-fs/data/fundiff/burgers/diffusion/FAE_use_pde_True/ckpt/5850
I0121 07:10:13.751373 139550508697152 atomicity.py:790] [process=0][thread=async_save] Finished saving checkpoint (finalized tmp dir) to `/autodl-fs/data/fundiff/burgers/diffusion/FAE_use_pde_True/ckpt/5850`.
I0121 07:10:13.752420 139550508697152 async_checkpointer.py:420] Finished async_save (blocking + background). Time taken: 2.548241s. directory=/autodl-fs/data/fundiff/burgers/diffusion/FAE_use_pde_True/ckpt/5850
I0121 07:10:13.752707 139550508697152 async_checkpointer.py:144] [process=0][thread=async_save] Background save thread done. Time taken: 2.046477s.
I0121 07:10:13.753159 139549167035968 async_checkpointer.py:273] [process=0][thread=save_finalize] Done with waiting for background save thread=async_save.
I0121 07:10:13.753681 139549167035968 async_checkpointer.py:283] [process=0][thread=save_finalize] No errors found in background save thread=async_save.
I0121 07:10:13.864013 139549167035968 deleter.py:273] Deleted step 4950.
I0121 07:10:13.864295 139549167035968 checkpoint_manager.py:2133] [process=0][thread=save_finalize][step=5850] CheckpointManager Save Finalize is syncing with other hosts...
I0121 07:10:13.864728 139549167035968 checkpoint_manager.py:2142] [process=0][thread=save_finalize][step=5850] CheckpointManager Save Finalize is done on all hosts.
step: 6300,  loss data: 1.606e-02, loss res: 1.477e-01, time: 1.297e+02
step: 6750,  loss data: 3.789e-03, loss res: 1.662e-02, time: 1.290e+02
I0121 07:14:30.405482 139627771470912 checkpoint_manager.py:2013] [process=0][thread=MainThread][wait_until_finished] No Save Finalize thread to wait for. Returning.
I0121 07:14:30.406692 139627771470912 checkpoint_manager.py:1518] [process=0] Saving checkpoint at step 6750
I0121 07:14:30.407597 139627771470912 async_checkpointer.py:452] [process=0] Started async saving checkpoint to /autodl-fs/data/fundiff/burgers/diffusion/FAE_use_pde_True/ckpt/6750.
I0121 07:14:30.432813 139549175428672 atomicity.py:137] Creating tmp directory /autodl-fs/data/fundiff/burgers/diffusion/FAE_use_pde_True/ckpt/6750.orbax-checkpoint-tmp
I0121 07:14:30.515685 139627771470912 jax_array_handlers.py:357] Scheduling D2H of 774 prioritized jax.Array.
I0121 07:14:30.516573 139627771470912 replica_slices.py:424] Transferring arrays to host memory with options: use_replica_parallel=True, min_slice_bytes_for_replica_parallel=None, max_replicas_for_replica_parallel=None, enable_pinned_host_transfer=True
I0121 07:14:30.540892 139546800924224 atomicity.py:137] Creating tmp directory /autodl-fs/data/fundiff/burgers/diffusion/FAE_use_pde_True/ckpt/6750.orbax-checkpoint-tmp/default.orbax-checkpoint-tmp
I0121 07:14:30.823471 139627771470912 base_pytree_checkpoint_handler.py:151] [process=0][thread=MainThread] Initiated "orbax.checkpoint._src.serialization.jax_array_handlers.ArrayHandler".serialize. Time taken: 0.310152s
I0121 07:14:30.840929 139627771470912 base_pytree_checkpoint_handler.py:128] [process=0] /jax/checkpoint/write/blocking_gbytes_per_sec: 201.079 MiB/s (total gbytes: 85.5 MiB) (time elapsed: 425 milliseconds) (per-host)
I0121 07:14:30.858473 139627771470912 base_pytree_checkpoint_handler.py:730] [process=0][thread=MainThread] Initiated Pytree async_save. Time taken: 0.442965s (batch_requests_ready=0.053534s, total_serialization_initiated=0.360830s, others=0.028601s)
I0121 07:14:30.864439 139627771470912 composite_checkpoint_handler.py:715] [process=0][thread=MainThread] Initiated CompositeCheckpointHandler.async_save. Time taken: 0.453855s (all_items=0.000017s, per_item={'default': '0.00001740'}, temp_paths=0.453837)
I0121 07:14:30.928316 139550466733632 async_checkpointer.py:79] [process=0][thread=async_save] Background save thread started.
I0121 07:14:30.929487 139627771470912 async_checkpointer.py:561] Finished blocking save. Time taken: 0.522526s. Continuing background save to /autodl-fs/data/fundiff/burgers/diffusion/FAE_use_pde_True/ckpt/6750.
I0121 07:14:30.931099 139627771470912 checkpoint_manager.py:1566] [process=0][thread=MainThread][step=6750] Starting CheckpointManager Save Finalize thread=save_finalize
I0121 07:14:30.932173 139549167035968 async_checkpointer.py:265] [process=0][thread=save_finalize] Waiting for background save thread=async_save.
I0121 07:14:30.937671 139627771470912 standard_logger.py:34] {'step': Array(6750, dtype=int32), 'event_type': 'save', 'directory': '/autodl-fs/data/fundiff/burgers/diffusion/FAE_use_pde_True/ckpt', 'reached_preemption': False, 'preemption_received_at': None, 'synchronous': False, 'wait_for_prev_start_time': 1768950870.4054224, 'wait_for_prev_duration_secs': 0.0003180503845214844, 'time_between_consecutive_saves_sec': 256.5403378009796, 'checkpointer_blocking_start_time': 1768950870.4069107, 'checkpointer_blocking_duration_secs': 0.5239481925964355, 'get_old_steps_start_time': 1768950870.9309072, 'get_old_steps_duration_secs': 0.00011277198791503906, 'checkpoint_manager_blocking_start_time': 1768950870.4048123, 'checkpoint_manager_blocking_duration_secs': 0.5321304798126221}
I0121 07:14:31.129008 139550533875264 array_metadata_store.py:203] [process=0][thread=array_type_handler] Wrote 774 array_metadata.ArrayMetadata to /autodl-fs/data/fundiff/burgers/diffusion/FAE_use_pde_True/ckpt/6750.orbax-checkpoint-tmp/default.orbax-checkpoint-tmp/array_metadatas/process_0
I0121 07:14:32.350618 139550525482560 base_pytree_checkpoint_handler.py:1224] [process=0][thread=write_metadata_after_commits] Commit + Array metadata written. Time taken: 1.492512s (commit=1.401019s, array_metadata_write=0.091493s)
I0121 07:14:32.353843 139550466733632 base_pytree_checkpoint_handler.py:128] [process=0] /jax/checkpoint/write/gbytes_per_sec: 44.127 MiB/s (total gbytes: 85.5 MiB) (time elapsed: a second) (per-host)
I0121 07:14:32.354263 139550466733632 async_checkpointer.py:90] [process=0][thread=async_save] 3 Handler Commit operations completed. Time taken: 1.424534s.
I0121 07:14:32.365787 139550466733632 array_metadata_store.py:367] [process=0][thread=async_save] Skipped cross-host ArrayMetadata validation because only one process is found: process_index=0.
I0121 07:14:32.453790 139550466733632 base_pytree_checkpoint_handler.py:1348] [process=0][thread=async_save] Pytree save finalize (merge_ocdbt + ArrayMetadata validation) completed. Time taken: 0.096472s. use_zarr3=False, enable_post_merge_validation=True, directory=/autodl-fs/data/fundiff/burgers/diffusion/FAE_use_pde_True/ckpt/6750.orbax-checkpoint-tmp/default.orbax-checkpoint-tmp
I0121 07:14:32.455027 139550466733632 atomicity.py:480] Renaming /autodl-fs/data/fundiff/burgers/diffusion/FAE_use_pde_True/ckpt/6750.orbax-checkpoint-tmp/default.orbax-checkpoint-tmp to /autodl-fs/data/fundiff/burgers/diffusion/FAE_use_pde_True/ckpt/6750.orbax-checkpoint-tmp/default
I0121 07:14:32.459303 139550466733632 atomicity.py:480] Renaming /autodl-fs/data/fundiff/burgers/diffusion/FAE_use_pde_True/ckpt/6750.orbax-checkpoint-tmp to /autodl-fs/data/fundiff/burgers/diffusion/FAE_use_pde_True/ckpt/6750
I0121 07:14:32.481620 139550466733632 atomicity.py:790] [process=0][thread=async_save] Finished saving checkpoint (finalized tmp dir) to `/autodl-fs/data/fundiff/burgers/diffusion/FAE_use_pde_True/ckpt/6750`.
I0121 07:14:32.482967 139550466733632 async_checkpointer.py:420] Finished async_save (blocking + background). Time taken: 2.076020s. directory=/autodl-fs/data/fundiff/burgers/diffusion/FAE_use_pde_True/ckpt/6750
I0121 07:14:32.483267 139550466733632 async_checkpointer.py:144] [process=0][thread=async_save] Background save thread done. Time taken: 1.553541s.
I0121 07:14:32.483684 139549167035968 async_checkpointer.py:273] [process=0][thread=save_finalize] Done with waiting for background save thread=async_save.
I0121 07:14:32.484266 139549167035968 async_checkpointer.py:283] [process=0][thread=save_finalize] No errors found in background save thread=async_save.
I0121 07:14:32.536218 139549167035968 deleter.py:273] Deleted step 5850.
I0121 07:14:32.536558 139549167035968 checkpoint_manager.py:2133] [process=0][thread=save_finalize][step=6750] CheckpointManager Save Finalize is syncing with other hosts...
I0121 07:14:32.536854 139549167035968 checkpoint_manager.py:2142] [process=0][thread=save_finalize][step=6750] CheckpointManager Save Finalize is done on all hosts.
step: 7200,  loss data: 1.771e-03, loss res: 2.332e-03, time: 1.287e+02
step: 7650,  loss data: 3.315e-03, loss res: 1.402e-02, time: 1.282e+02
I0121 07:18:47.800088 139627771470912 checkpoint_manager.py:2013] [process=0][thread=MainThread][wait_until_finished] No Save Finalize thread to wait for. Returning.
I0121 07:18:47.801243 139627771470912 checkpoint_manager.py:1518] [process=0] Saving checkpoint at step 7650
I0121 07:18:47.802007 139627771470912 async_checkpointer.py:452] [process=0] Started async saving checkpoint to /autodl-fs/data/fundiff/burgers/diffusion/FAE_use_pde_True/ckpt/7650.
I0121 07:18:47.822407 139549158643264 atomicity.py:137] Creating tmp directory /autodl-fs/data/fundiff/burgers/diffusion/FAE_use_pde_True/ckpt/7650.orbax-checkpoint-tmp
I0121 07:18:47.906878 139627771470912 jax_array_handlers.py:357] Scheduling D2H of 774 prioritized jax.Array.
I0121 07:18:47.907567 139627771470912 replica_slices.py:424] Transferring arrays to host memory with options: use_replica_parallel=True, min_slice_bytes_for_replica_parallel=None, max_replicas_for_replica_parallel=None, enable_pinned_host_transfer=True
I0121 07:18:47.927126 139550483519040 atomicity.py:137] Creating tmp directory /autodl-fs/data/fundiff/burgers/diffusion/FAE_use_pde_True/ckpt/7650.orbax-checkpoint-tmp/default.orbax-checkpoint-tmp
I0121 07:18:48.221050 139627771470912 base_pytree_checkpoint_handler.py:151] [process=0][thread=MainThread] Initiated "orbax.checkpoint._src.serialization.jax_array_handlers.ArrayHandler".serialize. Time taken: 0.317514s
I0121 07:18:48.232827 139627771470912 base_pytree_checkpoint_handler.py:128] [process=0] /jax/checkpoint/write/blocking_gbytes_per_sec: 202.368 MiB/s (total gbytes: 85.5 MiB) (time elapsed: 422 milliseconds) (per-host)
I0121 07:18:48.249690 139627771470912 base_pytree_checkpoint_handler.py:730] [process=0][thread=MainThread] Initiated Pytree async_save. Time taken: 0.439730s (batch_requests_ready=0.051749s, total_serialization_initiated=0.359990s, others=0.027990s)
I0121 07:18:48.250591 139627771470912 composite_checkpoint_handler.py:715] [process=0][thread=MainThread] Initiated CompositeCheckpointHandler.async_save. Time taken: 0.445538s (all_items=0.000018s, per_item={'default': '0.00001836'}, temp_paths=0.445519)
I0121 07:18:48.325075 139549167035968 async_checkpointer.py:79] [process=0][thread=async_save] Background save thread started.
I0121 07:18:48.325926 139627771470912 async_checkpointer.py:561] Finished blocking save. Time taken: 0.524409s. Continuing background save to /autodl-fs/data/fundiff/burgers/diffusion/FAE_use_pde_True/ckpt/7650.
I0121 07:18:48.327398 139627771470912 checkpoint_manager.py:1566] [process=0][thread=MainThread][step=7650] Starting CheckpointManager Save Finalize thread=save_finalize
I0121 07:18:48.328459 139549150250560 async_checkpointer.py:265] [process=0][thread=save_finalize] Waiting for background save thread=async_save.
I0121 07:18:48.332462 139627771470912 standard_logger.py:34] {'step': Array(7650, dtype=int32), 'event_type': 'save', 'directory': '/autodl-fs/data/fundiff/burgers/diffusion/FAE_use_pde_True/ckpt', 'reached_preemption': False, 'preemption_received_at': None, 'synchronous': False, 'wait_for_prev_start_time': 1768951127.80003, 'wait_for_prev_duration_secs': 0.0003170967102050781, 'time_between_consecutive_saves_sec': 255.2629895210266, 'checkpointer_blocking_start_time': 1768951127.8014743, 'checkpointer_blocking_duration_secs': 0.5256896018981934, 'get_old_steps_start_time': 1768951128.3272166, 'get_old_steps_duration_secs': 9.655952453613281e-05, 'checkpoint_manager_blocking_start_time': 1768951127.7994149, 'checkpoint_manager_blocking_duration_secs': 0.5324723720550537}
I0121 07:18:48.478811 139551020389952 array_metadata_store.py:203] [process=0][thread=array_type_handler] Wrote 774 array_metadata.ArrayMetadata to /autodl-fs/data/fundiff/burgers/diffusion/FAE_use_pde_True/ckpt/7650.orbax-checkpoint-tmp/default.orbax-checkpoint-tmp/array_metadatas/process_0
I0121 07:18:49.743854 139550533875264 base_pytree_checkpoint_handler.py:1224] [process=0][thread=write_metadata_after_commits] Commit + Array metadata written. Time taken: 1.494843s (commit=1.364971s, array_metadata_write=0.129872s)
I0121 07:18:49.747190 139549167035968 base_pytree_checkpoint_handler.py:128] [process=0] /jax/checkpoint/write/gbytes_per_sec: 44.152 MiB/s (total gbytes: 85.5 MiB) (time elapsed: a second) (per-host)
I0121 07:18:49.747653 139549167035968 async_checkpointer.py:90] [process=0][thread=async_save] 3 Handler Commit operations completed. Time taken: 1.422108s.
I0121 07:18:49.759482 139549167035968 array_metadata_store.py:367] [process=0][thread=async_save] Skipped cross-host ArrayMetadata validation because only one process is found: process_index=0.
I0121 07:18:49.816939 139549167035968 base_pytree_checkpoint_handler.py:1348] [process=0][thread=async_save] Pytree save finalize (merge_ocdbt + ArrayMetadata validation) completed. Time taken: 0.066095s. use_zarr3=False, enable_post_merge_validation=True, directory=/autodl-fs/data/fundiff/burgers/diffusion/FAE_use_pde_True/ckpt/7650.orbax-checkpoint-tmp/default.orbax-checkpoint-tmp
I0121 07:18:49.818105 139549167035968 atomicity.py:480] Renaming /autodl-fs/data/fundiff/burgers/diffusion/FAE_use_pde_True/ckpt/7650.orbax-checkpoint-tmp/default.orbax-checkpoint-tmp to /autodl-fs/data/fundiff/burgers/diffusion/FAE_use_pde_True/ckpt/7650.orbax-checkpoint-tmp/default
I0121 07:18:49.822654 139549167035968 atomicity.py:480] Renaming /autodl-fs/data/fundiff/burgers/diffusion/FAE_use_pde_True/ckpt/7650.orbax-checkpoint-tmp to /autodl-fs/data/fundiff/burgers/diffusion/FAE_use_pde_True/ckpt/7650
I0121 07:18:49.836185 139549167035968 atomicity.py:790] [process=0][thread=async_save] Finished saving checkpoint (finalized tmp dir) to `/autodl-fs/data/fundiff/burgers/diffusion/FAE_use_pde_True/ckpt/7650`.
I0121 07:18:49.837188 139549167035968 async_checkpointer.py:420] Finished async_save (blocking + background). Time taken: 2.035694s. directory=/autodl-fs/data/fundiff/burgers/diffusion/FAE_use_pde_True/ckpt/7650
I0121 07:18:49.837429 139549167035968 async_checkpointer.py:144] [process=0][thread=async_save] Background save thread done. Time taken: 1.511887s.
I0121 07:18:49.838006 139549150250560 async_checkpointer.py:273] [process=0][thread=save_finalize] Done with waiting for background save thread=async_save.
I0121 07:18:49.838430 139549150250560 async_checkpointer.py:283] [process=0][thread=save_finalize] No errors found in background save thread=async_save.
I0121 07:18:49.895429 139549150250560 deleter.py:273] Deleted step 6750.
I0121 07:18:49.895668 139549150250560 checkpoint_manager.py:2133] [process=0][thread=save_finalize][step=7650] CheckpointManager Save Finalize is syncing with other hosts...
I0121 07:18:49.895941 139549150250560 checkpoint_manager.py:2142] [process=0][thread=save_finalize][step=7650] CheckpointManager Save Finalize is done on all hosts.
step: 8100,  loss data: 4.957e-03, loss res: 1.478e-02, time: 1.291e+02
step: 8550,  loss data: 3.605e-03, loss res: 8.086e-03, time: 1.294e+02
I0121 07:23:06.908325 139627771470912 checkpoint_manager.py:2013] [process=0][thread=MainThread][wait_until_finished] No Save Finalize thread to wait for. Returning.
I0121 07:23:06.909490 139627771470912 checkpoint_manager.py:1518] [process=0] Saving checkpoint at step 8550
I0121 07:23:06.910179 139627771470912 async_checkpointer.py:452] [process=0] Started async saving checkpoint to /autodl-fs/data/fundiff/burgers/diffusion/FAE_use_pde_True/ckpt/8550.
I0121 07:23:06.929247 139546792531520 atomicity.py:137] Creating tmp directory /autodl-fs/data/fundiff/burgers/diffusion/FAE_use_pde_True/ckpt/8550.orbax-checkpoint-tmp
I0121 07:23:06.991031 139546809316928 atomicity.py:137] Creating tmp directory /autodl-fs/data/fundiff/burgers/diffusion/FAE_use_pde_True/ckpt/8550.orbax-checkpoint-tmp/default.orbax-checkpoint-tmp
I0121 07:23:07.011826 139627771470912 jax_array_handlers.py:357] Scheduling D2H of 774 prioritized jax.Array.
I0121 07:23:07.013014 139627771470912 replica_slices.py:424] Transferring arrays to host memory with options: use_replica_parallel=True, min_slice_bytes_for_replica_parallel=None, max_replicas_for_replica_parallel=None, enable_pinned_host_transfer=True
I0121 07:23:07.392425 139627771470912 base_pytree_checkpoint_handler.py:151] [process=0][thread=MainThread] Initiated "orbax.checkpoint._src.serialization.jax_array_handlers.ArrayHandler".serialize. Time taken: 0.383013s
I0121 07:23:07.484011 139627771470912 base_pytree_checkpoint_handler.py:128] [process=0] /jax/checkpoint/write/blocking_gbytes_per_sec: 150.989 MiB/s (total gbytes: 85.5 MiB) (time elapsed: 566 milliseconds) (per-host)
I0121 07:23:07.488241 139627771470912 base_pytree_checkpoint_handler.py:730] [process=0][thread=MainThread] Initiated Pytree async_save. Time taken: 0.570777s (batch_requests_ready=0.052903s, total_serialization_initiated=0.454033s, others=0.063840s)
I0121 07:23:07.489153 139627771470912 composite_checkpoint_handler.py:715] [process=0][thread=MainThread] Initiated CompositeCheckpointHandler.async_save. Time taken: 0.576705s (all_items=0.000017s, per_item={'default': '0.00001717'}, temp_paths=0.576688)
I0121 07:23:07.502617 139550500304448 async_checkpointer.py:79] [process=0][thread=async_save] Background save thread started.
I0121 07:23:07.503063 139627771470912 async_checkpointer.py:561] Finished blocking save. Time taken: 0.593334s. Continuing background save to /autodl-fs/data/fundiff/burgers/diffusion/FAE_use_pde_True/ckpt/8550.
I0121 07:23:07.505257 139627771470912 checkpoint_manager.py:1566] [process=0][thread=MainThread][step=8550] Starting CheckpointManager Save Finalize thread=save_finalize
I0121 07:23:07.506621 139549167035968 async_checkpointer.py:265] [process=0][thread=save_finalize] Waiting for background save thread=async_save.
I0121 07:23:07.508393 139627771470912 standard_logger.py:34] {'step': Array(8550, dtype=int32), 'event_type': 'save', 'directory': '/autodl-fs/data/fundiff/burgers/diffusion/FAE_use_pde_True/ckpt', 'reached_preemption': False, 'preemption_received_at': None, 'synchronous': False, 'wait_for_prev_start_time': 1768951386.9082565, 'wait_for_prev_duration_secs': 0.0003304481506347656, 'time_between_consecutive_saves_sec': 257.0121371746063, 'checkpointer_blocking_start_time': 1768951386.9096987, 'checkpointer_blocking_duration_secs': 0.5952978134155273, 'get_old_steps_start_time': 1768951387.5050452, 'get_old_steps_duration_secs': 0.00012087821960449219, 'checkpoint_manager_blocking_start_time': 1768951386.907736, 'checkpoint_manager_blocking_duration_secs': 0.5999464988708496}
I0121 07:23:07.514801 139550533875264 array_metadata_store.py:203] [process=0][thread=array_type_handler] Wrote 774 array_metadata.ArrayMetadata to /autodl-fs/data/fundiff/burgers/diffusion/FAE_use_pde_True/ckpt/8550.orbax-checkpoint-tmp/default.orbax-checkpoint-tmp/array_metadatas/process_0
I0121 07:23:08.946285 139550525482560 base_pytree_checkpoint_handler.py:1224] [process=0][thread=write_metadata_after_commits] Commit + Array metadata written. Time taken: 1.516081s (commit=1.423059s, array_metadata_write=0.093022s)
I0121 07:23:08.948963 139550500304448 base_pytree_checkpoint_handler.py:128] [process=0] /jax/checkpoint/write/gbytes_per_sec: 42.104 MiB/s (total gbytes: 85.5 MiB) (time elapsed: 2 seconds) (per-host)
I0121 07:23:08.949379 139550500304448 async_checkpointer.py:90] [process=0][thread=async_save] 3 Handler Commit operations completed. Time taken: 1.445855s.
I0121 07:23:08.960670 139550500304448 array_metadata_store.py:367] [process=0][thread=async_save] Skipped cross-host ArrayMetadata validation because only one process is found: process_index=0.
I0121 07:23:09.015387 139550500304448 base_pytree_checkpoint_handler.py:1348] [process=0][thread=async_save] Pytree save finalize (merge_ocdbt + ArrayMetadata validation) completed. Time taken: 0.063267s. use_zarr3=False, enable_post_merge_validation=True, directory=/autodl-fs/data/fundiff/burgers/diffusion/FAE_use_pde_True/ckpt/8550.orbax-checkpoint-tmp/default.orbax-checkpoint-tmp
I0121 07:23:09.016778 139550500304448 atomicity.py:480] Renaming /autodl-fs/data/fundiff/burgers/diffusion/FAE_use_pde_True/ckpt/8550.orbax-checkpoint-tmp/default.orbax-checkpoint-tmp to /autodl-fs/data/fundiff/burgers/diffusion/FAE_use_pde_True/ckpt/8550.orbax-checkpoint-tmp/default
I0121 07:23:09.020588 139550500304448 atomicity.py:480] Renaming /autodl-fs/data/fundiff/burgers/diffusion/FAE_use_pde_True/ckpt/8550.orbax-checkpoint-tmp to /autodl-fs/data/fundiff/burgers/diffusion/FAE_use_pde_True/ckpt/8550
I0121 07:23:09.101370 139550500304448 atomicity.py:790] [process=0][thread=async_save] Finished saving checkpoint (finalized tmp dir) to `/autodl-fs/data/fundiff/burgers/diffusion/FAE_use_pde_True/ckpt/8550`.
I0121 07:23:09.102518 139550500304448 async_checkpointer.py:420] Finished async_save (blocking + background). Time taken: 2.192799s. directory=/autodl-fs/data/fundiff/burgers/diffusion/FAE_use_pde_True/ckpt/8550
I0121 07:23:09.102778 139550500304448 async_checkpointer.py:144] [process=0][thread=async_save] Background save thread done. Time taken: 1.599257s.
I0121 07:23:09.103249 139549167035968 async_checkpointer.py:273] [process=0][thread=save_finalize] Done with waiting for background save thread=async_save.
I0121 07:23:09.103931 139549167035968 async_checkpointer.py:283] [process=0][thread=save_finalize] No errors found in background save thread=async_save.
I0121 07:23:09.181780 139549167035968 deleter.py:273] Deleted step 7650.
I0121 07:23:09.182035 139549167035968 checkpoint_manager.py:2133] [process=0][thread=save_finalize][step=8550] CheckpointManager Save Finalize is syncing with other hosts...
I0121 07:23:09.182308 139549167035968 checkpoint_manager.py:2142] [process=0][thread=save_finalize][step=8550] CheckpointManager Save Finalize is done on all hosts.
step: 9000,  loss data: 1.853e-03, loss res: 3.639e-03, time: 1.291e+02
Epoch 20, getting batches from DataLoader...
step: 9450,  loss data: 3.042e-03, loss res: 9.219e-03, time: 1.290e+02
I0121 07:27:25.620740 139627771470912 checkpoint_manager.py:2013] [process=0][thread=MainThread][wait_until_finished] No Save Finalize thread to wait for. Returning.
I0121 07:27:25.622047 139627771470912 checkpoint_manager.py:1518] [process=0] Saving checkpoint at step 9450
I0121 07:27:25.622811 139627771470912 async_checkpointer.py:452] [process=0] Started async saving checkpoint to /autodl-fs/data/fundiff/burgers/diffusion/FAE_use_pde_True/ckpt/9450.
I0121 07:27:25.642555 139546792531520 atomicity.py:137] Creating tmp directory /autodl-fs/data/fundiff/burgers/diffusion/FAE_use_pde_True/ckpt/9450.orbax-checkpoint-tmp
I0121 07:27:25.703833 139546423449152 atomicity.py:137] Creating tmp directory /autodl-fs/data/fundiff/burgers/diffusion/FAE_use_pde_True/ckpt/9450.orbax-checkpoint-tmp/default.orbax-checkpoint-tmp
I0121 07:27:25.732251 139627771470912 jax_array_handlers.py:357] Scheduling D2H of 774 prioritized jax.Array.
I0121 07:27:25.732811 139627771470912 replica_slices.py:424] Transferring arrays to host memory with options: use_replica_parallel=True, min_slice_bytes_for_replica_parallel=None, max_replicas_for_replica_parallel=None, enable_pinned_host_transfer=True
I0121 07:27:26.024077 139627771470912 base_pytree_checkpoint_handler.py:151] [process=0][thread=MainThread] Initiated "orbax.checkpoint._src.serialization.jax_array_handlers.ArrayHandler".serialize. Time taken: 0.294171s
I0121 07:27:26.041498 139627771470912 base_pytree_checkpoint_handler.py:128] [process=0] /jax/checkpoint/write/blocking_gbytes_per_sec: 207.879 MiB/s (total gbytes: 85.5 MiB) (time elapsed: 411 milliseconds) (per-host)
I0121 07:27:26.057519 139627771470912 base_pytree_checkpoint_handler.py:730] [process=0][thread=MainThread] Initiated Pytree async_save. Time taken: 0.427521s (batch_requests_ready=0.058264s, total_serialization_initiated=0.336526s, others=0.032730s)
I0121 07:27:26.132165 139627771470912 composite_checkpoint_handler.py:715] [process=0][thread=MainThread] Initiated CompositeCheckpointHandler.async_save. Time taken: 0.506623s (all_items=0.000017s, per_item={'default': '0.00001717'}, temp_paths=0.506605)
I0121 07:27:26.138055 139549175428672 async_checkpointer.py:79] [process=0][thread=async_save] Background save thread started.
I0121 07:27:26.138356 139627771470912 async_checkpointer.py:561] Finished blocking save. Time taken: 0.516047s. Continuing background save to /autodl-fs/data/fundiff/burgers/diffusion/FAE_use_pde_True/ckpt/9450.
I0121 07:27:26.141991 139627771470912 checkpoint_manager.py:1566] [process=0][thread=MainThread][step=9450] Starting CheckpointManager Save Finalize thread=save_finalize
I0121 07:27:26.145869 139549158643264 async_checkpointer.py:265] [process=0][thread=save_finalize] Waiting for background save thread=async_save.
I0121 07:27:26.152738 139627771470912 standard_logger.py:34] {'step': Array(9450, dtype=int32), 'event_type': 'save', 'directory': '/autodl-fs/data/fundiff/burgers/diffusion/FAE_use_pde_True/ckpt', 'reached_preemption': False, 'preemption_received_at': None, 'synchronous': False, 'wait_for_prev_start_time': 1768951645.620675, 'wait_for_prev_duration_secs': 0.0003476142883300781, 'time_between_consecutive_saves_sec': 256.43818044662476, 'checkpointer_blocking_start_time': 1768951645.622279, 'checkpointer_blocking_duration_secs': 0.5194966793060303, 'get_old_steps_start_time': 1768951646.1418138, 'get_old_steps_duration_secs': 0.00010013580322265625, 'checkpoint_manager_blocking_start_time': 1768951645.620021, 'checkpoint_manager_blocking_duration_secs': 0.5321953296661377}
I0121 07:27:26.924966 139550533875264 array_metadata_store.py:203] [process=0][thread=array_type_handler] Wrote 774 array_metadata.ArrayMetadata to /autodl-fs/data/fundiff/burgers/diffusion/FAE_use_pde_True/ckpt/9450.orbax-checkpoint-tmp/default.orbax-checkpoint-tmp/array_metadatas/process_0
I0121 07:27:27.891309 139550525482560 base_pytree_checkpoint_handler.py:1224] [process=0][thread=write_metadata_after_commits] Commit + Array metadata written. Time taken: 1.849319s (commit=1.753865s, array_metadata_write=0.095454s)
I0121 07:27:27.894373 139549175428672 base_pytree_checkpoint_handler.py:128] [process=0] /jax/checkpoint/write/gbytes_per_sec: 37.773 MiB/s (total gbytes: 85.5 MiB) (time elapsed: 2 seconds) (per-host)
I0121 07:27:27.894799 139549175428672 async_checkpointer.py:90] [process=0][thread=async_save] 3 Handler Commit operations completed. Time taken: 1.755485s.
I0121 07:27:27.906283 139549175428672 array_metadata_store.py:367] [process=0][thread=async_save] Skipped cross-host ArrayMetadata validation because only one process is found: process_index=0.
I0121 07:27:27.965241 139549175428672 base_pytree_checkpoint_handler.py:1348] [process=0][thread=async_save] Pytree save finalize (merge_ocdbt + ArrayMetadata validation) completed. Time taken: 0.067245s. use_zarr3=False, enable_post_merge_validation=True, directory=/autodl-fs/data/fundiff/burgers/diffusion/FAE_use_pde_True/ckpt/9450.orbax-checkpoint-tmp/default.orbax-checkpoint-tmp
I0121 07:27:27.966697 139549175428672 atomicity.py:480] Renaming /autodl-fs/data/fundiff/burgers/diffusion/FAE_use_pde_True/ckpt/9450.orbax-checkpoint-tmp/default.orbax-checkpoint-tmp to /autodl-fs/data/fundiff/burgers/diffusion/FAE_use_pde_True/ckpt/9450.orbax-checkpoint-tmp/default
I0121 07:27:27.971042 139549175428672 atomicity.py:480] Renaming /autodl-fs/data/fundiff/burgers/diffusion/FAE_use_pde_True/ckpt/9450.orbax-checkpoint-tmp to /autodl-fs/data/fundiff/burgers/diffusion/FAE_use_pde_True/ckpt/9450
I0121 07:27:28.015923 139549175428672 atomicity.py:790] [process=0][thread=async_save] Finished saving checkpoint (finalized tmp dir) to `/autodl-fs/data/fundiff/burgers/diffusion/FAE_use_pde_True/ckpt/9450`.
I0121 07:27:28.017011 139549175428672 async_checkpointer.py:420] Finished async_save (blocking + background). Time taken: 2.394710s. directory=/autodl-fs/data/fundiff/burgers/diffusion/FAE_use_pde_True/ckpt/9450
I0121 07:27:28.017296 139549175428672 async_checkpointer.py:144] [process=0][thread=async_save] Background save thread done. Time taken: 1.877986s.
I0121 07:27:28.017787 139549158643264 async_checkpointer.py:273] [process=0][thread=save_finalize] Done with waiting for background save thread=async_save.
I0121 07:27:28.018471 139549158643264 async_checkpointer.py:283] [process=0][thread=save_finalize] No errors found in background save thread=async_save.
I0121 07:27:28.075995 139549158643264 deleter.py:273] Deleted step 8550.
I0121 07:27:28.076405 139549158643264 checkpoint_manager.py:2133] [process=0][thread=save_finalize][step=9450] CheckpointManager Save Finalize is syncing with other hosts...
I0121 07:27:28.077258 139549158643264 checkpoint_manager.py:2142] [process=0][thread=save_finalize][step=9450] CheckpointManager Save Finalize is done on all hosts.
step: 9900,  loss data: 4.198e-03, loss res: 3.451e-02, time: 1.298e+02
step: 10350,  loss data: 1.438e-03, loss res: 2.026e-02, time: 1.290e+02
I0121 07:31:44.959634 139627771470912 checkpoint_manager.py:2013] [process=0][thread=MainThread][wait_until_finished] No Save Finalize thread to wait for. Returning.
I0121 07:31:44.960882 139627771470912 checkpoint_manager.py:1518] [process=0] Saving checkpoint at step 10350
I0121 07:31:44.961659 139627771470912 async_checkpointer.py:452] [process=0] Started async saving checkpoint to /autodl-fs/data/fundiff/burgers/diffusion/FAE_use_pde_True/ckpt/10350.
I0121 07:31:44.981961 139549133465152 atomicity.py:137] Creating tmp directory /autodl-fs/data/fundiff/burgers/diffusion/FAE_use_pde_True/ckpt/10350.orbax-checkpoint-tmp
I0121 07:31:45.060163 139546406663744 atomicity.py:137] Creating tmp directory /autodl-fs/data/fundiff/burgers/diffusion/FAE_use_pde_True/ckpt/10350.orbax-checkpoint-tmp/default.orbax-checkpoint-tmp
I0121 07:31:45.087099 139627771470912 jax_array_handlers.py:357] Scheduling D2H of 774 prioritized jax.Array.
I0121 07:31:45.087664 139627771470912 replica_slices.py:424] Transferring arrays to host memory with options: use_replica_parallel=True, min_slice_bytes_for_replica_parallel=None, max_replicas_for_replica_parallel=None, enable_pinned_host_transfer=True
I0121 07:31:45.420231 139627771470912 base_pytree_checkpoint_handler.py:151] [process=0][thread=MainThread] Initiated "orbax.checkpoint._src.serialization.jax_array_handlers.ArrayHandler".serialize. Time taken: 0.335893s
I0121 07:31:45.431835 139627771470912 base_pytree_checkpoint_handler.py:128] [process=0] /jax/checkpoint/write/blocking_gbytes_per_sec: 185.403 MiB/s (total gbytes: 85.5 MiB) (time elapsed: 461 milliseconds) (per-host)
I0121 07:31:45.437183 139627771470912 base_pytree_checkpoint_handler.py:730] [process=0][thread=MainThread] Initiated Pytree async_save. Time taken: 0.466719s (batch_requests_ready=0.071978s, total_serialization_initiated=0.388718s, others=0.006023s)
I0121 07:31:45.437772 139627771470912 composite_checkpoint_handler.py:715] [process=0][thread=MainThread] Initiated CompositeCheckpointHandler.async_save. Time taken: 0.472965s (all_items=0.000018s, per_item={'default': '0.00001836'}, temp_paths=0.472947)
I0121 07:31:45.460712 139550500304448 async_checkpointer.py:79] [process=0][thread=async_save] Background save thread started.
I0121 07:31:45.466105 139627771470912 async_checkpointer.py:561] Finished blocking save. Time taken: 0.504966s. Continuing background save to /autodl-fs/data/fundiff/burgers/diffusion/FAE_use_pde_True/ckpt/10350.
I0121 07:31:45.518293 139627771470912 checkpoint_manager.py:1566] [process=0][thread=MainThread][step=10350] Starting CheckpointManager Save Finalize thread=save_finalize
I0121 07:31:45.519552 139549175428672 async_checkpointer.py:265] [process=0][thread=save_finalize] Waiting for background save thread=async_save.
I0121 07:31:45.521338 139627771470912 standard_logger.py:34] {'step': Array(10350, dtype=int32), 'event_type': 'save', 'directory': '/autodl-fs/data/fundiff/burgers/diffusion/FAE_use_pde_True/ckpt', 'reached_preemption': False, 'preemption_received_at': None, 'synchronous': False, 'wait_for_prev_start_time': 1768951904.959571, 'wait_for_prev_duration_secs': 0.00033020973205566406, 'time_between_consecutive_saves_sec': 256.88174319267273, 'checkpointer_blocking_start_time': 1768951904.9611053, 'checkpointer_blocking_duration_secs': 0.5569591522216797, 'get_old_steps_start_time': 1768951905.5181105, 'get_old_steps_duration_secs': 0.0001010894775390625, 'checkpoint_manager_blocking_start_time': 1768951904.9589963, 'checkpoint_manager_blocking_duration_secs': 0.5614676475524902}
I0121 07:31:45.569790 139550533875264 array_metadata_store.py:203] [process=0][thread=array_type_handler] Wrote 774 array_metadata.ArrayMetadata to /autodl-fs/data/fundiff/burgers/diffusion/FAE_use_pde_True/ckpt/10350.orbax-checkpoint-tmp/default.orbax-checkpoint-tmp/array_metadatas/process_0
I0121 07:31:47.145982 139550525482560 base_pytree_checkpoint_handler.py:1224] [process=0][thread=write_metadata_after_commits] Commit + Array metadata written. Time taken: 1.690904s (commit=1.600009s, array_metadata_write=0.090895s)
I0121 07:31:47.148961 139550500304448 base_pytree_checkpoint_handler.py:128] [process=0] /jax/checkpoint/write/gbytes_per_sec: 39.263 MiB/s (total gbytes: 85.5 MiB) (time elapsed: 2 seconds) (per-host)
I0121 07:31:47.149401 139550500304448 async_checkpointer.py:90] [process=0][thread=async_save] 3 Handler Commit operations completed. Time taken: 1.651383s.
I0121 07:31:47.161012 139550500304448 array_metadata_store.py:367] [process=0][thread=async_save] Skipped cross-host ArrayMetadata validation because only one process is found: process_index=0.
I0121 07:31:47.228053 139550500304448 base_pytree_checkpoint_handler.py:1348] [process=0][thread=async_save] Pytree save finalize (merge_ocdbt + ArrayMetadata validation) completed. Time taken: 0.075489s. use_zarr3=False, enable_post_merge_validation=True, directory=/autodl-fs/data/fundiff/burgers/diffusion/FAE_use_pde_True/ckpt/10350.orbax-checkpoint-tmp/default.orbax-checkpoint-tmp
I0121 07:31:47.229760 139550500304448 atomicity.py:480] Renaming /autodl-fs/data/fundiff/burgers/diffusion/FAE_use_pde_True/ckpt/10350.orbax-checkpoint-tmp/default.orbax-checkpoint-tmp to /autodl-fs/data/fundiff/burgers/diffusion/FAE_use_pde_True/ckpt/10350.orbax-checkpoint-tmp/default
I0121 07:31:47.234863 139550500304448 atomicity.py:480] Renaming /autodl-fs/data/fundiff/burgers/diffusion/FAE_use_pde_True/ckpt/10350.orbax-checkpoint-tmp to /autodl-fs/data/fundiff/burgers/diffusion/FAE_use_pde_True/ckpt/10350
I0121 07:31:47.249900 139550500304448 atomicity.py:790] [process=0][thread=async_save] Finished saving checkpoint (finalized tmp dir) to `/autodl-fs/data/fundiff/burgers/diffusion/FAE_use_pde_True/ckpt/10350`.
I0121 07:31:47.250963 139550500304448 async_checkpointer.py:420] Finished async_save (blocking + background). Time taken: 2.289836s. directory=/autodl-fs/data/fundiff/burgers/diffusion/FAE_use_pde_True/ckpt/10350
I0121 07:31:47.251218 139550500304448 async_checkpointer.py:144] [process=0][thread=async_save] Background save thread done. Time taken: 1.753206s.
I0121 07:31:47.251827 139549175428672 async_checkpointer.py:273] [process=0][thread=save_finalize] Done with waiting for background save thread=async_save.
I0121 07:31:47.252355 139549175428672 async_checkpointer.py:283] [process=0][thread=save_finalize] No errors found in background save thread=async_save.
I0121 07:31:47.310538 139549175428672 deleter.py:273] Deleted step 9450.
I0121 07:31:47.310784 139549175428672 checkpoint_manager.py:2133] [process=0][thread=save_finalize][step=10350] CheckpointManager Save Finalize is syncing with other hosts...
I0121 07:31:47.311250 139549175428672 checkpoint_manager.py:2142] [process=0][thread=save_finalize][step=10350] CheckpointManager Save Finalize is done on all hosts.
step: 10800,  loss data: 2.168e-03, loss res: 2.772e-03, time: 1.295e+02
step: 11250,  loss data: 7.631e-03, loss res: 5.915e-02, time: 1.289e+02
I0121 07:36:04.004016 139627771470912 checkpoint_manager.py:2013] [process=0][thread=MainThread][wait_until_finished] No Save Finalize thread to wait for. Returning.
I0121 07:36:04.005306 139627771470912 checkpoint_manager.py:1518] [process=0] Saving checkpoint at step 11250
I0121 07:36:04.006103 139627771470912 async_checkpointer.py:452] [process=0] Started async saving checkpoint to /autodl-fs/data/fundiff/burgers/diffusion/FAE_use_pde_True/ckpt/11250.
I0121 07:36:04.025178 139546792531520 atomicity.py:137] Creating tmp directory /autodl-fs/data/fundiff/burgers/diffusion/FAE_use_pde_True/ckpt/11250.orbax-checkpoint-tmp
I0121 07:36:04.081702 139546800924224 atomicity.py:137] Creating tmp directory /autodl-fs/data/fundiff/burgers/diffusion/FAE_use_pde_True/ckpt/11250.orbax-checkpoint-tmp/default.orbax-checkpoint-tmp
I0121 07:36:04.113444 139627771470912 jax_array_handlers.py:357] Scheduling D2H of 774 prioritized jax.Array.
I0121 07:36:04.115066 139627771470912 replica_slices.py:424] Transferring arrays to host memory with options: use_replica_parallel=True, min_slice_bytes_for_replica_parallel=None, max_replicas_for_replica_parallel=None, enable_pinned_host_transfer=True
I0121 07:36:04.523027 139627771470912 base_pytree_checkpoint_handler.py:151] [process=0][thread=MainThread] Initiated "orbax.checkpoint._src.serialization.jax_array_handlers.ArrayHandler".serialize. Time taken: 0.411983s
I0121 07:36:04.530166 139627771470912 base_pytree_checkpoint_handler.py:128] [process=0] /jax/checkpoint/write/blocking_gbytes_per_sec: 165.656 MiB/s (total gbytes: 85.5 MiB) (time elapsed: 516 milliseconds) (per-host)
I0121 07:36:04.546827 139627771470912 base_pytree_checkpoint_handler.py:730] [process=0][thread=MainThread] Initiated Pytree async_save. Time taken: 0.533021s (batch_requests_ready=0.057458s, total_serialization_initiated=0.452848s, others=0.022715s)
I0121 07:36:04.548297 139627771470912 composite_checkpoint_handler.py:715] [process=0][thread=MainThread] Initiated CompositeCheckpointHandler.async_save. Time taken: 0.540122s (all_items=0.000020s, per_item={'default': '0.00001955'}, temp_paths=0.540102)
I0121 07:36:04.636010 139550500304448 async_checkpointer.py:79] [process=0][thread=async_save] Background save thread started.
I0121 07:36:04.636366 139627771470912 async_checkpointer.py:561] Finished blocking save. Time taken: 0.630802s. Continuing background save to /autodl-fs/data/fundiff/burgers/diffusion/FAE_use_pde_True/ckpt/11250.
I0121 07:36:04.641487 139627771470912 checkpoint_manager.py:1566] [process=0][thread=MainThread][step=11250] Starting CheckpointManager Save Finalize thread=save_finalize
I0121 07:36:04.642761 139549175428672 async_checkpointer.py:265] [process=0][thread=save_finalize] Waiting for background save thread=async_save.
I0121 07:36:04.644679 139627771470912 standard_logger.py:34] {'step': Array(11250, dtype=int32), 'event_type': 'save', 'directory': '/autodl-fs/data/fundiff/burgers/diffusion/FAE_use_pde_True/ckpt', 'reached_preemption': False, 'preemption_received_at': None, 'synchronous': False, 'wait_for_prev_start_time': 1768952164.0039575, 'wait_for_prev_duration_secs': 0.00031566619873046875, 'time_between_consecutive_saves_sec': 256.69231033325195, 'checkpointer_blocking_start_time': 1768952164.005529, 'checkpointer_blocking_duration_secs': 0.6357059478759766, 'get_old_steps_start_time': 1768952164.6412818, 'get_old_steps_duration_secs': 0.00012230873107910156, 'checkpoint_manager_blocking_start_time': 1768952164.0033562, 'checkpoint_manager_blocking_duration_secs': 0.6400308609008789}
I0121 07:36:04.747273 139550533875264 array_metadata_store.py:203] [process=0][thread=array_type_handler] Wrote 774 array_metadata.ArrayMetadata to /autodl-fs/data/fundiff/burgers/diffusion/FAE_use_pde_True/ckpt/11250.orbax-checkpoint-tmp/default.orbax-checkpoint-tmp/array_metadatas/process_0
I0121 07:36:05.865209 139550525482560 base_pytree_checkpoint_handler.py:1224] [process=0][thread=write_metadata_after_commits] Commit + Array metadata written. Time taken: 1.335319s (commit=1.247453s, array_metadata_write=0.087866s)
I0121 07:36:05.867863 139550500304448 base_pytree_checkpoint_handler.py:128] [process=0] /jax/checkpoint/write/gbytes_per_sec: 46.133 MiB/s (total gbytes: 85.5 MiB) (time elapsed: a second) (per-host)
I0121 07:36:05.868384 139550500304448 async_checkpointer.py:90] [process=0][thread=async_save] 3 Handler Commit operations completed. Time taken: 1.231127s.
I0121 07:36:05.878110 139550500304448 array_metadata_store.py:367] [process=0][thread=async_save] Skipped cross-host ArrayMetadata validation because only one process is found: process_index=0.
I0121 07:36:05.935349 139550500304448 base_pytree_checkpoint_handler.py:1348] [process=0][thread=async_save] Pytree save finalize (merge_ocdbt + ArrayMetadata validation) completed. Time taken: 0.064512s. use_zarr3=False, enable_post_merge_validation=True, directory=/autodl-fs/data/fundiff/burgers/diffusion/FAE_use_pde_True/ckpt/11250.orbax-checkpoint-tmp/default.orbax-checkpoint-tmp
I0121 07:36:05.936671 139550500304448 atomicity.py:480] Renaming /autodl-fs/data/fundiff/burgers/diffusion/FAE_use_pde_True/ckpt/11250.orbax-checkpoint-tmp/default.orbax-checkpoint-tmp to /autodl-fs/data/fundiff/burgers/diffusion/FAE_use_pde_True/ckpt/11250.orbax-checkpoint-tmp/default
I0121 07:36:05.938861 139550500304448 atomicity.py:480] Renaming /autodl-fs/data/fundiff/burgers/diffusion/FAE_use_pde_True/ckpt/11250.orbax-checkpoint-tmp to /autodl-fs/data/fundiff/burgers/diffusion/FAE_use_pde_True/ckpt/11250
I0121 07:36:05.971550 139550500304448 atomicity.py:790] [process=0][thread=async_save] Finished saving checkpoint (finalized tmp dir) to `/autodl-fs/data/fundiff/burgers/diffusion/FAE_use_pde_True/ckpt/11250`.
I0121 07:36:05.972627 139550500304448 async_checkpointer.py:420] Finished async_save (blocking + background). Time taken: 1.967077s. directory=/autodl-fs/data/fundiff/burgers/diffusion/FAE_use_pde_True/ckpt/11250
I0121 07:36:05.972894 139550500304448 async_checkpointer.py:144] [process=0][thread=async_save] Background save thread done. Time taken: 1.335640s.
I0121 07:36:05.973342 139549175428672 async_checkpointer.py:273] [process=0][thread=save_finalize] Done with waiting for background save thread=async_save.
I0121 07:36:05.973843 139549175428672 async_checkpointer.py:283] [process=0][thread=save_finalize] No errors found in background save thread=async_save.
I0121 07:36:05.995475 139549175428672 deleter.py:273] Deleted step 10350.
I0121 07:36:05.995726 139549175428672 checkpoint_manager.py:2133] [process=0][thread=save_finalize][step=11250] CheckpointManager Save Finalize is syncing with other hosts...
I0121 07:36:05.995995 139549175428672 checkpoint_manager.py:2142] [process=0][thread=save_finalize][step=11250] CheckpointManager Save Finalize is done on all hosts.
step: 11700,  loss data: 1.672e-03, loss res: 2.096e-03, time: 1.292e+02
step: 12150,  loss data: 5.244e-03, loss res: 1.187e-02, time: 1.287e+02
I0121 07:40:22.575101 139627771470912 checkpoint_manager.py:2013] [process=0][thread=MainThread][wait_until_finished] No Save Finalize thread to wait for. Returning.
I0121 07:40:22.576273 139627771470912 checkpoint_manager.py:1518] [process=0] Saving checkpoint at step 12150
I0121 07:40:22.577169 139627771470912 async_checkpointer.py:452] [process=0] Started async saving checkpoint to /autodl-fs/data/fundiff/burgers/diffusion/FAE_use_pde_True/ckpt/12150.
I0121 07:40:22.606939 139550475126336 atomicity.py:137] Creating tmp directory /autodl-fs/data/fundiff/burgers/diffusion/FAE_use_pde_True/ckpt/12150.orbax-checkpoint-tmp
I0121 07:40:22.680644 139545760753216 atomicity.py:137] Creating tmp directory /autodl-fs/data/fundiff/burgers/diffusion/FAE_use_pde_True/ckpt/12150.orbax-checkpoint-tmp/default.orbax-checkpoint-tmp
I0121 07:40:22.681820 139627771470912 jax_array_handlers.py:357] Scheduling D2H of 774 prioritized jax.Array.
I0121 07:40:22.683031 139627771470912 replica_slices.py:424] Transferring arrays to host memory with options: use_replica_parallel=True, min_slice_bytes_for_replica_parallel=None, max_replicas_for_replica_parallel=None, enable_pinned_host_transfer=True
I0121 07:40:23.044221 139627771470912 base_pytree_checkpoint_handler.py:151] [process=0][thread=MainThread] Initiated "orbax.checkpoint._src.serialization.jax_array_handlers.ArrayHandler".serialize. Time taken: 0.365627s
I0121 07:40:23.055830 139627771470912 base_pytree_checkpoint_handler.py:128] [process=0] /jax/checkpoint/write/blocking_gbytes_per_sec: 181.311 MiB/s (total gbytes: 85.5 MiB) (time elapsed: 471 milliseconds) (per-host)
I0121 07:40:23.066954 139627771470912 base_pytree_checkpoint_handler.py:730] [process=0][thread=MainThread] Initiated Pytree async_save. Time taken: 0.482911s (batch_requests_ready=0.054306s, total_serialization_initiated=0.406668s, others=0.021937s)
I0121 07:40:23.072660 139627771470912 composite_checkpoint_handler.py:715] [process=0][thread=MainThread] Initiated CompositeCheckpointHandler.async_save. Time taken: 0.492886s (all_items=0.000019s, per_item={'default': '0.00001884'}, temp_paths=0.492867)
I0121 07:40:23.141730 139550517089856 async_checkpointer.py:79] [process=0][thread=async_save] Background save thread started.
I0121 07:40:23.141977 139627771470912 async_checkpointer.py:561] Finished blocking save. Time taken: 0.565416s. Continuing background save to /autodl-fs/data/fundiff/burgers/diffusion/FAE_use_pde_True/ckpt/12150.
I0121 07:40:23.143491 139627771470912 checkpoint_manager.py:1566] [process=0][thread=MainThread][step=12150] Starting CheckpointManager Save Finalize thread=save_finalize
I0121 07:40:23.144967 139550491911744 async_checkpointer.py:265] [process=0][thread=save_finalize] Waiting for background save thread=async_save.
