I0121 07:40:23.150442 139627771470912 standard_logger.py:34] {'step': Array(12150, dtype=int32), 'event_type': 'save', 'directory': '/autodl-fs/data/fundiff/burgers/diffusion/FAE_use_pde_True/ckpt', 'reached_preemption': False, 'preemption_received_at': None, 'synchronous': False, 'wait_for_prev_start_time': 1768952422.575044, 'wait_for_prev_duration_secs': 0.00031304359436035156, 'time_between_consecutive_saves_sec': 256.57885694503784, 'checkpointer_blocking_start_time': 1768952422.5765274, 'checkpointer_blocking_duration_secs': 0.5667383670806885, 'get_old_steps_start_time': 1768952423.143303, 'get_old_steps_duration_secs': 0.00010514259338378906, 'checkpoint_manager_blocking_start_time': 1768952422.5744364, 'checkpoint_manager_blocking_duration_secs': 0.5751988887786865}
I0121 07:40:23.162183 139550533875264 array_metadata_store.py:203] [process=0][thread=array_type_handler] Wrote 774 array_metadata.ArrayMetadata to /autodl-fs/data/fundiff/burgers/diffusion/FAE_use_pde_True/ckpt/12150.orbax-checkpoint-tmp/default.orbax-checkpoint-tmp/array_metadatas/process_0
I0121 07:40:24.523387 139550525482560 base_pytree_checkpoint_handler.py:1224] [process=0][thread=write_metadata_after_commits] Commit + Array metadata written. Time taken: 1.439272s (commit=1.347654s, array_metadata_write=0.091619s)
I0121 07:40:24.526339 139550517089856 base_pytree_checkpoint_handler.py:128] [process=0] /jax/checkpoint/write/gbytes_per_sec: 44.038 MiB/s (total gbytes: 85.5 MiB) (time elapsed: a second) (per-host)
I0121 07:40:24.526775 139550517089856 async_checkpointer.py:90] [process=0][thread=async_save] 3 Handler Commit operations completed. Time taken: 1.384466s.
I0121 07:40:24.538479 139550517089856 array_metadata_store.py:367] [process=0][thread=async_save] Skipped cross-host ArrayMetadata validation because only one process is found: process_index=0.
I0121 07:40:24.653667 139550517089856 base_pytree_checkpoint_handler.py:1348] [process=0][thread=async_save] Pytree save finalize (merge_ocdbt + ArrayMetadata validation) completed. Time taken: 0.123852s. use_zarr3=False, enable_post_merge_validation=True, directory=/autodl-fs/data/fundiff/burgers/diffusion/FAE_use_pde_True/ckpt/12150.orbax-checkpoint-tmp/default.orbax-checkpoint-tmp
I0121 07:40:24.655031 139550517089856 atomicity.py:480] Renaming /autodl-fs/data/fundiff/burgers/diffusion/FAE_use_pde_True/ckpt/12150.orbax-checkpoint-tmp/default.orbax-checkpoint-tmp to /autodl-fs/data/fundiff/burgers/diffusion/FAE_use_pde_True/ckpt/12150.orbax-checkpoint-tmp/default
I0121 07:40:24.664846 139550517089856 atomicity.py:480] Renaming /autodl-fs/data/fundiff/burgers/diffusion/FAE_use_pde_True/ckpt/12150.orbax-checkpoint-tmp to /autodl-fs/data/fundiff/burgers/diffusion/FAE_use_pde_True/ckpt/12150
I0121 07:40:24.693727 139550517089856 atomicity.py:790] [process=0][thread=async_save] Finished saving checkpoint (finalized tmp dir) to `/autodl-fs/data/fundiff/burgers/diffusion/FAE_use_pde_True/ckpt/12150`.
I0121 07:40:24.695790 139550517089856 async_checkpointer.py:420] Finished async_save (blocking + background). Time taken: 2.119241s. directory=/autodl-fs/data/fundiff/burgers/diffusion/FAE_use_pde_True/ckpt/12150
I0121 07:40:24.696094 139550517089856 async_checkpointer.py:144] [process=0][thread=async_save] Background save thread done. Time taken: 1.553787s.
I0121 07:40:24.696836 139550491911744 async_checkpointer.py:273] [process=0][thread=save_finalize] Done with waiting for background save thread=async_save.
I0121 07:40:24.697710 139550491911744 async_checkpointer.py:283] [process=0][thread=save_finalize] No errors found in background save thread=async_save.
I0121 07:40:24.754438 139550491911744 deleter.py:273] Deleted step 11250.
I0121 07:40:24.754693 139550491911744 checkpoint_manager.py:2133] [process=0][thread=save_finalize][step=12150] CheckpointManager Save Finalize is syncing with other hosts...
I0121 07:40:24.755002 139550491911744 checkpoint_manager.py:2142] [process=0][thread=save_finalize][step=12150] CheckpointManager Save Finalize is done on all hosts.
step: 12600,  loss data: 3.763e-03, loss res: 2.392e-02, time: 1.291e+02
step: 13050,  loss data: 2.563e-03, loss res: 1.489e-02, time: 1.291e+02
I0121 07:44:41.300982 139627771470912 checkpoint_manager.py:2013] [process=0][thread=MainThread][wait_until_finished] No Save Finalize thread to wait for. Returning.
I0121 07:44:41.302640 139627771470912 checkpoint_manager.py:1518] [process=0] Saving checkpoint at step 13050
I0121 07:44:41.303385 139627771470912 async_checkpointer.py:452] [process=0] Started async saving checkpoint to /autodl-fs/data/fundiff/burgers/diffusion/FAE_use_pde_True/ckpt/13050.
I0121 07:44:41.328597 139549141857856 atomicity.py:137] Creating tmp directory /autodl-fs/data/fundiff/burgers/diffusion/FAE_use_pde_True/ckpt/13050.orbax-checkpoint-tmp
I0121 07:44:41.392380 139546406663744 atomicity.py:137] Creating tmp directory /autodl-fs/data/fundiff/burgers/diffusion/FAE_use_pde_True/ckpt/13050.orbax-checkpoint-tmp/default.orbax-checkpoint-tmp
I0121 07:44:41.422520 139627771470912 jax_array_handlers.py:357] Scheduling D2H of 774 prioritized jax.Array.
I0121 07:44:41.422979 139627771470912 replica_slices.py:424] Transferring arrays to host memory with options: use_replica_parallel=True, min_slice_bytes_for_replica_parallel=None, max_replicas_for_replica_parallel=None, enable_pinned_host_transfer=True
I0121 07:44:41.723712 139627771470912 base_pytree_checkpoint_handler.py:151] [process=0][thread=MainThread] Initiated "orbax.checkpoint._src.serialization.jax_array_handlers.ArrayHandler".serialize. Time taken: 0.303609s
I0121 07:44:41.750762 139627771470912 base_pytree_checkpoint_handler.py:128] [process=0] /jax/checkpoint/write/blocking_gbytes_per_sec: 194.789 MiB/s (total gbytes: 85.5 MiB) (time elapsed: 439 milliseconds) (per-host)
I0121 07:44:41.762446 139627771470912 base_pytree_checkpoint_handler.py:730] [process=0][thread=MainThread] Initiated Pytree async_save. Time taken: 0.450840s (batch_requests_ready=0.063126s, total_serialization_initiated=0.349632s, others=0.038082s)
I0121 07:44:42.374701 139627771470912 composite_checkpoint_handler.py:715] [process=0][thread=MainThread] Initiated CompositeCheckpointHandler.async_save. Time taken: 1.068527s (all_items=0.000019s, per_item={'default': '0.00001931'}, temp_paths=1.068508)
I0121 07:44:42.438473 139546800924224 async_checkpointer.py:79] [process=0][thread=async_save] Background save thread started.
I0121 07:44:42.438816 139627771470912 async_checkpointer.py:561] Finished blocking save. Time taken: 1.135900s. Continuing background save to /autodl-fs/data/fundiff/burgers/diffusion/FAE_use_pde_True/ckpt/13050.
I0121 07:44:42.441298 139627771470912 checkpoint_manager.py:1566] [process=0][thread=MainThread][step=13050] Starting CheckpointManager Save Finalize thread=save_finalize
I0121 07:44:42.443590 139550500304448 async_checkpointer.py:265] [process=0][thread=save_finalize] Waiting for background save thread=async_save.
I0121 07:44:42.446663 139627771470912 standard_logger.py:34] {'step': Array(13050, dtype=int32), 'event_type': 'save', 'directory': '/autodl-fs/data/fundiff/burgers/diffusion/FAE_use_pde_True/ckpt', 'reached_preemption': False, 'preemption_received_at': None, 'synchronous': False, 'wait_for_prev_start_time': 1768952681.3009214, 'wait_for_prev_duration_secs': 0.0004055500030517578, 'time_between_consecutive_saves_sec': 256.5457410812378, 'checkpointer_blocking_start_time': 1768952681.3028684, 'checkpointer_blocking_duration_secs': 1.1381888389587402, 'get_old_steps_start_time': 1768952682.4411094, 'get_old_steps_duration_secs': 0.00010704994201660156, 'checkpoint_manager_blocking_start_time': 1768952681.3000348, 'checkpoint_manager_blocking_duration_secs': 1.1454136371612549}
I0121 07:44:42.483664 139550533875264 array_metadata_store.py:203] [process=0][thread=array_type_handler] Wrote 774 array_metadata.ArrayMetadata to /autodl-fs/data/fundiff/burgers/diffusion/FAE_use_pde_True/ckpt/13050.orbax-checkpoint-tmp/default.orbax-checkpoint-tmp/array_metadatas/process_0
I0121 07:44:43.897829 139550525482560 base_pytree_checkpoint_handler.py:1224] [process=0][thread=write_metadata_after_commits] Commit + Array metadata written. Time taken: 2.135862s (commit=2.041089s, array_metadata_write=0.094772s)
I0121 07:44:43.900968 139546800924224 base_pytree_checkpoint_handler.py:128] [process=0] /jax/checkpoint/write/gbytes_per_sec: 33.033 MiB/s (total gbytes: 85.5 MiB) (time elapsed: 2 seconds) (per-host)
I0121 07:44:43.901417 139546800924224 async_checkpointer.py:90] [process=0][thread=async_save] 3 Handler Commit operations completed. Time taken: 1.461492s.
I0121 07:44:43.912351 139546800924224 array_metadata_store.py:367] [process=0][thread=async_save] Skipped cross-host ArrayMetadata validation because only one process is found: process_index=0.
I0121 07:44:43.971140 139546800924224 base_pytree_checkpoint_handler.py:1348] [process=0][thread=async_save] Pytree save finalize (merge_ocdbt + ArrayMetadata validation) completed. Time taken: 0.066962s. use_zarr3=False, enable_post_merge_validation=True, directory=/autodl-fs/data/fundiff/burgers/diffusion/FAE_use_pde_True/ckpt/13050.orbax-checkpoint-tmp/default.orbax-checkpoint-tmp
I0121 07:44:43.972300 139546800924224 atomicity.py:480] Renaming /autodl-fs/data/fundiff/burgers/diffusion/FAE_use_pde_True/ckpt/13050.orbax-checkpoint-tmp/default.orbax-checkpoint-tmp to /autodl-fs/data/fundiff/burgers/diffusion/FAE_use_pde_True/ckpt/13050.orbax-checkpoint-tmp/default
I0121 07:44:43.981069 139546800924224 atomicity.py:480] Renaming /autodl-fs/data/fundiff/burgers/diffusion/FAE_use_pde_True/ckpt/13050.orbax-checkpoint-tmp to /autodl-fs/data/fundiff/burgers/diffusion/FAE_use_pde_True/ckpt/13050
I0121 07:44:44.001321 139546800924224 atomicity.py:790] [process=0][thread=async_save] Finished saving checkpoint (finalized tmp dir) to `/autodl-fs/data/fundiff/burgers/diffusion/FAE_use_pde_True/ckpt/13050`.
I0121 07:44:44.002418 139546800924224 async_checkpointer.py:420] Finished async_save (blocking + background). Time taken: 2.699515s. directory=/autodl-fs/data/fundiff/burgers/diffusion/FAE_use_pde_True/ckpt/13050
I0121 07:44:44.002867 139546800924224 async_checkpointer.py:144] [process=0][thread=async_save] Background save thread done. Time taken: 1.562943s.
I0121 07:44:44.003248 139550500304448 async_checkpointer.py:273] [process=0][thread=save_finalize] Done with waiting for background save thread=async_save.
I0121 07:44:44.003575 139550500304448 async_checkpointer.py:283] [process=0][thread=save_finalize] No errors found in background save thread=async_save.
I0121 07:44:44.058276 139550500304448 deleter.py:273] Deleted step 12150.
I0121 07:44:44.058749 139550500304448 checkpoint_manager.py:2133] [process=0][thread=save_finalize][step=13050] CheckpointManager Save Finalize is syncing with other hosts...
I0121 07:44:44.059246 139550500304448 checkpoint_manager.py:2142] [process=0][thread=save_finalize][step=13050] CheckpointManager Save Finalize is done on all hosts.
step: 13500,  loss data: 2.252e-03, loss res: 1.298e-02, time: 1.289e+02
Epoch 30, getting batches from DataLoader...
step: 13950,  loss data: 3.709e-03, loss res: 1.723e-02, time: 1.289e+02
I0121 07:49:00.255084 139627771470912 checkpoint_manager.py:2013] [process=0][thread=MainThread][wait_until_finished] No Save Finalize thread to wait for. Returning.
I0121 07:49:00.256634 139627771470912 checkpoint_manager.py:1518] [process=0] Saving checkpoint at step 13950
I0121 07:49:00.257494 139627771470912 async_checkpointer.py:452] [process=0] Started async saving checkpoint to /autodl-fs/data/fundiff/burgers/diffusion/FAE_use_pde_True/ckpt/13950.
I0121 07:49:00.284405 139545769145920 atomicity.py:137] Creating tmp directory /autodl-fs/data/fundiff/burgers/diffusion/FAE_use_pde_True/ckpt/13950.orbax-checkpoint-tmp
I0121 07:49:00.366881 139627771470912 jax_array_handlers.py:357] Scheduling D2H of 774 prioritized jax.Array.
I0121 07:49:00.367503 139627771470912 replica_slices.py:424] Transferring arrays to host memory with options: use_replica_parallel=True, min_slice_bytes_for_replica_parallel=None, max_replicas_for_replica_parallel=None, enable_pinned_host_transfer=True
I0121 07:49:00.392748 139545743967808 atomicity.py:137] Creating tmp directory /autodl-fs/data/fundiff/burgers/diffusion/FAE_use_pde_True/ckpt/13950.orbax-checkpoint-tmp/default.orbax-checkpoint-tmp
I0121 07:49:00.670335 139627771470912 base_pytree_checkpoint_handler.py:151] [process=0][thread=MainThread] Initiated "orbax.checkpoint._src.serialization.jax_array_handlers.ArrayHandler".serialize. Time taken: 0.305901s
I0121 07:49:00.686932 139627771470912 base_pytree_checkpoint_handler.py:128] [process=0] /jax/checkpoint/write/blocking_gbytes_per_sec: 203.041 MiB/s (total gbytes: 85.5 MiB) (time elapsed: 421 milliseconds) (per-host)
I0121 07:49:00.698103 139627771470912 base_pytree_checkpoint_handler.py:730] [process=0][thread=MainThread] Initiated Pytree async_save. Time taken: 0.432482s (batch_requests_ready=0.058172s, total_serialization_initiated=0.347331s, others=0.026980s)
I0121 07:49:00.709297 139627771470912 composite_checkpoint_handler.py:715] [process=0][thread=MainThread] Initiated CompositeCheckpointHandler.async_save. Time taken: 0.448842s (all_items=0.000017s, per_item={'default': '0.00001669'}, temp_paths=0.448825)
I0121 07:49:00.768987 139550508697152 async_checkpointer.py:79] [process=0][thread=async_save] Background save thread started.
I0121 07:49:00.769645 139627771470912 async_checkpointer.py:561] Finished blocking save. Time taken: 0.512747s. Continuing background save to /autodl-fs/data/fundiff/burgers/diffusion/FAE_use_pde_True/ckpt/13950.
I0121 07:49:00.771344 139627771470912 checkpoint_manager.py:1566] [process=0][thread=MainThread][step=13950] Starting CheckpointManager Save Finalize thread=save_finalize
I0121 07:49:00.772499 139549175428672 async_checkpointer.py:265] [process=0][thread=save_finalize] Waiting for background save thread=async_save.
I0121 07:49:00.774668 139627771470912 standard_logger.py:34] {'step': Array(13950, dtype=int32), 'event_type': 'save', 'directory': '/autodl-fs/data/fundiff/burgers/diffusion/FAE_use_pde_True/ckpt', 'reached_preemption': False, 'preemption_received_at': None, 'synchronous': False, 'wait_for_prev_start_time': 1768952940.255023, 'wait_for_prev_duration_secs': 0.00034737586975097656, 'time_between_consecutive_saves_sec': 256.1953811645508, 'checkpointer_blocking_start_time': 1768952940.256861, 'checkpointer_blocking_duration_secs': 0.5142533779144287, 'get_old_steps_start_time': 1768952940.77116, 'get_old_steps_duration_secs': 0.00010585784912109375, 'checkpoint_manager_blocking_start_time': 1768952940.2544205, 'checkpoint_manager_blocking_duration_secs': 0.5188663005828857}
I0121 07:49:00.793887 139550533875264 array_metadata_store.py:203] [process=0][thread=array_type_handler] Wrote 774 array_metadata.ArrayMetadata to /autodl-fs/data/fundiff/burgers/diffusion/FAE_use_pde_True/ckpt/13950.orbax-checkpoint-tmp/default.orbax-checkpoint-tmp/array_metadatas/process_0
I0121 07:49:02.136371 139550525482560 base_pytree_checkpoint_handler.py:1224] [process=0][thread=write_metadata_after_commits] Commit + Array metadata written. Time taken: 1.426622s (commit=1.320710s, array_metadata_write=0.105912s)
I0121 07:49:02.139618 139550508697152 base_pytree_checkpoint_handler.py:128] [process=0] /jax/checkpoint/write/gbytes_per_sec: 45.642 MiB/s (total gbytes: 85.5 MiB) (time elapsed: a second) (per-host)
I0121 07:49:02.140030 139550508697152 async_checkpointer.py:90] [process=0][thread=async_save] 3 Handler Commit operations completed. Time taken: 1.369497s.
I0121 07:49:02.154030 139550508697152 array_metadata_store.py:367] [process=0][thread=async_save] Skipped cross-host ArrayMetadata validation because only one process is found: process_index=0.
I0121 07:49:02.209087 139550508697152 base_pytree_checkpoint_handler.py:1348] [process=0][thread=async_save] Pytree save finalize (merge_ocdbt + ArrayMetadata validation) completed. Time taken: 0.065501s. use_zarr3=False, enable_post_merge_validation=True, directory=/autodl-fs/data/fundiff/burgers/diffusion/FAE_use_pde_True/ckpt/13950.orbax-checkpoint-tmp/default.orbax-checkpoint-tmp
I0121 07:49:02.210691 139550508697152 atomicity.py:480] Renaming /autodl-fs/data/fundiff/burgers/diffusion/FAE_use_pde_True/ckpt/13950.orbax-checkpoint-tmp/default.orbax-checkpoint-tmp to /autodl-fs/data/fundiff/burgers/diffusion/FAE_use_pde_True/ckpt/13950.orbax-checkpoint-tmp/default
I0121 07:49:02.215355 139550508697152 atomicity.py:480] Renaming /autodl-fs/data/fundiff/burgers/diffusion/FAE_use_pde_True/ckpt/13950.orbax-checkpoint-tmp to /autodl-fs/data/fundiff/burgers/diffusion/FAE_use_pde_True/ckpt/13950
I0121 07:49:02.238135 139550508697152 atomicity.py:790] [process=0][thread=async_save] Finished saving checkpoint (finalized tmp dir) to `/autodl-fs/data/fundiff/burgers/diffusion/FAE_use_pde_True/ckpt/13950`.
I0121 07:49:02.239225 139550508697152 async_checkpointer.py:420] Finished async_save (blocking + background). Time taken: 1.982344s. directory=/autodl-fs/data/fundiff/burgers/diffusion/FAE_use_pde_True/ckpt/13950
I0121 07:49:02.239478 139550508697152 async_checkpointer.py:144] [process=0][thread=async_save] Background save thread done. Time taken: 1.468947s.
I0121 07:49:02.240186 139549175428672 async_checkpointer.py:273] [process=0][thread=save_finalize] Done with waiting for background save thread=async_save.
I0121 07:49:02.240672 139549175428672 async_checkpointer.py:283] [process=0][thread=save_finalize] No errors found in background save thread=async_save.
I0121 07:49:02.272237 139549175428672 deleter.py:273] Deleted step 13050.
I0121 07:49:02.272569 139549175428672 checkpoint_manager.py:2133] [process=0][thread=save_finalize][step=13950] CheckpointManager Save Finalize is syncing with other hosts...
I0121 07:49:02.273066 139549175428672 checkpoint_manager.py:2142] [process=0][thread=save_finalize][step=13950] CheckpointManager Save Finalize is done on all hosts.
step: 14400,  loss data: 4.902e-03, loss res: 1.592e-02, time: 1.295e+02
step: 14850,  loss data: 2.288e-03, loss res: 1.195e-02, time: 1.290e+02
I0121 07:53:19.260526 139627771470912 checkpoint_manager.py:2013] [process=0][thread=MainThread][wait_until_finished] No Save Finalize thread to wait for. Returning.
I0121 07:53:19.261826 139627771470912 checkpoint_manager.py:1518] [process=0] Saving checkpoint at step 14850
I0121 07:53:19.263004 139627771470912 async_checkpointer.py:452] [process=0] Started async saving checkpoint to /autodl-fs/data/fundiff/burgers/diffusion/FAE_use_pde_True/ckpt/14850.
I0121 07:53:19.284768 139549158643264 atomicity.py:137] Creating tmp directory /autodl-fs/data/fundiff/burgers/diffusion/FAE_use_pde_True/ckpt/14850.orbax-checkpoint-tmp
I0121 07:53:19.367247 139546826102336 atomicity.py:137] Creating tmp directory /autodl-fs/data/fundiff/burgers/diffusion/FAE_use_pde_True/ckpt/14850.orbax-checkpoint-tmp/default.orbax-checkpoint-tmp
I0121 07:53:19.390038 139627771470912 jax_array_handlers.py:357] Scheduling D2H of 774 prioritized jax.Array.
I0121 07:53:19.390663 139627771470912 replica_slices.py:424] Transferring arrays to host memory with options: use_replica_parallel=True, min_slice_bytes_for_replica_parallel=None, max_replicas_for_replica_parallel=None, enable_pinned_host_transfer=True
I0121 07:53:19.753354 139627771470912 base_pytree_checkpoint_handler.py:151] [process=0][thread=MainThread] Initiated "orbax.checkpoint._src.serialization.jax_array_handlers.ArrayHandler".serialize. Time taken: 0.366242s
I0121 07:53:19.764999 139627771470912 base_pytree_checkpoint_handler.py:128] [process=0] /jax/checkpoint/write/blocking_gbytes_per_sec: 173.157 MiB/s (total gbytes: 85.5 MiB) (time elapsed: 493 milliseconds) (per-host)
I0121 07:53:19.771813 139627771470912 base_pytree_checkpoint_handler.py:730] [process=0][thread=MainThread] Initiated Pytree async_save. Time taken: 0.500843s (batch_requests_ready=0.075519s, total_serialization_initiated=0.407831s, others=0.017493s)
I0121 07:53:19.777577 139627771470912 composite_checkpoint_handler.py:715] [process=0][thread=MainThread] Initiated CompositeCheckpointHandler.async_save. Time taken: 0.511651s (all_items=0.000019s, per_item={'default': '0.00001931'}, temp_paths=0.511631)
I0121 07:53:19.855127 139550508697152 async_checkpointer.py:79] [process=0][thread=async_save] Background save thread started.
I0121 07:53:19.855366 139627771470912 async_checkpointer.py:561] Finished blocking save. Time taken: 0.593269s. Continuing background save to /autodl-fs/data/fundiff/burgers/diffusion/FAE_use_pde_True/ckpt/14850.
I0121 07:53:19.857545 139627771470912 checkpoint_manager.py:1566] [process=0][thread=MainThread][step=14850] Starting CheckpointManager Save Finalize thread=save_finalize
I0121 07:53:19.859115 139549175428672 async_checkpointer.py:265] [process=0][thread=save_finalize] Waiting for background save thread=async_save.
I0121 07:53:19.860925 139627771470912 standard_logger.py:34] {'step': Array(14850, dtype=int32), 'event_type': 'save', 'directory': '/autodl-fs/data/fundiff/burgers/diffusion/FAE_use_pde_True/ckpt', 'reached_preemption': False, 'preemption_received_at': None, 'synchronous': False, 'wait_for_prev_start_time': 1768953199.2604542, 'wait_for_prev_duration_secs': 0.0003638267517089844, 'time_between_consecutive_saves_sec': 256.98706221580505, 'checkpointer_blocking_start_time': 1768953199.262062, 'checkpointer_blocking_duration_secs': 0.595221996307373, 'get_old_steps_start_time': 1768953199.8573313, 'get_old_steps_duration_secs': 0.00012993812561035156, 'checkpoint_manager_blocking_start_time': 1768953199.259901, 'checkpoint_manager_blocking_duration_secs': 0.6003944873809814}
I0121 07:53:19.883352 139550533875264 array_metadata_store.py:203] [process=0][thread=array_type_handler] Wrote 774 array_metadata.ArrayMetadata to /autodl-fs/data/fundiff/burgers/diffusion/FAE_use_pde_True/ckpt/14850.orbax-checkpoint-tmp/default.orbax-checkpoint-tmp/array_metadatas/process_0
I0121 07:53:21.272157 139550525482560 base_pytree_checkpoint_handler.py:1224] [process=0][thread=write_metadata_after_commits] Commit + Array metadata written. Time taken: 1.506695s (commit=1.399683s, array_metadata_write=0.107012s)
I0121 07:53:21.275329 139550508697152 base_pytree_checkpoint_handler.py:128] [process=0] /jax/checkpoint/write/gbytes_per_sec: 42.673 MiB/s (total gbytes: 85.5 MiB) (time elapsed: 2 seconds) (per-host)
I0121 07:53:21.275717 139550508697152 async_checkpointer.py:90] [process=0][thread=async_save] 3 Handler Commit operations completed. Time taken: 1.419984s.
I0121 07:53:21.293324 139550508697152 array_metadata_store.py:367] [process=0][thread=async_save] Skipped cross-host ArrayMetadata validation because only one process is found: process_index=0.
I0121 07:53:21.348302 139550508697152 base_pytree_checkpoint_handler.py:1348] [process=0][thread=async_save] Pytree save finalize (merge_ocdbt + ArrayMetadata validation) completed. Time taken: 0.065993s. use_zarr3=False, enable_post_merge_validation=True, directory=/autodl-fs/data/fundiff/burgers/diffusion/FAE_use_pde_True/ckpt/14850.orbax-checkpoint-tmp/default.orbax-checkpoint-tmp
I0121 07:53:21.349631 139550508697152 atomicity.py:480] Renaming /autodl-fs/data/fundiff/burgers/diffusion/FAE_use_pde_True/ckpt/14850.orbax-checkpoint-tmp/default.orbax-checkpoint-tmp to /autodl-fs/data/fundiff/burgers/diffusion/FAE_use_pde_True/ckpt/14850.orbax-checkpoint-tmp/default
I0121 07:53:21.354100 139550508697152 atomicity.py:480] Renaming /autodl-fs/data/fundiff/burgers/diffusion/FAE_use_pde_True/ckpt/14850.orbax-checkpoint-tmp to /autodl-fs/data/fundiff/burgers/diffusion/FAE_use_pde_True/ckpt/14850
I0121 07:53:21.368080 139550508697152 atomicity.py:790] [process=0][thread=async_save] Finished saving checkpoint (finalized tmp dir) to `/autodl-fs/data/fundiff/burgers/diffusion/FAE_use_pde_True/ckpt/14850`.
I0121 07:53:21.369087 139550508697152 async_checkpointer.py:420] Finished async_save (blocking + background). Time taken: 2.107005s. directory=/autodl-fs/data/fundiff/burgers/diffusion/FAE_use_pde_True/ckpt/14850
I0121 07:53:21.369336 139550508697152 async_checkpointer.py:144] [process=0][thread=async_save] Background save thread done. Time taken: 1.513606s.
I0121 07:53:21.369818 139549175428672 async_checkpointer.py:273] [process=0][thread=save_finalize] Done with waiting for background save thread=async_save.
I0121 07:53:21.370320 139549175428672 async_checkpointer.py:283] [process=0][thread=save_finalize] No errors found in background save thread=async_save.
I0121 07:53:21.419062 139549175428672 deleter.py:273] Deleted step 13950.
I0121 07:53:21.419344 139549175428672 checkpoint_manager.py:2133] [process=0][thread=save_finalize][step=14850] CheckpointManager Save Finalize is syncing with other hosts...
I0121 07:53:21.419740 139549175428672 checkpoint_manager.py:2142] [process=0][thread=save_finalize][step=14850] CheckpointManager Save Finalize is done on all hosts.
step: 15300,  loss data: 4.186e-03, loss res: 1.194e-02, time: 1.293e+02
step: 15750,  loss data: 2.245e-03, loss res: 8.988e-03, time: 1.292e+02
I0121 07:57:38.367136 139627771470912 checkpoint_manager.py:2013] [process=0][thread=MainThread][wait_until_finished] No Save Finalize thread to wait for. Returning.
I0121 07:57:38.368589 139627771470912 checkpoint_manager.py:1518] [process=0] Saving checkpoint at step 15750
I0121 07:57:38.369378 139627771470912 async_checkpointer.py:452] [process=0] Started async saving checkpoint to /autodl-fs/data/fundiff/burgers/diffusion/FAE_use_pde_True/ckpt/15750.
I0121 07:57:38.389438 139547438474816 atomicity.py:137] Creating tmp directory /autodl-fs/data/fundiff/burgers/diffusion/FAE_use_pde_True/ckpt/15750.orbax-checkpoint-tmp
I0121 07:57:38.440957 139546809316928 atomicity.py:137] Creating tmp directory /autodl-fs/data/fundiff/burgers/diffusion/FAE_use_pde_True/ckpt/15750.orbax-checkpoint-tmp/default.orbax-checkpoint-tmp
I0121 07:57:38.483884 139627771470912 jax_array_handlers.py:357] Scheduling D2H of 774 prioritized jax.Array.
I0121 07:57:38.484654 139627771470912 replica_slices.py:424] Transferring arrays to host memory with options: use_replica_parallel=True, min_slice_bytes_for_replica_parallel=None, max_replicas_for_replica_parallel=None, enable_pinned_host_transfer=True
I0121 07:57:38.789057 139627771470912 base_pytree_checkpoint_handler.py:151] [process=0][thread=MainThread] Initiated "orbax.checkpoint._src.serialization.jax_array_handlers.ArrayHandler".serialize. Time taken: 0.307534s
I0121 07:57:38.795566 139627771470912 base_pytree_checkpoint_handler.py:128] [process=0] /jax/checkpoint/write/blocking_gbytes_per_sec: 204.651 MiB/s (total gbytes: 85.5 MiB) (time elapsed: 417 milliseconds) (per-host)
I0121 07:57:38.795819 139627771470912 base_pytree_checkpoint_handler.py:730] [process=0][thread=MainThread] Initiated Pytree async_save. Time taken: 0.418247s (batch_requests_ready=0.064336s, total_serialization_initiated=0.353062s, others=0.000848s)
I0121 07:57:38.801454 139627771470912 composite_checkpoint_handler.py:715] [process=0][thread=MainThread] Initiated CompositeCheckpointHandler.async_save. Time taken: 0.429031s (all_items=0.000019s, per_item={'default': '0.00001860'}, temp_paths=0.429013)
I0121 07:57:38.886444 139550517089856 async_checkpointer.py:79] [process=0][thread=async_save] Background save thread started.
I0121 07:57:38.886734 139627771470912 async_checkpointer.py:561] Finished blocking save. Time taken: 0.517896s. Continuing background save to /autodl-fs/data/fundiff/burgers/diffusion/FAE_use_pde_True/ckpt/15750.
I0121 07:57:38.889098 139627771470912 checkpoint_manager.py:1566] [process=0][thread=MainThread][step=15750] Starting CheckpointManager Save Finalize thread=save_finalize
I0121 07:57:38.891343 139550466733632 async_checkpointer.py:265] [process=0][thread=save_finalize] Waiting for background save thread=async_save.
I0121 07:57:38.898855 139627771470912 standard_logger.py:34] {'step': Array(15750, dtype=int32), 'event_type': 'save', 'directory': '/autodl-fs/data/fundiff/burgers/diffusion/FAE_use_pde_True/ckpt', 'reached_preemption': False, 'preemption_received_at': None, 'synchronous': False, 'wait_for_prev_start_time': 1768953458.3670733, 'wait_for_prev_duration_secs': 0.00033545494079589844, 'time_between_consecutive_saves_sec': 256.9469909667969, 'checkpointer_blocking_start_time': 1768953458.3688095, 'checkpointer_blocking_duration_secs': 0.5200762748718262, 'get_old_steps_start_time': 1768953458.8889225, 'get_old_steps_duration_secs': 9.989738464355469e-05, 'checkpoint_manager_blocking_start_time': 1768953458.3664715, 'checkpoint_manager_blocking_duration_secs': 0.5317156314849854}
I0121 07:57:38.911130 139550533875264 array_metadata_store.py:203] [process=0][thread=array_type_handler] Wrote 774 array_metadata.ArrayMetadata to /autodl-fs/data/fundiff/burgers/diffusion/FAE_use_pde_True/ckpt/15750.orbax-checkpoint-tmp/default.orbax-checkpoint-tmp/array_metadatas/process_0
I0121 07:57:40.152975 139550525482560 base_pytree_checkpoint_handler.py:1224] [process=0][thread=write_metadata_after_commits] Commit + Array metadata written. Time taken: 1.340107s (commit=1.245286s, array_metadata_write=0.094821s)
I0121 07:57:40.158133 139550517089856 base_pytree_checkpoint_handler.py:128] [process=0] /jax/checkpoint/write/gbytes_per_sec: 48.037 MiB/s (total gbytes: 85.5 MiB) (time elapsed: a second) (per-host)
I0121 07:57:40.158559 139550517089856 async_checkpointer.py:90] [process=0][thread=async_save] 3 Handler Commit operations completed. Time taken: 1.270795s.
I0121 07:57:40.169481 139550517089856 array_metadata_store.py:367] [process=0][thread=async_save] Skipped cross-host ArrayMetadata validation because only one process is found: process_index=0.
I0121 07:57:40.223629 139550517089856 base_pytree_checkpoint_handler.py:1348] [process=0][thread=async_save] Pytree save finalize (merge_ocdbt + ArrayMetadata validation) completed. Time taken: 0.062195s. use_zarr3=False, enable_post_merge_validation=True, directory=/autodl-fs/data/fundiff/burgers/diffusion/FAE_use_pde_True/ckpt/15750.orbax-checkpoint-tmp/default.orbax-checkpoint-tmp
I0121 07:57:40.226844 139550517089856 atomicity.py:480] Renaming /autodl-fs/data/fundiff/burgers/diffusion/FAE_use_pde_True/ckpt/15750.orbax-checkpoint-tmp/default.orbax-checkpoint-tmp to /autodl-fs/data/fundiff/burgers/diffusion/FAE_use_pde_True/ckpt/15750.orbax-checkpoint-tmp/default
I0121 07:57:40.231418 139550517089856 atomicity.py:480] Renaming /autodl-fs/data/fundiff/burgers/diffusion/FAE_use_pde_True/ckpt/15750.orbax-checkpoint-tmp to /autodl-fs/data/fundiff/burgers/diffusion/FAE_use_pde_True/ckpt/15750
I0121 07:57:40.244316 139550517089856 atomicity.py:790] [process=0][thread=async_save] Finished saving checkpoint (finalized tmp dir) to `/autodl-fs/data/fundiff/burgers/diffusion/FAE_use_pde_True/ckpt/15750`.
I0121 07:57:40.245295 139550517089856 async_checkpointer.py:420] Finished async_save (blocking + background). Time taken: 1.876466s. directory=/autodl-fs/data/fundiff/burgers/diffusion/FAE_use_pde_True/ckpt/15750
I0121 07:57:40.245555 139550517089856 async_checkpointer.py:144] [process=0][thread=async_save] Background save thread done. Time taken: 1.357797s.
I0121 07:57:40.245943 139550466733632 async_checkpointer.py:273] [process=0][thread=save_finalize] Done with waiting for background save thread=async_save.
I0121 07:57:40.246395 139550466733632 async_checkpointer.py:283] [process=0][thread=save_finalize] No errors found in background save thread=async_save.
I0121 07:57:40.295181 139550466733632 deleter.py:273] Deleted step 14850.
I0121 07:57:40.295432 139550466733632 checkpoint_manager.py:2133] [process=0][thread=save_finalize][step=15750] CheckpointManager Save Finalize is syncing with other hosts...
I0121 07:57:40.295709 139550466733632 checkpoint_manager.py:2142] [process=0][thread=save_finalize][step=15750] CheckpointManager Save Finalize is done on all hosts.
step: 16200,  loss data: 3.103e-03, loss res: 9.846e-03, time: 1.289e+02
step: 16650,  loss data: 2.112e-03, loss res: 7.552e-03, time: 1.289e+02
I0121 08:01:56.743023 139627771470912 checkpoint_manager.py:2013] [process=0][thread=MainThread][wait_until_finished] No Save Finalize thread to wait for. Returning.
I0121 08:01:56.744247 139627771470912 checkpoint_manager.py:1518] [process=0] Saving checkpoint at step 16650
I0121 08:01:56.745127 139627771470912 async_checkpointer.py:452] [process=0] Started async saving checkpoint to /autodl-fs/data/fundiff/burgers/diffusion/FAE_use_pde_True/ckpt/16650.
I0121 08:01:56.780783 139549141857856 atomicity.py:137] Creating tmp directory /autodl-fs/data/fundiff/burgers/diffusion/FAE_use_pde_True/ckpt/16650.orbax-checkpoint-tmp
I0121 08:01:57.434950 139627771470912 jax_array_handlers.py:357] Scheduling D2H of 774 prioritized jax.Array.
I0121 08:01:57.435456 139627771470912 replica_slices.py:424] Transferring arrays to host memory with options: use_replica_parallel=True, min_slice_bytes_for_replica_parallel=None, max_replicas_for_replica_parallel=None, enable_pinned_host_transfer=True
I0121 08:01:57.457997 139549133465152 atomicity.py:137] Creating tmp directory /autodl-fs/data/fundiff/burgers/diffusion/FAE_use_pde_True/ckpt/16650.orbax-checkpoint-tmp/default.orbax-checkpoint-tmp
I0121 08:01:57.805636 139627771470912 base_pytree_checkpoint_handler.py:151] [process=0][thread=MainThread] Initiated "orbax.checkpoint._src.serialization.jax_array_handlers.ArrayHandler".serialize. Time taken: 0.373524s
I0121 08:01:57.817340 139627771470912 base_pytree_checkpoint_handler.py:128] [process=0] /jax/checkpoint/write/blocking_gbytes_per_sec: 80.349 MiB/s (total gbytes: 85.5 MiB) (time elapsed: a second) (per-host)
I0121 08:01:57.825441 139627771470912 base_pytree_checkpoint_handler.py:730] [process=0][thread=MainThread] Initiated Pytree async_save. Time taken: 1.072649s (batch_requests_ready=0.051995s, total_serialization_initiated=1.006625s, others=0.014029s)
I0121 08:01:57.826077 139627771470912 composite_checkpoint_handler.py:715] [process=0][thread=MainThread] Initiated CompositeCheckpointHandler.async_save. Time taken: 1.077797s (all_items=0.000018s, per_item={'default': '0.00001764'}, temp_paths=1.077779)
I0121 08:01:57.848602 139550500304448 async_checkpointer.py:79] [process=0][thread=async_save] Background save thread started.
I0121 08:01:57.883034 139627771470912 async_checkpointer.py:561] Finished blocking save. Time taken: 1.138510s. Continuing background save to /autodl-fs/data/fundiff/burgers/diffusion/FAE_use_pde_True/ckpt/16650.
I0121 08:01:57.901307 139627771470912 checkpoint_manager.py:1566] [process=0][thread=MainThread][step=16650] Starting CheckpointManager Save Finalize thread=save_finalize
I0121 08:01:57.903755 139549167035968 async_checkpointer.py:265] [process=0][thread=save_finalize] Waiting for background save thread=async_save.
I0121 08:01:57.905112 139627771470912 standard_logger.py:34] {'step': Array(16650, dtype=int32), 'event_type': 'save', 'directory': '/autodl-fs/data/fundiff/burgers/diffusion/FAE_use_pde_True/ckpt', 'reached_preemption': False, 'preemption_received_at': None, 'synchronous': False, 'wait_for_prev_start_time': 1768953716.7429595, 'wait_for_prev_duration_secs': 0.0003306865692138672, 'time_between_consecutive_saves_sec': 256.4470708370209, 'checkpointer_blocking_start_time': 1768953716.7444863, 'checkpointer_blocking_duration_secs': 1.1565933227539062, 'get_old_steps_start_time': 1768953717.9011192, 'get_old_steps_duration_secs': 0.00010085105895996094, 'checkpoint_manager_blocking_start_time': 1768953716.7423368, 'checkpoint_manager_blocking_duration_secs': 1.1621625423431396}
I0121 08:01:57.928678 139550533875264 array_metadata_store.py:203] [process=0][thread=array_type_handler] Wrote 774 array_metadata.ArrayMetadata to /autodl-fs/data/fundiff/burgers/diffusion/FAE_use_pde_True/ckpt/16650.orbax-checkpoint-tmp/default.orbax-checkpoint-tmp/array_metadatas/process_0
I0121 08:01:59.284173 139550525482560 base_pytree_checkpoint_handler.py:1224] [process=0][thread=write_metadata_after_commits] Commit + Array metadata written. Time taken: 1.461206s (commit=1.367968s, array_metadata_write=0.093238s)
I0121 08:01:59.287227 139550500304448 base_pytree_checkpoint_handler.py:128] [process=0] /jax/checkpoint/write/gbytes_per_sec: 33.748 MiB/s (total gbytes: 85.5 MiB) (time elapsed: 2 seconds) (per-host)
I0121 08:01:59.287668 139550500304448 async_checkpointer.py:90] [process=0][thread=async_save] 3 Handler Commit operations completed. Time taken: 1.404734s.
I0121 08:01:59.299447 139550500304448 array_metadata_store.py:367] [process=0][thread=async_save] Skipped cross-host ArrayMetadata validation because only one process is found: process_index=0.
I0121 08:01:59.351642 139550500304448 base_pytree_checkpoint_handler.py:1348] [process=0][thread=async_save] Pytree save finalize (merge_ocdbt + ArrayMetadata validation) completed. Time taken: 0.060965s. use_zarr3=False, enable_post_merge_validation=True, directory=/autodl-fs/data/fundiff/burgers/diffusion/FAE_use_pde_True/ckpt/16650.orbax-checkpoint-tmp/default.orbax-checkpoint-tmp
I0121 08:01:59.352897 139550500304448 atomicity.py:480] Renaming /autodl-fs/data/fundiff/burgers/diffusion/FAE_use_pde_True/ckpt/16650.orbax-checkpoint-tmp/default.orbax-checkpoint-tmp to /autodl-fs/data/fundiff/burgers/diffusion/FAE_use_pde_True/ckpt/16650.orbax-checkpoint-tmp/default
I0121 08:01:59.357257 139550500304448 atomicity.py:480] Renaming /autodl-fs/data/fundiff/burgers/diffusion/FAE_use_pde_True/ckpt/16650.orbax-checkpoint-tmp to /autodl-fs/data/fundiff/burgers/diffusion/FAE_use_pde_True/ckpt/16650
I0121 08:01:59.370982 139550500304448 atomicity.py:790] [process=0][thread=async_save] Finished saving checkpoint (finalized tmp dir) to `/autodl-fs/data/fundiff/burgers/diffusion/FAE_use_pde_True/ckpt/16650`.
I0121 08:01:59.371942 139550500304448 async_checkpointer.py:420] Finished async_save (blocking + background). Time taken: 2.627436s. directory=/autodl-fs/data/fundiff/burgers/diffusion/FAE_use_pde_True/ckpt/16650
I0121 08:01:59.372197 139550500304448 async_checkpointer.py:144] [process=0][thread=async_save] Background save thread done. Time taken: 1.489267s.
I0121 08:01:59.372760 139549167035968 async_checkpointer.py:273] [process=0][thread=save_finalize] Done with waiting for background save thread=async_save.
I0121 08:01:59.373286 139549167035968 async_checkpointer.py:283] [process=0][thread=save_finalize] No errors found in background save thread=async_save.
I0121 08:01:59.418466 139549167035968 deleter.py:273] Deleted step 15750.
I0121 08:01:59.418835 139549167035968 checkpoint_manager.py:2133] [process=0][thread=save_finalize][step=16650] CheckpointManager Save Finalize is syncing with other hosts...
I0121 08:01:59.419096 139549167035968 checkpoint_manager.py:2142] [process=0][thread=save_finalize][step=16650] CheckpointManager Save Finalize is done on all hosts.
step: 17100,  loss data: 1.772e-03, loss res: 1.583e-02, time: 1.276e+02
step: 17550,  loss data: 1.284e-03, loss res: 9.881e-03, time: 1.286e+02
I0121 08:06:14.044004 139627771470912 checkpoint_manager.py:2013] [process=0][thread=MainThread][wait_until_finished] No Save Finalize thread to wait for. Returning.
I0121 08:06:14.045258 139627771470912 checkpoint_manager.py:1518] [process=0] Saving checkpoint at step 17550
I0121 08:06:14.046029 139627771470912 async_checkpointer.py:452] [process=0] Started async saving checkpoint to /autodl-fs/data/fundiff/burgers/diffusion/FAE_use_pde_True/ckpt/17550.
I0121 08:06:14.075818 139547430082112 atomicity.py:137] Creating tmp directory /autodl-fs/data/fundiff/burgers/diffusion/FAE_use_pde_True/ckpt/17550.orbax-checkpoint-tmp
I0121 08:06:14.149749 139627771470912 jax_array_handlers.py:357] Scheduling D2H of 774 prioritized jax.Array.
I0121 08:06:14.150341 139627771470912 replica_slices.py:424] Transferring arrays to host memory with options: use_replica_parallel=True, min_slice_bytes_for_replica_parallel=None, max_replicas_for_replica_parallel=None, enable_pinned_host_transfer=True
I0121 08:06:14.160467 139546423449152 atomicity.py:137] Creating tmp directory /autodl-fs/data/fundiff/burgers/diffusion/FAE_use_pde_True/ckpt/17550.orbax-checkpoint-tmp/default.orbax-checkpoint-tmp
I0121 08:06:14.516524 139627771470912 base_pytree_checkpoint_handler.py:151] [process=0][thread=MainThread] Initiated "orbax.checkpoint._src.serialization.jax_array_handlers.ArrayHandler".serialize. Time taken: 0.369200s
I0121 08:06:14.533798 139627771470912 base_pytree_checkpoint_handler.py:128] [process=0] /jax/checkpoint/write/blocking_gbytes_per_sec: 177.861 MiB/s (total gbytes: 85.5 MiB) (time elapsed: 480 milliseconds) (per-host)
I0121 08:06:14.556236 139627771470912 base_pytree_checkpoint_handler.py:730] [process=0][thread=MainThread] Initiated Pytree async_save. Time taken: 0.503392s (batch_requests_ready=0.053205s, total_serialization_initiated=0.421835s, others=0.028352s)
I0121 08:06:14.612571 139627771470912 composite_checkpoint_handler.py:715] [process=0][thread=MainThread] Initiated CompositeCheckpointHandler.async_save. Time taken: 0.563970s (all_items=0.000018s, per_item={'default': '0.00001836'}, temp_paths=0.563951)
I0121 08:06:14.617016 139549175428672 async_checkpointer.py:79] [process=0][thread=async_save] Background save thread started.
I0121 08:06:14.617306 139627771470912 async_checkpointer.py:561] Finished blocking save. Time taken: 0.571792s. Continuing background save to /autodl-fs/data/fundiff/burgers/diffusion/FAE_use_pde_True/ckpt/17550.
I0121 08:06:14.619576 139627771470912 checkpoint_manager.py:1566] [process=0][thread=MainThread][step=17550] Starting CheckpointManager Save Finalize thread=save_finalize
I0121 08:06:14.624843 139549167035968 async_checkpointer.py:265] [process=0][thread=save_finalize] Waiting for background save thread=async_save.
I0121 08:06:14.626601 139627771470912 standard_logger.py:34] {'step': Array(17550, dtype=int32), 'event_type': 'save', 'directory': '/autodl-fs/data/fundiff/burgers/diffusion/FAE_use_pde_True/ckpt', 'reached_preemption': False, 'preemption_received_at': None, 'synchronous': False, 'wait_for_prev_start_time': 1768953974.0439482, 'wait_for_prev_duration_secs': 0.0003254413604736328, 'time_between_consecutive_saves_sec': 254.62450528144836, 'checkpointer_blocking_start_time': 1768953974.0454795, 'checkpointer_blocking_duration_secs': 0.5738258361816406, 'get_old_steps_start_time': 1768953974.619362, 'get_old_steps_duration_secs': 0.00011754035949707031, 'checkpoint_manager_blocking_start_time': 1768953974.0433521, 'checkpoint_manager_blocking_duration_secs': 0.5826427936553955}
I0121 08:06:14.645811 139550533875264 array_metadata_store.py:203] [process=0][thread=array_type_handler] Wrote 774 array_metadata.ArrayMetadata to /autodl-fs/data/fundiff/burgers/diffusion/FAE_use_pde_True/ckpt/17550.orbax-checkpoint-tmp/default.orbax-checkpoint-tmp/array_metadatas/process_0
I0121 08:06:16.677536 139550525482560 base_pytree_checkpoint_handler.py:1224] [process=0][thread=write_metadata_after_commits] Commit + Array metadata written. Time taken: 2.127532s (commit=1.439511s, array_metadata_write=0.688021s)
I0121 08:06:16.681456 139549175428672 base_pytree_checkpoint_handler.py:128] [process=0] /jax/checkpoint/write/gbytes_per_sec: 32.539 MiB/s (total gbytes: 85.5 MiB) (time elapsed: 2 seconds) (per-host)
I0121 08:06:16.682054 139549175428672 async_checkpointer.py:90] [process=0][thread=async_save] 3 Handler Commit operations completed. Time taken: 2.063978s.
I0121 08:06:16.698379 139549175428672 array_metadata_store.py:367] [process=0][thread=async_save] Skipped cross-host ArrayMetadata validation because only one process is found: process_index=0.
I0121 08:06:16.742794 139549175428672 base_pytree_checkpoint_handler.py:1348] [process=0][thread=async_save] Pytree save finalize (merge_ocdbt + ArrayMetadata validation) completed. Time taken: 0.057316s. use_zarr3=False, enable_post_merge_validation=True, directory=/autodl-fs/data/fundiff/burgers/diffusion/FAE_use_pde_True/ckpt/17550.orbax-checkpoint-tmp/default.orbax-checkpoint-tmp
I0121 08:06:16.744031 139549175428672 atomicity.py:480] Renaming /autodl-fs/data/fundiff/burgers/diffusion/FAE_use_pde_True/ckpt/17550.orbax-checkpoint-tmp/default.orbax-checkpoint-tmp to /autodl-fs/data/fundiff/burgers/diffusion/FAE_use_pde_True/ckpt/17550.orbax-checkpoint-tmp/default
I0121 08:06:16.747803 139549175428672 atomicity.py:480] Renaming /autodl-fs/data/fundiff/burgers/diffusion/FAE_use_pde_True/ckpt/17550.orbax-checkpoint-tmp to /autodl-fs/data/fundiff/burgers/diffusion/FAE_use_pde_True/ckpt/17550
I0121 08:06:16.761407 139549175428672 atomicity.py:790] [process=0][thread=async_save] Finished saving checkpoint (finalized tmp dir) to `/autodl-fs/data/fundiff/burgers/diffusion/FAE_use_pde_True/ckpt/17550`.
I0121 08:06:16.762268 139549175428672 async_checkpointer.py:420] Finished async_save (blocking + background). Time taken: 2.716770s. directory=/autodl-fs/data/fundiff/burgers/diffusion/FAE_use_pde_True/ckpt/17550
I0121 08:06:16.762486 139549175428672 async_checkpointer.py:144] [process=0][thread=async_save] Background save thread done. Time taken: 2.144417s.
I0121 08:06:16.763078 139549167035968 async_checkpointer.py:273] [process=0][thread=save_finalize] Done with waiting for background save thread=async_save.
I0121 08:06:16.763485 139549167035968 async_checkpointer.py:283] [process=0][thread=save_finalize] No errors found in background save thread=async_save.
I0121 08:06:16.802237 139549167035968 deleter.py:273] Deleted step 16650.
I0121 08:06:16.802530 139549167035968 checkpoint_manager.py:2133] [process=0][thread=save_finalize][step=17550] CheckpointManager Save Finalize is syncing with other hosts...
I0121 08:06:16.802863 139549167035968 checkpoint_manager.py:2142] [process=0][thread=save_finalize][step=17550] CheckpointManager Save Finalize is done on all hosts.
step: 18000,  loss data: 7.248e-04, loss res: 5.451e-03, time: 1.290e+02
Epoch 40, getting batches from DataLoader...
step: 18450,  loss data: 8.066e-04, loss res: 2.824e-03, time: 1.288e+02
I0121 08:10:32.514015 139627771470912 checkpoint_manager.py:2013] [process=0][thread=MainThread][wait_until_finished] No Save Finalize thread to wait for. Returning.
I0121 08:10:32.515226 139627771470912 checkpoint_manager.py:1518] [process=0] Saving checkpoint at step 18450
I0121 08:10:32.516020 139627771470912 async_checkpointer.py:452] [process=0] Started async saving checkpoint to /autodl-fs/data/fundiff/burgers/diffusion/FAE_use_pde_True/ckpt/18450.
I0121 08:10:32.535961 139547430082112 atomicity.py:137] Creating tmp directory /autodl-fs/data/fundiff/burgers/diffusion/FAE_use_pde_True/ckpt/18450.orbax-checkpoint-tmp
I0121 08:10:32.598436 139546415056448 atomicity.py:137] Creating tmp directory /autodl-fs/data/fundiff/burgers/diffusion/FAE_use_pde_True/ckpt/18450.orbax-checkpoint-tmp/default.orbax-checkpoint-tmp
I0121 08:10:32.622295 139627771470912 jax_array_handlers.py:357] Scheduling D2H of 774 prioritized jax.Array.
I0121 08:10:32.622840 139627771470912 replica_slices.py:424] Transferring arrays to host memory with options: use_replica_parallel=True, min_slice_bytes_for_replica_parallel=None, max_replicas_for_replica_parallel=None, enable_pinned_host_transfer=True
I0121 08:10:32.958504 139627771470912 base_pytree_checkpoint_handler.py:151] [process=0][thread=MainThread] Initiated "orbax.checkpoint._src.serialization.jax_array_handlers.ArrayHandler".serialize. Time taken: 0.338619s
I0121 08:10:32.981626 139627771470912 base_pytree_checkpoint_handler.py:128] [process=0] /jax/checkpoint/write/blocking_gbytes_per_sec: 187.117 MiB/s (total gbytes: 85.5 MiB) (time elapsed: 457 milliseconds) (per-host)
I0121 08:10:32.982035 139627771470912 base_pytree_checkpoint_handler.py:730] [process=0][thread=MainThread] Initiated Pytree async_save. Time taken: 0.457571s (batch_requests_ready=0.053433s, total_serialization_initiated=0.391861s, others=0.012276s)
I0121 08:10:32.995064 139627771470912 composite_checkpoint_handler.py:715] [process=0][thread=MainThread] Initiated CompositeCheckpointHandler.async_save. Time taken: 0.476067s (all_items=0.000018s, per_item={'default': '0.00001836'}, temp_paths=0.476048)
I0121 08:10:33.063545 139550500304448 async_checkpointer.py:79] [process=0][thread=async_save] Background save thread started.
I0121 08:10:33.063930 139627771470912 async_checkpointer.py:561] Finished blocking save. Time taken: 0.548450s. Continuing background save to /autodl-fs/data/fundiff/burgers/diffusion/FAE_use_pde_True/ckpt/18450.
I0121 08:10:33.065847 139627771470912 checkpoint_manager.py:1566] [process=0][thread=MainThread][step=18450] Starting CheckpointManager Save Finalize thread=save_finalize
I0121 08:10:33.071758 139549175428672 async_checkpointer.py:265] [process=0][thread=save_finalize] Waiting for background save thread=async_save.
I0121 08:10:33.073692 139627771470912 standard_logger.py:34] {'step': Array(18450, dtype=int32), 'event_type': 'save', 'directory': '/autodl-fs/data/fundiff/burgers/diffusion/FAE_use_pde_True/ckpt', 'reached_preemption': False, 'preemption_received_at': None, 'synchronous': False, 'wait_for_prev_start_time': 1768954232.513957, 'wait_for_prev_duration_secs': 0.0003228187561035156, 'time_between_consecutive_saves_sec': 255.71086597442627, 'checkpointer_blocking_start_time': 1768954232.5154445, 'checkpointer_blocking_duration_secs': 0.5501739978790283, 'get_old_steps_start_time': 1768954233.0656645, 'get_old_steps_duration_secs': 0.00010013580322265625, 'checkpoint_manager_blocking_start_time': 1768954232.5133905, 'checkpoint_manager_blocking_duration_secs': 0.5596015453338623}
